[0.005s] Invoking command in '/home/ubuntu/ws/uestc-26rc-vision/build/base': AMENT_PREFIX_PATH=/home/ubuntu/ws/uestc-26rc-vision/install/serial:${AMENT_PREFIX_PATH} CMAKE_PREFIX_PATH=/home/ubuntu/ws/uestc-26rc-vision/install/serial:/opt/ros/jazzy/opt/gz_math_vendor:/opt/ros/jazzy/opt/gz_utils_vendor:/opt/ros/jazzy/opt/gz_cmake_vendor:/opt/ros/jazzy DEBUGINFOD_URLS=https://debuginfod.ubuntu.com LD_LIBRARY_PATH=/home/ubuntu/ws/uestc-26rc-vision/install/serial/lib:${LD_LIBRARY_PATH} /usr/bin/cmake /home/ubuntu/ws/uestc-26rc-vision/ros2_ws/src/base -DCMAKE_INSTALL_PREFIX=/home/ubuntu/ws/uestc-26rc-vision/install/base
[0.040s] -- The C compiler identification is GNU 13.3.0
[0.079s] -- The CXX compiler identification is GNU 13.3.0
[0.090s] -- Detecting C compiler ABI info
[0.162s] -- Detecting C compiler ABI info - done
[0.170s] -- Check for working C compiler: /usr/bin/cc - skipped
[0.170s] -- Detecting C compile features
[0.171s] -- Detecting C compile features - done
[0.178s] -- Detecting CXX compiler ABI info
[0.246s] -- Detecting CXX compiler ABI info - done
[0.252s] -- Check for working CXX compiler: /usr/bin/c++ - skipped
[0.252s] -- Detecting CXX compile features
[0.252s] -- Detecting CXX compile features - done
[0.254s] -- Found ament_cmake: 2.5.6 (/opt/ros/jazzy/share/ament_cmake/cmake)
[0.350s] -- Found Python3: /usr/bin/python3 (found version "3.12.3") found components: Interpreter 
[0.420s] -- Found rclcpp: 28.1.21 (/opt/ros/jazzy/share/rclcpp/cmake)
[0.444s] -- Found rosidl_generator_c: 4.6.9 (/opt/ros/jazzy/share/rosidl_generator_c/cmake)
[0.453s] -- Found rosidl_generator_cpp: 4.6.9 (/opt/ros/jazzy/share/rosidl_generator_cpp/cmake)
[0.464s] -- Using all available rosidl_typesupport_c: rosidl_typesupport_fastrtps_c;rosidl_typesupport_introspection_c
[0.476s] -- Using all available rosidl_typesupport_cpp: rosidl_typesupport_fastrtps_cpp;rosidl_typesupport_introspection_cpp
[0.531s] -- Found rmw_implementation_cmake: 7.3.3 (/opt/ros/jazzy/share/rmw_implementation_cmake/cmake)
[0.533s] -- Found rmw_fastrtps_cpp: 8.4.4 (/opt/ros/jazzy/share/rmw_fastrtps_cpp/cmake)
[0.582s] -- Found OpenSSL: /usr/lib/x86_64-linux-gnu/libcrypto.so (found version "3.0.13")  
[0.595s] -- Found FastRTPS: /opt/ros/jazzy/include (Required is at least version "2.13") 
[0.613s] -- Using RMW implementation 'rmw_fastrtps_cpp' as default
[0.673s] -- Found geometry_msgs: 5.3.8 (/opt/ros/jazzy/share/geometry_msgs/cmake)
[0.697s] -- Found serial: 1.2.1 (/home/ubuntu/ws/uestc-26rc-vision/install/serial/share/serial/cmake)
[0.757s] -- Configuring done (0.7s)
[0.764s] -- Generating done (0.0s)
[0.766s] -- Build files have been written to: /home/ubuntu/ws/uestc-26rc-vision/build/base
[0.773s] Invoked command in '/home/ubuntu/ws/uestc-26rc-vision/build/base' returned '0': AMENT_PREFIX_PATH=/home/ubuntu/ws/uestc-26rc-vision/install/serial:${AMENT_PREFIX_PATH} CMAKE_PREFIX_PATH=/home/ubuntu/ws/uestc-26rc-vision/install/serial:/opt/ros/jazzy/opt/gz_math_vendor:/opt/ros/jazzy/opt/gz_utils_vendor:/opt/ros/jazzy/opt/gz_cmake_vendor:/opt/ros/jazzy DEBUGINFOD_URLS=https://debuginfod.ubuntu.com LD_LIBRARY_PATH=/home/ubuntu/ws/uestc-26rc-vision/install/serial/lib:${LD_LIBRARY_PATH} /usr/bin/cmake /home/ubuntu/ws/uestc-26rc-vision/ros2_ws/src/base -DCMAKE_INSTALL_PREFIX=/home/ubuntu/ws/uestc-26rc-vision/install/base
[0.774s] Invoking command in '/home/ubuntu/ws/uestc-26rc-vision/build/base': AMENT_PREFIX_PATH=/home/ubuntu/ws/uestc-26rc-vision/install/serial:${AMENT_PREFIX_PATH} CMAKE_PREFIX_PATH=/home/ubuntu/ws/uestc-26rc-vision/install/serial:/opt/ros/jazzy/opt/gz_math_vendor:/opt/ros/jazzy/opt/gz_utils_vendor:/opt/ros/jazzy/opt/gz_cmake_vendor:/opt/ros/jazzy DEBUGINFOD_URLS=https://debuginfod.ubuntu.com LD_LIBRARY_PATH=/home/ubuntu/ws/uestc-26rc-vision/install/serial/lib:${LD_LIBRARY_PATH} /usr/bin/cmake --build /home/ubuntu/ws/uestc-26rc-vision/build/base -- -j8 -l8
[0.808s] [ 50%] [32mBuilding CXX object CMakeFiles/base_node.dir/src/base.cpp.o[0m
[5.719s] [100%] [32m[1mLinking CXX executable base_node[0m
[5.895s] [100%] Built target base_node
[5.913s] Invoked command in '/home/ubuntu/ws/uestc-26rc-vision/build/base' returned '0': AMENT_PREFIX_PATH=/home/ubuntu/ws/uestc-26rc-vision/install/serial:${AMENT_PREFIX_PATH} CMAKE_PREFIX_PATH=/home/ubuntu/ws/uestc-26rc-vision/install/serial:/opt/ros/jazzy/opt/gz_math_vendor:/opt/ros/jazzy/opt/gz_utils_vendor:/opt/ros/jazzy/opt/gz_cmake_vendor:/opt/ros/jazzy DEBUGINFOD_URLS=https://debuginfod.ubuntu.com LD_LIBRARY_PATH=/home/ubuntu/ws/uestc-26rc-vision/install/serial/lib:${LD_LIBRARY_PATH} /usr/bin/cmake --build /home/ubuntu/ws/uestc-26rc-vision/build/base -- -j8 -l8
[5.914s] Invoking command in '/home/ubuntu/ws/uestc-26rc-vision/build/base': AMENT_PREFIX_PATH=/home/ubuntu/ws/uestc-26rc-vision/install/serial:${AMENT_PREFIX_PATH} CMAKE_PREFIX_PATH=/home/ubuntu/ws/uestc-26rc-vision/install/serial:/opt/ros/jazzy/opt/gz_math_vendor:/opt/ros/jazzy/opt/gz_utils_vendor:/opt/ros/jazzy/opt/gz_cmake_vendor:/opt/ros/jazzy DEBUGINFOD_URLS=https://debuginfod.ubuntu.com LD_LIBRARY_PATH=/home/ubuntu/ws/uestc-26rc-vision/install/serial/lib:${LD_LIBRARY_PATH} /usr/bin/cmake --install /home/ubuntu/ws/uestc-26rc-vision/build/base
[5.919s] -- Install configuration: ""
[5.919s] -- Installing: /home/ubuntu/ws/uestc-26rc-vision/install/base/lib/base/base_node
[5.921s] -- Set non-toolchain portion of runtime path of "/home/ubuntu/ws/uestc-26rc-vision/install/base/lib/base/base_node" to ""
[5.921s] -- Installing: /home/ubuntu/ws/uestc-26rc-vision/install/base/share/ament_index/resource_index/package_run_dependencies/base
[5.921s] -- Installing: /home/ubuntu/ws/uestc-26rc-vision/install/base/share/ament_index/resource_index/parent_prefix_path/base
[5.921s] -- Installing: /home/ubuntu/ws/uestc-26rc-vision/install/base/share/base/environment/ament_prefix_path.sh
[5.921s] -- Installing: /home/ubuntu/ws/uestc-26rc-vision/install/base/share/base/environment/ament_prefix_path.dsv
[5.921s] -- Installing: /home/ubuntu/ws/uestc-26rc-vision/install/base/share/base/environment/path.sh
[5.921s] -- Installing: /home/ubuntu/ws/uestc-26rc-vision/install/base/share/base/environment/path.dsv
[5.921s] -- Installing: /home/ubuntu/ws/uestc-26rc-vision/install/base/share/base/local_setup.bash
[5.921s] -- Installing: /home/ubuntu/ws/uestc-26rc-vision/install/base/share/base/local_setup.sh
[5.921s] -- Installing: /home/ubuntu/ws/uestc-26rc-vision/install/base/share/base/local_setup.zsh
[5.922s] -- Installing: /home/ubuntu/ws/uestc-26rc-vision/install/base/share/base/local_setup.dsv
[5.922s] -- Installing: /home/ubuntu/ws/uestc-26rc-vision/install/base/share/base/package.dsv
[5.922s] -- Installing: /home/ubuntu/ws/uestc-26rc-vision/install/base/share/ament_index/resource_index/packages/base
[5.922s] -- Installing: /home/ubuntu/ws/uestc-26rc-vision/install/base/share/base/cmake/baseConfig.cmake
[5.922s] -- Installing: /home/ubuntu/ws/uestc-26rc-vision/install/base/share/base/cmake/baseConfig-version.cmake
[5.922s] -- Installing: /home/ubuntu/ws/uestc-26rc-vision/install/base/share/base/package.xml
[5.923s] Invoked command in '/home/ubuntu/ws/uestc-26rc-vision/build/base' returned '0': AMENT_PREFIX_PATH=/home/ubuntu/ws/uestc-26rc-vision/install/serial:${AMENT_PREFIX_PATH} CMAKE_PREFIX_PATH=/home/ubuntu/ws/uestc-26rc-vision/install/serial:/opt/ros/jazzy/opt/gz_math_vendor:/opt/ros/jazzy/opt/gz_utils_vendor:/opt/ros/jazzy/opt/gz_cmake_vendor:/opt/ros/jazzy DEBUGINFOD_URLS=https://debuginfod.ubuntu.com LD_LIBRARY_PATH=/home/ubuntu/ws/uestc-26rc-vision/install/serial/lib:${LD_LIBRARY_PATH} /usr/bin/cmake --install /home/ubuntu/ws/uestc-26rc-vision/build/base
