[0.007s] Invoking command in '/home/ubuntu/ws/uestc-26rc-vision/ros2_ws/build/base': CMAKE_PREFIX_PATH=/home/ubuntu/ws/uestc-26rc-vision/ros2_ws/install/serial:/home/ubuntu/ws/uestc-26rc-vision/ros2_ws/install/base:/opt/ros/jazzy/opt/gz_math_vendor:/opt/ros/jazzy/opt/gz_utils_vendor:/opt/ros/jazzy/opt/gz_cmake_vendor:/opt/ros/jazzy DEBUGINFOD_URLS=https://debuginfod.ubuntu.com /usr/bin/cmake --build /home/ubuntu/ws/uestc-26rc-vision/ros2_ws/build/base -- -j8 -l8
[0.047s] [ 25%] Building CXX object CMakeFiles/base_node.dir/src/base.cpp.o
[6.150s] [ 50%] Linking CXX executable base_node
[6.370s] [100%] Built target base_node
[6.377s] Invoked command in '/home/ubuntu/ws/uestc-26rc-vision/ros2_ws/build/base' returned '0': CMAKE_PREFIX_PATH=/home/ubuntu/ws/uestc-26rc-vision/ros2_ws/install/serial:/home/ubuntu/ws/uestc-26rc-vision/ros2_ws/install/base:/opt/ros/jazzy/opt/gz_math_vendor:/opt/ros/jazzy/opt/gz_utils_vendor:/opt/ros/jazzy/opt/gz_cmake_vendor:/opt/ros/jazzy DEBUGINFOD_URLS=https://debuginfod.ubuntu.com /usr/bin/cmake --build /home/ubuntu/ws/uestc-26rc-vision/ros2_ws/build/base -- -j8 -l8
[6.383s] Invoking command in '/home/ubuntu/ws/uestc-26rc-vision/ros2_ws/build/base': CMAKE_PREFIX_PATH=/home/ubuntu/ws/uestc-26rc-vision/ros2_ws/install/serial:/home/ubuntu/ws/uestc-26rc-vision/ros2_ws/install/base:/opt/ros/jazzy/opt/gz_math_vendor:/opt/ros/jazzy/opt/gz_utils_vendor:/opt/ros/jazzy/opt/gz_cmake_vendor:/opt/ros/jazzy DEBUGINFOD_URLS=https://debuginfod.ubuntu.com /usr/bin/cmake --install /home/ubuntu/ws/uestc-26rc-vision/ros2_ws/build/base
[6.387s] -- Install configuration: ""
[6.387s] -- Installing: /home/ubuntu/ws/uestc-26rc-vision/ros2_ws/install/base/lib/base/base_node
[6.391s] -- Set non-toolchain portion of runtime path of "/home/ubuntu/ws/uestc-26rc-vision/ros2_ws/install/base/lib/base/base_node" to ""
[6.391s] -- Up-to-date: /home/ubuntu/ws/uestc-26rc-vision/ros2_ws/install/base/share/ament_index/resource_index/package_run_dependencies/base
[6.391s] -- Up-to-date: /home/ubuntu/ws/uestc-26rc-vision/ros2_ws/install/base/share/ament_index/resource_index/parent_prefix_path/base
[6.391s] -- Up-to-date: /home/ubuntu/ws/uestc-26rc-vision/ros2_ws/install/base/share/base/environment/ament_prefix_path.sh
[6.391s] -- Up-to-date: /home/ubuntu/ws/uestc-26rc-vision/ros2_ws/install/base/share/base/environment/ament_prefix_path.dsv
[6.391s] -- Up-to-date: /home/ubuntu/ws/uestc-26rc-vision/ros2_ws/install/base/share/base/environment/path.sh
[6.392s] -- Up-to-date: /home/ubuntu/ws/uestc-26rc-vision/ros2_ws/install/base/share/base/environment/path.dsv
[6.392s] -- Up-to-date: /home/ubuntu/ws/uestc-26rc-vision/ros2_ws/install/base/share/base/local_setup.bash
[6.392s] -- Up-to-date: /home/ubuntu/ws/uestc-26rc-vision/ros2_ws/install/base/share/base/local_setup.sh
[6.392s] -- Up-to-date: /home/ubuntu/ws/uestc-26rc-vision/ros2_ws/install/base/share/base/local_setup.zsh
[6.392s] -- Up-to-date: /home/ubuntu/ws/uestc-26rc-vision/ros2_ws/install/base/share/base/local_setup.dsv
[6.392s] -- Installing: /home/ubuntu/ws/uestc-26rc-vision/ros2_ws/install/base/share/base/package.dsv
[6.392s] -- Up-to-date: /home/ubuntu/ws/uestc-26rc-vision/ros2_ws/install/base/share/ament_index/resource_index/packages/base
[6.392s] -- Up-to-date: /home/ubuntu/ws/uestc-26rc-vision/ros2_ws/install/base/share/base/cmake/baseConfig.cmake
[6.392s] -- Up-to-date: /home/ubuntu/ws/uestc-26rc-vision/ros2_ws/install/base/share/base/cmake/baseConfig-version.cmake
[6.392s] -- Up-to-date: /home/ubuntu/ws/uestc-26rc-vision/ros2_ws/install/base/share/base/package.xml
[6.392s] Invoked command in '/home/ubuntu/ws/uestc-26rc-vision/ros2_ws/build/base' returned '0': CMAKE_PREFIX_PATH=/home/ubuntu/ws/uestc-26rc-vision/ros2_ws/install/serial:/home/ubuntu/ws/uestc-26rc-vision/ros2_ws/install/base:/opt/ros/jazzy/opt/gz_math_vendor:/opt/ros/jazzy/opt/gz_utils_vendor:/opt/ros/jazzy/opt/gz_cmake_vendor:/opt/ros/jazzy DEBUGINFOD_URLS=https://debuginfod.ubuntu.com /usr/bin/cmake --install /home/ubuntu/ws/uestc-26rc-vision/ros2_ws/build/base
