[-1786780646993593600.000s] DEBUG:colcon:Command line arguments: ['/usr/bin/colcon', 'build', '--packages-select', 'base']
[-1786780646993593600.000s] DEBUG:colcon:Parsed command line arguments: Namespace(log_base=None, log_level=None, verb_name='build', build_base='build', install_base='install', merge_install=False, symlink_install=False, test_result_base=None, continue_on_error=False, executor='parallel', parallel_workers=12, event_handlers=None, ignore_user_meta=False, metas=['./colcon.meta'], base_paths=['.'], packages_ignore=None, packages_ignore_regex=None, paths=None, packages_up_to=None, packages_up_to_regex=None, packages_above=None, packages_above_and_dependencies=None, packages_above_depth=None, packages_select_by_dep=None, packages_skip_by_dep=None, packages_skip_up_to=None, packages_select_build_failed=False, packages_skip_build_finished=False, packages_select_test_failures=False, packages_skip_test_passed=False, packages_select=['base'], packages_skip=None, packages_select_regex=None, packages_skip_regex=None, packages_start=None, packages_end=None, allow_overriding=[], cmake_args=None, cmake_target=None, cmake_target_skip_unavailable=False, cmake_clean_cache=False, cmake_clean_first=False, cmake_force_configure=False, ament_cmake_args=None, catkin_cmake_args=None, catkin_skip_building_tests=False, verb_parser=<colcon_defaults.argument_parser.defaults.DefaultArgumentsDecorator object at 0x795ba40d39d0>, verb_extension=<colcon_core.verb.build.BuildVerb object at 0x795ba406b230>, main=<bound method BuildVerb.main of <colcon_core.verb.build.BuildVerb object at 0x795ba406b230>>)
[-1786780646993593600.000s] Level 1:colcon.colcon_core.package_discovery:discover_packages(colcon_meta) check parameters
[-1786780646993593600.000s] Level 1:colcon.colcon_core.package_discovery:discover_packages(recursive) check parameters
[-1786780646993593600.000s] Level 1:colcon.colcon_core.package_discovery:discover_packages(ignore) check parameters
[-1786780646993593600.000s] Level 1:colcon.colcon_core.package_discovery:discover_packages(path) check parameters
[-1786780646993593600.000s] Level 1:colcon.colcon_core.package_discovery:discover_packages(colcon_meta) discover
[-1786780646993593600.000s] Level 1:colcon.colcon_core.package_discovery:discover_packages(recursive) discover
[-1786780646993593600.000s] INFO:colcon.colcon_core.package_discovery:Crawling recursively for packages in '/run/media/lw3/新加卷/Emb_Sys/projects/26rcteam1/vision/ros2_ws'
[-1786780646993593600.000s] Level 1:colcon.colcon_core.package_identification:_identify(.) by extensions ['ignore', 'ignore_ament_install']
[-1786780646993593600.000s] Level 1:colcon.colcon_core.package_identification:_identify(.) by extension 'ignore'
[-1786780646993593600.000s] Level 1:colcon.colcon_core.package_identification:_identify(.) by extension 'ignore_ament_install'
[-1786780646993593600.000s] Level 1:colcon.colcon_core.package_identification:_identify(.) by extensions ['colcon_pkg']
[-1786780646993593600.000s] Level 1:colcon.colcon_core.package_identification:_identify(.) by extension 'colcon_pkg'
[-1786780646993593600.000s] Level 1:colcon.colcon_core.package_identification:_identify(.) by extensions ['colcon_meta']
[-1786780646993593600.000s] Level 1:colcon.colcon_core.package_identification:_identify(.) by extension 'colcon_meta'
[-1786780646993593600.000s] Level 1:colcon.colcon_core.package_identification:_identify(.) by extensions ['ros']
[-1786780646993593600.000s] Level 1:colcon.colcon_core.package_identification:_identify(.) by extension 'ros'
[-1786780646993593600.000s] Level 1:colcon.colcon_core.package_identification:_identify(.) by extensions ['cmake', 'python']
[-1786780646993593600.000s] Level 1:colcon.colcon_core.package_identification:_identify(.) by extension 'cmake'
[-1786780646993593600.000s] Level 1:colcon.colcon_core.package_identification:_identify(.) by extension 'python'
[-1786780646993593600.000s] Level 1:colcon.colcon_core.package_identification:_identify(.) by extensions ['python_setup_py']
[-1786780646993593600.000s] Level 1:colcon.colcon_core.package_identification:_identify(.) by extension 'python_setup_py'
[-1786780646993593600.000s] Level 1:colcon.colcon_core.package_identification:_identify(build) by extensions ['ignore', 'ignore_ament_install']
[-1786780646993593600.000s] Level 1:colcon.colcon_core.package_identification:_identify(build) by extension 'ignore'
[-1786780646993593600.000s] Level 1:colcon.colcon_core.package_identification:_identify(build) ignored
[-1786780646993593600.000s] Level 1:colcon.colcon_core.package_identification:_identify(install) by extensions ['ignore', 'ignore_ament_install']
[-1786780646993593600.000s] Level 1:colcon.colcon_core.package_identification:_identify(install) by extension 'ignore'
[-1786780646993593600.000s] Level 1:colcon.colcon_core.package_identification:_identify(install) ignored
[-1786780646993593600.000s] Level 1:colcon.colcon_core.package_identification:_identify(log) by extensions ['ignore', 'ignore_ament_install']
[-1786780646993593600.000s] Level 1:colcon.colcon_core.package_identification:_identify(log) by extension 'ignore'
[-1786780646993593600.000s] Level 1:colcon.colcon_core.package_identification:_identify(log) ignored
[-1786780646993593600.000s] Level 1:colcon.colcon_core.package_identification:_identify(src) by extensions ['ignore', 'ignore_ament_install']
[-1786780646993593600.000s] Level 1:colcon.colcon_core.package_identification:_identify(src) by extension 'ignore'
[-1786780646993593600.000s] Level 1:colcon.colcon_core.package_identification:_identify(src) by extension 'ignore_ament_install'
[-1786780646993593600.000s] Level 1:colcon.colcon_core.package_identification:_identify(src) by extensions ['colcon_pkg']
[-1786780646993593600.000s] Level 1:colcon.colcon_core.package_identification:_identify(src) by extension 'colcon_pkg'
[-1786780646993593600.000s] Level 1:colcon.colcon_core.package_identification:_identify(src) by extensions ['colcon_meta']
[-1786780646993593600.000s] Level 1:colcon.colcon_core.package_identification:_identify(src) by extension 'colcon_meta'
[-1786780646993593600.000s] Level 1:colcon.colcon_core.package_identification:_identify(src) by extensions ['ros']
[-1786780646993593600.000s] Level 1:colcon.colcon_core.package_identification:_identify(src) by extension 'ros'
[-1786780646993593600.000s] Level 1:colcon.colcon_core.package_identification:_identify(src) by extensions ['cmake', 'python']
[-1786780646993593600.000s] Level 1:colcon.colcon_core.package_identification:_identify(src) by extension 'cmake'
[-1786780646993593600.000s] Level 1:colcon.colcon_core.package_identification:_identify(src) by extension 'python'
[-1786780646993593600.000s] Level 1:colcon.colcon_core.package_identification:_identify(src) by extensions ['python_setup_py']
[-1786780646993593600.000s] Level 1:colcon.colcon_core.package_identification:_identify(src) by extension 'python_setup_py'
[-1786780646993593600.000s] Level 1:colcon.colcon_core.package_identification:_identify(src/base) by extensions ['ignore', 'ignore_ament_install']
[-1786780646993593600.000s] Level 1:colcon.colcon_core.package_identification:_identify(src/base) by extension 'ignore'
[-1786780646993593600.000s] Level 1:colcon.colcon_core.package_identification:_identify(src/base) by extension 'ignore_ament_install'
[-1786780646993593600.000s] Level 1:colcon.colcon_core.package_identification:_identify(src/base) by extensions ['colcon_pkg']
[-1786780646993593600.000s] Level 1:colcon.colcon_core.package_identification:_identify(src/base) by extension 'colcon_pkg'
[-1786780646993593600.000s] Level 1:colcon.colcon_core.package_identification:_identify(src/base) by extensions ['colcon_meta']
[-1786780646993593600.000s] Level 1:colcon.colcon_core.package_identification:_identify(src/base) by extension 'colcon_meta'
[-1786780646993593600.000s] Level 1:colcon.colcon_core.package_identification:_identify(src/base) by extensions ['ros']
[-1786780646993593600.000s] Level 1:colcon.colcon_core.package_identification:_identify(src/base) by extension 'ros'
[-1786780646993593600.000s] DEBUG:colcon.colcon_core.package_identification:Package 'src/base' with type 'ros.ament_cmake' and name 'base'
[-1786780646993593600.000s] Level 1:colcon.colcon_core.package_identification:_identify(src/serial) by extensions ['ignore', 'ignore_ament_install']
[-1786780646993593600.000s] Level 1:colcon.colcon_core.package_identification:_identify(src/serial) by extension 'ignore'
[-1786780646993593600.000s] Level 1:colcon.colcon_core.package_identification:_identify(src/serial) by extension 'ignore_ament_install'
[-1786780646993593600.000s] Level 1:colcon.colcon_core.package_identification:_identify(src/serial) by extensions ['colcon_pkg']
[-1786780646993593600.000s] Level 1:colcon.colcon_core.package_identification:_identify(src/serial) by extension 'colcon_pkg'
[-1786780646993593600.000s] Level 1:colcon.colcon_core.package_identification:_identify(src/serial) by extensions ['colcon_meta']
[-1786780646993593600.000s] Level 1:colcon.colcon_core.package_identification:_identify(src/serial) by extension 'colcon_meta'
[-1786780646993593600.000s] Level 1:colcon.colcon_core.package_identification:_identify(src/serial) by extensions ['ros']
[-1786780646993593600.000s] Level 1:colcon.colcon_core.package_identification:_identify(src/serial) by extension 'ros'
[-1786780646993593600.000s] DEBUG:colcon.colcon_core.package_identification:Package 'src/serial' with type 'ros.ament_cmake' and name 'serial'
[-1786780646993593600.000s] Level 1:colcon.colcon_core.package_discovery:discover_packages(recursive) using defaults
[-1786780646993593600.000s] Level 1:colcon.colcon_core.package_discovery:discover_packages(ignore) discover
[-1786780646993593600.000s] Level 1:colcon.colcon_core.package_discovery:discover_packages(ignore) using defaults
[-1786780646993593600.000s] Level 1:colcon.colcon_core.package_discovery:discover_packages(path) discover
[-1786780646993593600.000s] Level 1:colcon.colcon_core.package_discovery:discover_packages(path) using defaults
[-1786780646993593600.000s] INFO:colcon.colcon_core.package_selection:Skipping not selected package 'serial' in 'src/serial'
[-1786780646993593600.000s] Level 1:colcon.colcon_core.package_discovery:discover_packages(prefix_path) check parameters
[-1786780646993593600.000s] Level 1:colcon.colcon_core.package_discovery:discover_packages(prefix_path) discover
[-1786780646993593600.000s] DEBUG:colcon.colcon_installed_package_information.package_discovery:Found 287 installed packages in /opt/ros/lyrical
[-1786780646993593600.000s] Level 1:colcon.colcon_core.package_discovery:discover_packages(prefix_path) using defaults
[-1786780646993593600.000s] Level 5:colcon.colcon_core.verb:set package 'base' build argument 'cmake_args' from command line to 'None'
[-1786780646993593600.000s] Level 5:colcon.colcon_core.verb:set package 'base' build argument 'cmake_target' from command line to 'None'
[-1786780646993593600.000s] Level 5:colcon.colcon_core.verb:set package 'base' build argument 'cmake_target_skip_unavailable' from command line to 'False'
[-1786780646993593600.000s] Level 5:colcon.colcon_core.verb:set package 'base' build argument 'cmake_clean_cache' from command line to 'False'
[-1786780646993593600.000s] Level 5:colcon.colcon_core.verb:set package 'base' build argument 'cmake_clean_first' from command line to 'False'
[-1786780646993593600.000s] Level 5:colcon.colcon_core.verb:set package 'base' build argument 'cmake_force_configure' from command line to 'False'
[-1786780646993593600.000s] Level 5:colcon.colcon_core.verb:set package 'base' build argument 'ament_cmake_args' from command line to 'None'
[-1786780646993593600.000s] Level 5:colcon.colcon_core.verb:set package 'base' build argument 'catkin_cmake_args' from command line to 'None'
[-1786780646993593600.000s] Level 5:colcon.colcon_core.verb:set package 'base' build argument 'catkin_skip_building_tests' from command line to 'False'
[-1786780646993593600.000s] DEBUG:colcon.colcon_core.verb:Building package 'base' with the following arguments: {'ament_cmake_args': None, 'build_base': '/run/media/lw3/新加卷/Emb_Sys/projects/26rcteam1/vision/ros2_ws/build/base', 'catkin_cmake_args': None, 'catkin_skip_building_tests': False, 'cmake_args': None, 'cmake_clean_cache': False, 'cmake_clean_first': False, 'cmake_force_configure': False, 'cmake_target': None, 'cmake_target_skip_unavailable': False, 'install_base': '/run/media/lw3/新加卷/Emb_Sys/projects/26rcteam1/vision/ros2_ws/install/base', 'merge_install': False, 'path': '/run/media/lw3/新加卷/Emb_Sys/projects/26rcteam1/vision/ros2_ws/src/base', 'symlink_install': False, 'test_result_base': None}
[-1786780646993593600.000s] INFO:colcon.colcon_core.executor:Executing jobs using 'parallel' executor
[-1786780646993593600.000s] DEBUG:colcon.colcon_parallel_executor.executor.parallel:run_until_complete
[-1786780646993593600.000s] INFO:colcon.colcon_ros.task.ament_cmake.build:Building ROS package in '/run/media/lw3/新加卷/Emb_Sys/projects/26rcteam1/vision/ros2_ws/src/base' with build type 'ament_cmake'
[-1786780646993593600.000s] INFO:colcon.colcon_cmake.task.cmake.build:Building CMake package in '/run/media/lw3/新加卷/Emb_Sys/projects/26rcteam1/vision/ros2_ws/src/base'
[-1786780646993593600.000s] INFO:colcon.colcon_core.plugin_system:Skipping extension 'colcon_core.shell.bat': Not used on non-Windows systems
[-1786780646993593600.000s] INFO:colcon.colcon_core.shell:Skip shell extension 'powershell' for command environment: Not usable outside of PowerShell
[-1786780646993593600.000s] DEBUG:colcon.colcon_core.shell:Skip shell extension 'dsv' for command environment
[-1786780646993593600.000s] DEBUG:colcon.colcon_core.event_handler.log_command:Invoking command in '/run/media/lw3/新加卷/Emb_Sys/projects/26rcteam1/vision/ros2_ws/build/base': AMENT_PREFIX_PATH=/run/media/lw3/新加卷/Emb_Sys/projects/26rcteam1/vision/ros2_ws/install/serial:${AMENT_PREFIX_PATH} CMAKE_PREFIX_PATH=/run/media/lw3/新加卷/Emb_Sys/projects/26rcteam1/vision/ros2_ws/install/serial:/opt/ros/lyrical/opt/gz_math_vendor:/opt/ros/lyrical/opt/gz_utils_vendor:/opt/ros/lyrical/opt/gz_cmake_vendor:/opt/ros/lyrical DEBUGINFOD_URLS=https://debuginfod.ubuntu.com LD_LIBRARY_PATH=/run/media/lw3/新加卷/Emb_Sys/projects/26rcteam1/vision/ros2_ws/install/serial/lib:${LD_LIBRARY_PATH} /usr/bin/cmake /run/media/lw3/新加卷/Emb_Sys/projects/26rcteam1/vision/ros2_ws/src/base -DCMAKE_INSTALL_PREFIX=/run/media/lw3/新加卷/Emb_Sys/projects/26rcteam1/vision/ros2_ws/install/base
[-1786780646993593600.000s] DEBUG:colcon.colcon_core.event_handler.log_command:Invoked command in '/run/media/lw3/新加卷/Emb_Sys/projects/26rcteam1/vision/ros2_ws/build/base' returned '1': AMENT_PREFIX_PATH=/run/media/lw3/新加卷/Emb_Sys/projects/26rcteam1/vision/ros2_ws/install/serial:${AMENT_PREFIX_PATH} CMAKE_PREFIX_PATH=/run/media/lw3/新加卷/Emb_Sys/projects/26rcteam1/vision/ros2_ws/install/serial:/opt/ros/lyrical/opt/gz_math_vendor:/opt/ros/lyrical/opt/gz_utils_vendor:/opt/ros/lyrical/opt/gz_cmake_vendor:/opt/ros/lyrical DEBUGINFOD_URLS=https://debuginfod.ubuntu.com LD_LIBRARY_PATH=/run/media/lw3/新加卷/Emb_Sys/projects/26rcteam1/vision/ros2_ws/install/serial/lib:${LD_LIBRARY_PATH} /usr/bin/cmake /run/media/lw3/新加卷/Emb_Sys/projects/26rcteam1/vision/ros2_ws/src/base -DCMAKE_INSTALL_PREFIX=/run/media/lw3/新加卷/Emb_Sys/projects/26rcteam1/vision/ros2_ws/install/base
[-1786780646993593600.000s] Level 1:colcon.colcon_core.environment:create_environment_scripts_only(base)
[-1786780646993593600.000s] Level 1:colcon.colcon_core.environment:checking '/run/media/lw3/新加卷/Emb_Sys/projects/26rcteam1/vision/ros2_ws/install/base' for CMake module files
[-1786780646993593600.000s] Level 1:colcon.colcon_core.environment:checking '/run/media/lw3/新加卷/Emb_Sys/projects/26rcteam1/vision/ros2_ws/install/base' for CMake config files
[-1786780646993593600.000s] Level 1:colcon.colcon_core.environment:checking '/run/media/lw3/新加卷/Emb_Sys/projects/26rcteam1/vision/ros2_ws/install/base/bin'
[-1786780646993593600.000s] Level 1:colcon.colcon_core.environment:checking '/run/media/lw3/新加卷/Emb_Sys/projects/26rcteam1/vision/ros2_ws/install/base/lib/pkgconfig/base.pc'
[-1786780646993593600.000s] Level 1:colcon.colcon_core.environment:checking '/run/media/lw3/新加卷/Emb_Sys/projects/26rcteam1/vision/ros2_ws/install/base/lib/python3.14/site-packages'
[-1786780646993593600.000s] Level 1:colcon.colcon_core.environment:checking '/run/media/lw3/新加卷/Emb_Sys/projects/26rcteam1/vision/ros2_ws/install/base/bin'
[-1786780646993593600.000s] INFO:colcon.colcon_core.shell:Creating package script '/run/media/lw3/新加卷/Emb_Sys/projects/26rcteam1/vision/ros2_ws/install/base/share/base/package.ps1'
[-1786780646993593600.000s] INFO:colcon.colcon_core.shell:Creating package descriptor '/run/media/lw3/新加卷/Emb_Sys/projects/26rcteam1/vision/ros2_ws/install/base/share/base/package.dsv'
[-1786780646993593600.000s] INFO:colcon.colcon_core.shell:Creating package script '/run/media/lw3/新加卷/Emb_Sys/projects/26rcteam1/vision/ros2_ws/install/base/share/base/package.sh'
[-1786780646993593600.000s] INFO:colcon.colcon_core.shell:Creating package script '/run/media/lw3/新加卷/Emb_Sys/projects/26rcteam1/vision/ros2_ws/install/base/share/base/package.bash'
[-1786780646993593600.000s] INFO:colcon.colcon_core.shell:Creating package script '/run/media/lw3/新加卷/Emb_Sys/projects/26rcteam1/vision/ros2_ws/install/base/share/base/package.zsh'
[-1786780646993593600.000s] Level 1:colcon.colcon_core.environment:create_file_with_runtime_dependencies(/run/media/lw3/新加卷/Emb_Sys/projects/26rcteam1/vision/ros2_ws/install/base/share/colcon-core/packages/base)
[-1786780646993593600.000s] DEBUG:colcon.colcon_parallel_executor.executor.parallel:closing loop
[-1786780646993593600.000s] DEBUG:colcon.colcon_parallel_executor.executor.parallel:loop closed
[-1786780646993593600.000s] DEBUG:colcon.colcon_parallel_executor.executor.parallel:run_until_complete finished with '1'
[-1786780646993593600.000s] DEBUG:colcon.colcon_core.event_reactor:joining thread
[-1786780646993593600.000s] INFO:colcon.colcon_core.plugin_system:Skipping extension 'colcon_notification.desktop_notification.terminal_notifier': Not used on non-Darwin systems
[-1786780646993593600.000s] INFO:colcon.colcon_core.plugin_system:Skipping extension 'colcon_notification.desktop_notification.win32': Not used on non-Windows systems
[-1786780646993593600.000s] INFO:colcon.colcon_notification.desktop_notification:Sending desktop notification using 'notify2'
[-1786780646993593600.000s] DEBUG:colcon.colcon_core.event_reactor:joined thread
[-1786780646993593600.000s] INFO:colcon.colcon_core.shell:Creating prefix script '/run/media/lw3/新加卷/Emb_Sys/projects/26rcteam1/vision/ros2_ws/install/local_setup.ps1'
[-1786780646993593600.000s] INFO:colcon.colcon_core.shell:Creating prefix util module '/run/media/lw3/新加卷/Emb_Sys/projects/26rcteam1/vision/ros2_ws/install/_local_setup_util_ps1.py'
[-1786780646993593600.000s] INFO:colcon.colcon_core.shell:Creating prefix chain script '/run/media/lw3/新加卷/Emb_Sys/projects/26rcteam1/vision/ros2_ws/install/setup.ps1'
[-1786780646993593600.000s] INFO:colcon.colcon_core.shell:Creating prefix script '/run/media/lw3/新加卷/Emb_Sys/projects/26rcteam1/vision/ros2_ws/install/local_setup.sh'
[-1786780646993593600.000s] INFO:colcon.colcon_core.shell:Creating prefix util module '/run/media/lw3/新加卷/Emb_Sys/projects/26rcteam1/vision/ros2_ws/install/_local_setup_util_sh.py'
[-1786780646993593600.000s] INFO:colcon.colcon_core.shell:Creating prefix chain script '/run/media/lw3/新加卷/Emb_Sys/projects/26rcteam1/vision/ros2_ws/install/setup.sh'
[-1786780646993593600.000s] INFO:colcon.colcon_core.shell:Creating prefix script '/run/media/lw3/新加卷/Emb_Sys/projects/26rcteam1/vision/ros2_ws/install/local_setup.bash'
[-1786780646993593600.000s] INFO:colcon.colcon_core.shell:Creating prefix chain script '/run/media/lw3/新加卷/Emb_Sys/projects/26rcteam1/vision/ros2_ws/install/setup.bash'
[-1786780646993593600.000s] INFO:colcon.colcon_core.shell:Creating prefix script '/run/media/lw3/新加卷/Emb_Sys/projects/26rcteam1/vision/ros2_ws/install/local_setup.zsh'
[-1786780646993593600.000s] INFO:colcon.colcon_core.shell:Creating prefix chain script '/run/media/lw3/新加卷/Emb_Sys/projects/26rcteam1/vision/ros2_ws/install/setup.zsh'
