-- The C compiler identification is GNU 13.3.0
-- The CXX compiler identification is GNU 13.3.0
-- Detecting C compiler ABI info
-- Detecting C compiler ABI info - done
-- Check for working C compiler: /usr/bin/cc - skipped
-- Detecting C compile features
-- Detecting C compile features - done
-- Detecting CXX compiler ABI info
-- Detecting CXX compiler ABI info - done
-- Check for working CXX compiler: /usr/bin/c++ - skipped
-- Detecting CXX compile features
-- Detecting CXX compile features - done
-- Found ament_cmake: 2.5.6 (/opt/ros/jazzy/share/ament_cmake/cmake)
-- Found Python3: /usr/bin/python3 (found version "3.12.3") found components: Interpreter 
-- Configuring done (0.4s)
-- Generating done (0.0s)
-- Build files have been written to: /home/ubuntu/ws/uestc-26rc-vision/build/serial
[ 75%] [32mBuilding CXX object CMakeFiles/serial.dir/src/impl/list_ports/list_ports_linux.cc.o[0m
[ 75%] [32mBuilding CXX object CMakeFiles/serial.dir/src/serial.cc.o[0m
[ 75%] [32mBuilding CXX object CMakeFiles/serial.dir/src/impl/unix.cc.o[0m
[100%] [32m[1mLinking CXX static library libserial.a[0m
[100%] Built target serial
-- Install configuration: ""
-- Installing: /home/ubuntu/ws/uestc-26rc-vision/install/serial/share/serial/environment/library_path.sh
-- Installing: /home/ubuntu/ws/uestc-26rc-vision/install/serial/share/serial/environment/library_path.dsv
-- Installing: /home/ubuntu/ws/uestc-26rc-vision/install/serial/lib/libserial.a
-- Installing: /home/ubuntu/ws/uestc-26rc-vision/install/serial/include/serial/serial.h
-- Installing: /home/ubuntu/ws/uestc-26rc-vision/install/serial/include/serial/v8stdint.h
-- Installing: /home/ubuntu/ws/uestc-26rc-vision/install/serial/share/serial/cmake/serial_targets.cmake
-- Installing: /home/ubuntu/ws/uestc-26rc-vision/install/serial/share/serial/cmake/serial_targets-noconfig.cmake
-- Installing: /home/ubuntu/ws/uestc-26rc-vision/install/serial/share/ament_index/resource_index/package_run_dependencies/serial
-- Installing: /home/ubuntu/ws/uestc-26rc-vision/install/serial/share/ament_index/resource_index/parent_prefix_path/serial
-- Installing: /home/ubuntu/ws/uestc-26rc-vision/install/serial/share/serial/environment/ament_prefix_path.sh
-- Installing: /home/ubuntu/ws/uestc-26rc-vision/install/serial/share/serial/environment/ament_prefix_path.dsv
-- Installing: /home/ubuntu/ws/uestc-26rc-vision/install/serial/share/serial/environment/path.sh
-- Installing: /home/ubuntu/ws/uestc-26rc-vision/install/serial/share/serial/environment/path.dsv
-- Installing: /home/ubuntu/ws/uestc-26rc-vision/install/serial/share/serial/local_setup.bash
-- Installing: /home/ubuntu/ws/uestc-26rc-vision/install/serial/share/serial/local_setup.sh
-- Installing: /home/ubuntu/ws/uestc-26rc-vision/install/serial/share/serial/local_setup.zsh
-- Installing: /home/ubuntu/ws/uestc-26rc-vision/install/serial/share/serial/local_setup.dsv
-- Installing: /home/ubuntu/ws/uestc-26rc-vision/install/serial/share/serial/package.dsv
-- Installing: /home/ubuntu/ws/uestc-26rc-vision/install/serial/share/ament_index/resource_index/packages/serial
-- Installing: /home/ubuntu/ws/uestc-26rc-vision/install/serial/share/serial/cmake/serial_targetsExport.cmake
-- Installing: /home/ubuntu/ws/uestc-26rc-vision/install/serial/share/serial/cmake/serial_targetsExport-noconfig.cmake
-- Installing: /home/ubuntu/ws/uestc-26rc-vision/install/serial/share/serial/cmake/ament_cmake_export_include_directories-extras.cmake
-- Installing: /home/ubuntu/ws/uestc-26rc-vision/install/serial/share/serial/cmake/ament_cmake_export_targets-extras.cmake
-- Installing: /home/ubuntu/ws/uestc-26rc-vision/install/serial/share/serial/cmake/serialConfig.cmake
-- Installing: /home/ubuntu/ws/uestc-26rc-vision/install/serial/share/serial/cmake/serialConfig-version.cmake
-- Installing: /home/ubuntu/ws/uestc-26rc-vision/install/serial/share/serial/package.xml
