[0.005s] Invoking command in '/home/ubuntu/ws/uestc-26rc-vision/build/serial': CMAKE_PREFIX_PATH=${CMAKE_PREFIX_PATH}:/opt/ros/jazzy DEBUGINFOD_URLS=https://debuginfod.ubuntu.com /usr/bin/cmake /home/ubuntu/ws/uestc-26rc-vision/ros2_ws/src/serial -DCMAKE_INSTALL_PREFIX=/home/ubuntu/ws/uestc-26rc-vision/install/serial
[0.043s] -- The C compiler identification is GNU 13.3.0
[0.080s] -- The CXX compiler identification is GNU 13.3.0
[0.091s] -- Detecting C compiler ABI info
[0.145s] -- Detecting C compiler ABI info - done
[0.152s] -- Check for working C compiler: /usr/bin/cc - skipped
[0.152s] -- Detecting C compile features
[0.152s] -- Detecting C compile features - done
[0.158s] -- Detecting CXX compiler ABI info
[0.224s] -- Detecting CXX compiler ABI info - done
[0.231s] -- Check for working CXX compiler: /usr/bin/c++ - skipped
[0.231s] -- Detecting CXX compile features
[0.232s] -- Detecting CXX compile features - done
[0.233s] -- Found ament_cmake: 2.5.6 (/opt/ros/jazzy/share/ament_cmake/cmake)
[0.331s] -- Found Python3: /usr/bin/python3 (found version "3.12.3") found components: Interpreter 
[0.457s] -- Configuring done (0.4s)
[0.460s] -- Generating done (0.0s)
[0.462s] -- Build files have been written to: /home/ubuntu/ws/uestc-26rc-vision/build/serial
[0.465s] Invoked command in '/home/ubuntu/ws/uestc-26rc-vision/build/serial' returned '0': CMAKE_PREFIX_PATH=${CMAKE_PREFIX_PATH}:/opt/ros/jazzy DEBUGINFOD_URLS=https://debuginfod.ubuntu.com /usr/bin/cmake /home/ubuntu/ws/uestc-26rc-vision/ros2_ws/src/serial -DCMAKE_INSTALL_PREFIX=/home/ubuntu/ws/uestc-26rc-vision/install/serial
[0.466s] Invoking command in '/home/ubuntu/ws/uestc-26rc-vision/build/serial': CMAKE_PREFIX_PATH=${CMAKE_PREFIX_PATH}:/opt/ros/jazzy DEBUGINFOD_URLS=https://debuginfod.ubuntu.com /usr/bin/cmake --build /home/ubuntu/ws/uestc-26rc-vision/build/serial -- -j8 -l8
[0.496s] [ 75%] [32mBuilding CXX object CMakeFiles/serial.dir/src/impl/list_ports/list_ports_linux.cc.o[0m
[0.496s] [ 75%] [32mBuilding CXX object CMakeFiles/serial.dir/src/serial.cc.o[0m
[0.496s] [ 75%] [32mBuilding CXX object CMakeFiles/serial.dir/src/impl/unix.cc.o[0m
[0.804s] [100%] [32m[1mLinking CXX static library libserial.a[0m
[0.825s] [100%] Built target serial
[0.832s] Invoked command in '/home/ubuntu/ws/uestc-26rc-vision/build/serial' returned '0': CMAKE_PREFIX_PATH=${CMAKE_PREFIX_PATH}:/opt/ros/jazzy DEBUGINFOD_URLS=https://debuginfod.ubuntu.com /usr/bin/cmake --build /home/ubuntu/ws/uestc-26rc-vision/build/serial -- -j8 -l8
[0.839s] Invoking command in '/home/ubuntu/ws/uestc-26rc-vision/build/serial': CMAKE_PREFIX_PATH=${CMAKE_PREFIX_PATH}:/opt/ros/jazzy DEBUGINFOD_URLS=https://debuginfod.ubuntu.com /usr/bin/cmake --install /home/ubuntu/ws/uestc-26rc-vision/build/serial
[0.847s] -- Install configuration: ""
[0.847s] -- Installing: /home/ubuntu/ws/uestc-26rc-vision/install/serial/share/serial/environment/library_path.sh
[0.847s] -- Installing: /home/ubuntu/ws/uestc-26rc-vision/install/serial/share/serial/environment/library_path.dsv
[0.847s] -- Installing: /home/ubuntu/ws/uestc-26rc-vision/install/serial/lib/libserial.a
[0.847s] -- Installing: /home/ubuntu/ws/uestc-26rc-vision/install/serial/include/serial/serial.h
[0.847s] -- Installing: /home/ubuntu/ws/uestc-26rc-vision/install/serial/include/serial/v8stdint.h
[0.847s] -- Installing: /home/ubuntu/ws/uestc-26rc-vision/install/serial/share/serial/cmake/serial_targets.cmake
[0.847s] -- Installing: /home/ubuntu/ws/uestc-26rc-vision/install/serial/share/serial/cmake/serial_targets-noconfig.cmake
[0.848s] -- Installing: /home/ubuntu/ws/uestc-26rc-vision/install/serial/share/ament_index/resource_index/package_run_dependencies/serial
[0.848s] -- Installing: /home/ubuntu/ws/uestc-26rc-vision/install/serial/share/ament_index/resource_index/parent_prefix_path/serial
[0.848s] -- Installing: /home/ubuntu/ws/uestc-26rc-vision/install/serial/share/serial/environment/ament_prefix_path.sh
[0.848s] -- Installing: /home/ubuntu/ws/uestc-26rc-vision/install/serial/share/serial/environment/ament_prefix_path.dsv
[0.848s] -- Installing: /home/ubuntu/ws/uestc-26rc-vision/install/serial/share/serial/environment/path.sh
[0.848s] -- Installing: /home/ubuntu/ws/uestc-26rc-vision/install/serial/share/serial/environment/path.dsv
[0.848s] -- Installing: /home/ubuntu/ws/uestc-26rc-vision/install/serial/share/serial/local_setup.bash
[0.848s] -- Installing: /home/ubuntu/ws/uestc-26rc-vision/install/serial/share/serial/local_setup.sh
[0.848s] -- Installing: /home/ubuntu/ws/uestc-26rc-vision/install/serial/share/serial/local_setup.zsh
[0.848s] -- Installing: /home/ubuntu/ws/uestc-26rc-vision/install/serial/share/serial/local_setup.dsv
[0.848s] -- Installing: /home/ubuntu/ws/uestc-26rc-vision/install/serial/share/serial/package.dsv
[0.848s] -- Installing: /home/ubuntu/ws/uestc-26rc-vision/install/serial/share/ament_index/resource_index/packages/serial
[0.849s] -- Installing: /home/ubuntu/ws/uestc-26rc-vision/install/serial/share/serial/cmake/serial_targetsExport.cmake
[0.849s] -- Installing: /home/ubuntu/ws/uestc-26rc-vision/install/serial/share/serial/cmake/serial_targetsExport-noconfig.cmake
[0.849s] -- Installing: /home/ubuntu/ws/uestc-26rc-vision/install/serial/share/serial/cmake/ament_cmake_export_include_directories-extras.cmake
[0.849s] -- Installing: /home/ubuntu/ws/uestc-26rc-vision/install/serial/share/serial/cmake/ament_cmake_export_targets-extras.cmake
[0.849s] -- Installing: /home/ubuntu/ws/uestc-26rc-vision/install/serial/share/serial/cmake/serialConfig.cmake
[0.849s] -- Installing: /home/ubuntu/ws/uestc-26rc-vision/install/serial/share/serial/cmake/serialConfig-version.cmake
[0.849s] -- Installing: /home/ubuntu/ws/uestc-26rc-vision/install/serial/share/serial/package.xml
[0.850s] Invoked command in '/home/ubuntu/ws/uestc-26rc-vision/build/serial' returned '0': CMAKE_PREFIX_PATH=${CMAKE_PREFIX_PATH}:/opt/ros/jazzy DEBUGINFOD_URLS=https://debuginfod.ubuntu.com /usr/bin/cmake --install /home/ubuntu/ws/uestc-26rc-vision/build/serial
