[0.005s] Invoking command in '/home/ubuntu/ws/uestc-26rc-vision/ros2_ws/build/serial': CMAKE_PREFIX_PATH=${CMAKE_PREFIX_PATH}:/opt/ros/jazzy DEBUGINFOD_URLS=https://debuginfod.ubuntu.com /usr/bin/cmake /home/ubuntu/ws/uestc-26rc-vision/ros2_ws/src/serial -DCMAKE_INSTALL_PREFIX=/home/ubuntu/ws/uestc-26rc-vision/ros2_ws/install/serial
[0.038s] -- The C compiler identification is GNU 13.3.0
[0.077s] -- The CXX compiler identification is GNU 13.3.0
[0.087s] -- Detecting C compiler ABI info
[0.157s] -- Detecting C compiler ABI info - done
[0.163s] -- Check for working C compiler: /usr/bin/cc - skipped
[0.163s] -- Detecting C compile features
[0.163s] -- Detecting C compile features - done
[0.169s] -- Detecting CXX compiler ABI info
[0.234s] -- Detecting CXX compiler ABI info - done
[0.240s] -- Check for working CXX compiler: /usr/bin/c++ - skipped
[0.240s] -- Detecting CXX compile features
[0.241s] -- Detecting CXX compile features - done
[0.242s] -- Found ament_cmake: 2.5.6 (/opt/ros/jazzy/share/ament_cmake/cmake)
[0.340s] -- Found Python3: /usr/bin/python3 (found version "3.12.3") found components: Interpreter 
[0.467s] -- Configuring done (0.5s)
[0.470s] -- Generating done (0.0s)
[0.471s] -- Build files have been written to: /home/ubuntu/ws/uestc-26rc-vision/ros2_ws/build/serial
[0.474s] Invoked command in '/home/ubuntu/ws/uestc-26rc-vision/ros2_ws/build/serial' returned '0': CMAKE_PREFIX_PATH=${CMAKE_PREFIX_PATH}:/opt/ros/jazzy DEBUGINFOD_URLS=https://debuginfod.ubuntu.com /usr/bin/cmake /home/ubuntu/ws/uestc-26rc-vision/ros2_ws/src/serial -DCMAKE_INSTALL_PREFIX=/home/ubuntu/ws/uestc-26rc-vision/ros2_ws/install/serial
[0.475s] Invoking command in '/home/ubuntu/ws/uestc-26rc-vision/ros2_ws/build/serial': CMAKE_PREFIX_PATH=${CMAKE_PREFIX_PATH}:/opt/ros/jazzy DEBUGINFOD_URLS=https://debuginfod.ubuntu.com /usr/bin/cmake --build /home/ubuntu/ws/uestc-26rc-vision/ros2_ws/build/serial -- -j8 -l8
[0.506s] [ 75%] Building CXX object CMakeFiles/serial.dir/src/impl/unix.cc.o
[0.506s] [ 75%] Building CXX object CMakeFiles/serial.dir/src/serial.cc.o
[0.506s] [ 75%] Building CXX object CMakeFiles/serial.dir/src/impl/list_ports/list_ports_linux.cc.o
[0.846s] [100%] Linking CXX static library libserial.a
[0.869s] [100%] Built target serial
[0.878s] Invoked command in '/home/ubuntu/ws/uestc-26rc-vision/ros2_ws/build/serial' returned '0': CMAKE_PREFIX_PATH=${CMAKE_PREFIX_PATH}:/opt/ros/jazzy DEBUGINFOD_URLS=https://debuginfod.ubuntu.com /usr/bin/cmake --build /home/ubuntu/ws/uestc-26rc-vision/ros2_ws/build/serial -- -j8 -l8
[0.884s] Invoking command in '/home/ubuntu/ws/uestc-26rc-vision/ros2_ws/build/serial': CMAKE_PREFIX_PATH=${CMAKE_PREFIX_PATH}:/opt/ros/jazzy DEBUGINFOD_URLS=https://debuginfod.ubuntu.com /usr/bin/cmake --install /home/ubuntu/ws/uestc-26rc-vision/ros2_ws/build/serial
[0.888s] -- Install configuration: ""
[0.888s] -- Installing: /home/ubuntu/ws/uestc-26rc-vision/ros2_ws/install/serial/share/serial/environment/library_path.sh
[0.888s] -- Installing: /home/ubuntu/ws/uestc-26rc-vision/ros2_ws/install/serial/share/serial/environment/library_path.dsv
[0.889s] -- Installing: /home/ubuntu/ws/uestc-26rc-vision/ros2_ws/install/serial/lib/libserial.a
[0.889s] -- Installing: /home/ubuntu/ws/uestc-26rc-vision/ros2_ws/install/serial/include/serial/serial.h
[0.889s] -- Installing: /home/ubuntu/ws/uestc-26rc-vision/ros2_ws/install/serial/include/serial/v8stdint.h
[0.889s] -- Installing: /home/ubuntu/ws/uestc-26rc-vision/ros2_ws/install/serial/share/ament_index/resource_index/package_run_dependencies/serial
[0.889s] -- Installing: /home/ubuntu/ws/uestc-26rc-vision/ros2_ws/install/serial/share/ament_index/resource_index/parent_prefix_path/serial
[0.889s] -- Installing: /home/ubuntu/ws/uestc-26rc-vision/ros2_ws/install/serial/share/serial/environment/ament_prefix_path.sh
[0.889s] -- Installing: /home/ubuntu/ws/uestc-26rc-vision/ros2_ws/install/serial/share/serial/environment/ament_prefix_path.dsv
[0.889s] -- Installing: /home/ubuntu/ws/uestc-26rc-vision/ros2_ws/install/serial/share/serial/environment/path.sh
[0.889s] -- Installing: /home/ubuntu/ws/uestc-26rc-vision/ros2_ws/install/serial/share/serial/environment/path.dsv
[0.889s] -- Installing: /home/ubuntu/ws/uestc-26rc-vision/ros2_ws/install/serial/share/serial/local_setup.bash
[0.890s] -- Installing: /home/ubuntu/ws/uestc-26rc-vision/ros2_ws/install/serial/share/serial/local_setup.sh
[0.890s] -- Installing: /home/ubuntu/ws/uestc-26rc-vision/ros2_ws/install/serial/share/serial/local_setup.zsh
[0.890s] -- Installing: /home/ubuntu/ws/uestc-26rc-vision/ros2_ws/install/serial/share/serial/local_setup.dsv
[0.890s] -- Installing: /home/ubuntu/ws/uestc-26rc-vision/ros2_ws/install/serial/share/serial/package.dsv
[0.890s] -- Installing: /home/ubuntu/ws/uestc-26rc-vision/ros2_ws/install/serial/share/ament_index/resource_index/packages/serial
[0.890s] -- Installing: /home/ubuntu/ws/uestc-26rc-vision/ros2_ws/install/serial/share/serial/cmake/ament_cmake_export_include_directories-extras.cmake
[0.890s] -- Installing: /home/ubuntu/ws/uestc-26rc-vision/ros2_ws/install/serial/share/serial/cmake/ament_cmake_export_libraries-extras.cmake
[0.890s] -- Installing: /home/ubuntu/ws/uestc-26rc-vision/ros2_ws/install/serial/share/serial/cmake/serialConfig.cmake
[0.890s] -- Installing: /home/ubuntu/ws/uestc-26rc-vision/ros2_ws/install/serial/share/serial/cmake/serialConfig-version.cmake
[0.890s] -- Installing: /home/ubuntu/ws/uestc-26rc-vision/ros2_ws/install/serial/share/serial/package.xml
[0.891s] Invoked command in '/home/ubuntu/ws/uestc-26rc-vision/ros2_ws/build/serial' returned '0': CMAKE_PREFIX_PATH=${CMAKE_PREFIX_PATH}:/opt/ros/jazzy DEBUGINFOD_URLS=https://debuginfod.ubuntu.com /usr/bin/cmake --install /home/ubuntu/ws/uestc-26rc-vision/ros2_ws/build/serial
