[0.110s] DEBUG:colcon:Command line arguments: ['/usr/bin/colcon', 'build', '--packages-select', 'base']
[0.110s] DEBUG:colcon:Parsed command line arguments: Namespace(log_base=None, log_level=None, verb_name='build', build_base='build', install_base='install', merge_install=False, symlink_install=False, test_result_base=None, continue_on_error=False, executor='parallel', parallel_workers=8, event_handlers=None, ignore_user_meta=False, metas=['./colcon.meta'], base_paths=['.'], packages_ignore=None, packages_ignore_regex=None, paths=None, packages_up_to=None, packages_up_to_regex=None, packages_above=None, packages_above_and_dependencies=None, packages_above_depth=None, packages_select_by_dep=None, packages_skip_by_dep=None, packages_skip_up_to=None, packages_select_build_failed=False, packages_skip_build_finished=False, packages_select_test_failures=False, packages_skip_test_passed=False, packages_select=['base'], packages_skip=None, packages_select_regex=None, packages_skip_regex=None, packages_start=None, packages_end=None, allow_overriding=[], cmake_args=None, cmake_target=None, cmake_target_skip_unavailable=False, cmake_clean_cache=False, cmake_clean_first=False, cmake_force_configure=False, ament_cmake_args=None, catkin_cmake_args=None, catkin_skip_building_tests=False, verb_parser=<colcon_defaults.argument_parser.defaults.DefaultArgumentsDecorator object at 0x7131d8871040>, verb_extension=<colcon_core.verb.build.BuildVerb object at 0x7131d8870e90>, main=<bound method BuildVerb.main of <colcon_core.verb.build.BuildVerb object at 0x7131d8870e90>>)
[0.143s] Level 1:colcon.colcon_core.package_discovery:discover_packages(colcon_meta) check parameters
[0.143s] Level 1:colcon.colcon_core.package_discovery:discover_packages(recursive) check parameters
[0.143s] Level 1:colcon.colcon_core.package_discovery:discover_packages(ignore) check parameters
[0.143s] Level 1:colcon.colcon_core.package_discovery:discover_packages(path) check parameters
[0.143s] Level 1:colcon.colcon_core.package_discovery:discover_packages(colcon_meta) discover
[0.143s] Level 1:colcon.colcon_core.package_discovery:discover_packages(recursive) discover
[0.143s] INFO:colcon.colcon_core.package_discovery:Crawling recursively for packages in '/home/ubuntu/ws/uestc-26rc-vision/ros2_ws'
[0.143s] Level 1:colcon.colcon_core.package_identification:_identify(.) by extensions ['ignore', 'ignore_ament_install']
[0.144s] Level 1:colcon.colcon_core.package_identification:_identify(.) by extension 'ignore'
[0.144s] Level 1:colcon.colcon_core.package_identification:_identify(.) by extension 'ignore_ament_install'
[0.144s] Level 1:colcon.colcon_core.package_identification:_identify(.) by extensions ['colcon_pkg']
[0.144s] Level 1:colcon.colcon_core.package_identification:_identify(.) by extension 'colcon_pkg'
[0.144s] Level 1:colcon.colcon_core.package_identification:_identify(.) by extensions ['colcon_meta']
[0.144s] Level 1:colcon.colcon_core.package_identification:_identify(.) by extension 'colcon_meta'
[0.144s] Level 1:colcon.colcon_core.package_identification:_identify(.) by extensions ['ros']
[0.144s] Level 1:colcon.colcon_core.package_identification:_identify(.) by extension 'ros'
[0.161s] Level 1:colcon.colcon_core.package_identification:_identify(.) by extensions ['cmake', 'python']
[0.161s] Level 1:colcon.colcon_core.package_identification:_identify(.) by extension 'cmake'
[0.161s] Level 1:colcon.colcon_core.package_identification:_identify(.) by extension 'python'
[0.161s] Level 1:colcon.colcon_core.package_identification:_identify(.) by extensions ['python_setup_py']
[0.161s] Level 1:colcon.colcon_core.package_identification:_identify(.) by extension 'python_setup_py'
[0.161s] Level 1:colcon.colcon_core.package_identification:_identify(build) by extensions ['ignore', 'ignore_ament_install']
[0.162s] Level 1:colcon.colcon_core.package_identification:_identify(build) by extension 'ignore'
[0.162s] Level 1:colcon.colcon_core.package_identification:_identify(build) ignored
[0.162s] Level 1:colcon.colcon_core.package_identification:_identify(install) by extensions ['ignore', 'ignore_ament_install']
[0.162s] Level 1:colcon.colcon_core.package_identification:_identify(install) by extension 'ignore'
[0.162s] Level 1:colcon.colcon_core.package_identification:_identify(install) ignored
[0.162s] Level 1:colcon.colcon_core.package_identification:_identify(log) by extensions ['ignore', 'ignore_ament_install']
[0.162s] Level 1:colcon.colcon_core.package_identification:_identify(log) by extension 'ignore'
[0.162s] Level 1:colcon.colcon_core.package_identification:_identify(log) ignored
[0.162s] Level 1:colcon.colcon_core.package_identification:_identify(src) by extensions ['ignore', 'ignore_ament_install']
[0.162s] Level 1:colcon.colcon_core.package_identification:_identify(src) by extension 'ignore'
[0.162s] Level 1:colcon.colcon_core.package_identification:_identify(src) by extension 'ignore_ament_install'
[0.162s] Level 1:colcon.colcon_core.package_identification:_identify(src) by extensions ['colcon_pkg']
[0.162s] Level 1:colcon.colcon_core.package_identification:_identify(src) by extension 'colcon_pkg'
[0.162s] Level 1:colcon.colcon_core.package_identification:_identify(src) by extensions ['colcon_meta']
[0.162s] Level 1:colcon.colcon_core.package_identification:_identify(src) by extension 'colcon_meta'
[0.162s] Level 1:colcon.colcon_core.package_identification:_identify(src) by extensions ['ros']
[0.162s] Level 1:colcon.colcon_core.package_identification:_identify(src) by extension 'ros'
[0.162s] Level 1:colcon.colcon_core.package_identification:_identify(src) by extensions ['cmake', 'python']
[0.162s] Level 1:colcon.colcon_core.package_identification:_identify(src) by extension 'cmake'
[0.162s] Level 1:colcon.colcon_core.package_identification:_identify(src) by extension 'python'
[0.162s] Level 1:colcon.colcon_core.package_identification:_identify(src) by extensions ['python_setup_py']
[0.162s] Level 1:colcon.colcon_core.package_identification:_identify(src) by extension 'python_setup_py'
[0.162s] Level 1:colcon.colcon_core.package_identification:_identify(src/base) by extensions ['ignore', 'ignore_ament_install']
[0.162s] Level 1:colcon.colcon_core.package_identification:_identify(src/base) by extension 'ignore'
[0.162s] Level 1:colcon.colcon_core.package_identification:_identify(src/base) by extension 'ignore_ament_install'
[0.162s] Level 1:colcon.colcon_core.package_identification:_identify(src/base) by extensions ['colcon_pkg']
[0.162s] Level 1:colcon.colcon_core.package_identification:_identify(src/base) by extension 'colcon_pkg'
[0.163s] Level 1:colcon.colcon_core.package_identification:_identify(src/base) by extensions ['colcon_meta']
[0.163s] Level 1:colcon.colcon_core.package_identification:_identify(src/base) by extension 'colcon_meta'
[0.163s] Level 1:colcon.colcon_core.package_identification:_identify(src/base) by extensions ['ros']
[0.163s] Level 1:colcon.colcon_core.package_identification:_identify(src/base) by extension 'ros'
[0.165s] DEBUG:colcon.colcon_core.package_identification:Package 'src/base' with type 'ros.ament_cmake' and name 'base'
[0.165s] Level 1:colcon.colcon_core.package_identification:_identify(src/serial) by extensions ['ignore', 'ignore_ament_install']
[0.165s] Level 1:colcon.colcon_core.package_identification:_identify(src/serial) by extension 'ignore'
[0.165s] Level 1:colcon.colcon_core.package_identification:_identify(src/serial) by extension 'ignore_ament_install'
[0.165s] Level 1:colcon.colcon_core.package_identification:_identify(src/serial) by extensions ['colcon_pkg']
[0.165s] Level 1:colcon.colcon_core.package_identification:_identify(src/serial) by extension 'colcon_pkg'
[0.165s] Level 1:colcon.colcon_core.package_identification:_identify(src/serial) by extensions ['colcon_meta']
[0.165s] Level 1:colcon.colcon_core.package_identification:_identify(src/serial) by extension 'colcon_meta'
[0.165s] Level 1:colcon.colcon_core.package_identification:_identify(src/serial) by extensions ['ros']
[0.165s] Level 1:colcon.colcon_core.package_identification:_identify(src/serial) by extension 'ros'
[0.166s] DEBUG:colcon.colcon_core.package_identification:Package 'src/serial' with type 'ros.ament_cmake' and name 'serial'
[0.166s] Level 1:colcon.colcon_core.package_discovery:discover_packages(recursive) using defaults
[0.166s] Level 1:colcon.colcon_core.package_discovery:discover_packages(ignore) discover
[0.166s] Level 1:colcon.colcon_core.package_discovery:discover_packages(ignore) using defaults
[0.166s] Level 1:colcon.colcon_core.package_discovery:discover_packages(path) discover
[0.166s] Level 1:colcon.colcon_core.package_discovery:discover_packages(path) using defaults
[0.179s] INFO:colcon.colcon_core.package_selection:Skipping not selected package 'serial' in 'src/serial'
[0.180s] Level 1:colcon.colcon_core.package_discovery:discover_packages(prefix_path) check parameters
[0.180s] Level 1:colcon.colcon_core.package_discovery:discover_packages(prefix_path) discover
[0.181s] DEBUG:colcon.colcon_installed_package_information.package_discovery:Found 2 installed packages in /home/ubuntu/ws/uestc-26rc-vision/ros2_ws/install
[0.182s] DEBUG:colcon.colcon_installed_package_information.package_discovery:Found 287 installed packages in /opt/ros/jazzy
[0.183s] Level 1:colcon.colcon_core.package_discovery:discover_packages(prefix_path) using defaults
[0.210s] Level 5:colcon.colcon_core.verb:set package 'base' build argument 'cmake_args' from command line to 'None'
[0.210s] Level 5:colcon.colcon_core.verb:set package 'base' build argument 'cmake_target' from command line to 'None'
[0.210s] Level 5:colcon.colcon_core.verb:set package 'base' build argument 'cmake_target_skip_unavailable' from command line to 'False'
[0.210s] Level 5:colcon.colcon_core.verb:set package 'base' build argument 'cmake_clean_cache' from command line to 'False'
[0.210s] Level 5:colcon.colcon_core.verb:set package 'base' build argument 'cmake_clean_first' from command line to 'False'
[0.210s] Level 5:colcon.colcon_core.verb:set package 'base' build argument 'cmake_force_configure' from command line to 'False'
[0.210s] Level 5:colcon.colcon_core.verb:set package 'base' build argument 'ament_cmake_args' from command line to 'None'
[0.210s] Level 5:colcon.colcon_core.verb:set package 'base' build argument 'catkin_cmake_args' from command line to 'None'
[0.210s] Level 5:colcon.colcon_core.verb:set package 'base' build argument 'catkin_skip_building_tests' from command line to 'False'
[0.210s] DEBUG:colcon.colcon_core.verb:Building package 'base' with the following arguments: {'ament_cmake_args': None, 'build_base': '/home/ubuntu/ws/uestc-26rc-vision/ros2_ws/build/base', 'catkin_cmake_args': None, 'catkin_skip_building_tests': False, 'cmake_args': None, 'cmake_clean_cache': False, 'cmake_clean_first': False, 'cmake_force_configure': False, 'cmake_target': None, 'cmake_target_skip_unavailable': False, 'install_base': '/home/ubuntu/ws/uestc-26rc-vision/ros2_ws/install/base', 'merge_install': False, 'path': '/home/ubuntu/ws/uestc-26rc-vision/ros2_ws/src/base', 'symlink_install': False, 'test_result_base': None}
[0.210s] INFO:colcon.colcon_core.executor:Executing jobs using 'parallel' executor
[0.211s] DEBUG:colcon.colcon_parallel_executor.executor.parallel:run_until_complete
[0.211s] INFO:colcon.colcon_ros.task.ament_cmake.build:Building ROS package in '/home/ubuntu/ws/uestc-26rc-vision/ros2_ws/src/base' with build type 'ament_cmake'
[0.211s] INFO:colcon.colcon_cmake.task.cmake.build:Building CMake package in '/home/ubuntu/ws/uestc-26rc-vision/ros2_ws/src/base'
[0.213s] INFO:colcon.colcon_core.plugin_system:Skipping extension 'colcon_core.shell.bat': Not used on non-Windows systems
[0.213s] INFO:colcon.colcon_core.shell:Skip shell extension 'powershell' for command environment: Not usable outside of PowerShell
[0.213s] DEBUG:colcon.colcon_core.shell:Skip shell extension 'dsv' for command environment
[0.219s] DEBUG:colcon.colcon_core.event_handler.log_command:Invoking command in '/home/ubuntu/ws/uestc-26rc-vision/ros2_ws/build/base': CMAKE_PREFIX_PATH=/home/ubuntu/ws/uestc-26rc-vision/ros2_ws/install/serial:/home/ubuntu/ws/uestc-26rc-vision/ros2_ws/install/base:/opt/ros/jazzy/opt/gz_math_vendor:/opt/ros/jazzy/opt/gz_utils_vendor:/opt/ros/jazzy/opt/gz_cmake_vendor:/opt/ros/jazzy DEBUGINFOD_URLS=https://debuginfod.ubuntu.com /usr/bin/cmake /home/ubuntu/ws/uestc-26rc-vision/ros2_ws/src/base -DCMAKE_INSTALL_PREFIX=/home/ubuntu/ws/uestc-26rc-vision/ros2_ws/install/base
[0.695s] DEBUG:colcon.colcon_core.event_handler.log_command:Invoked command in '/home/ubuntu/ws/uestc-26rc-vision/ros2_ws/build/base' returned '0': CMAKE_PREFIX_PATH=/home/ubuntu/ws/uestc-26rc-vision/ros2_ws/install/serial:/home/ubuntu/ws/uestc-26rc-vision/ros2_ws/install/base:/opt/ros/jazzy/opt/gz_math_vendor:/opt/ros/jazzy/opt/gz_utils_vendor:/opt/ros/jazzy/opt/gz_cmake_vendor:/opt/ros/jazzy DEBUGINFOD_URLS=https://debuginfod.ubuntu.com /usr/bin/cmake /home/ubuntu/ws/uestc-26rc-vision/ros2_ws/src/base -DCMAKE_INSTALL_PREFIX=/home/ubuntu/ws/uestc-26rc-vision/ros2_ws/install/base
[0.696s] DEBUG:colcon.colcon_core.event_handler.log_command:Invoking command in '/home/ubuntu/ws/uestc-26rc-vision/ros2_ws/build/base': CMAKE_PREFIX_PATH=/home/ubuntu/ws/uestc-26rc-vision/ros2_ws/install/serial:/home/ubuntu/ws/uestc-26rc-vision/ros2_ws/install/base:/opt/ros/jazzy/opt/gz_math_vendor:/opt/ros/jazzy/opt/gz_utils_vendor:/opt/ros/jazzy/opt/gz_cmake_vendor:/opt/ros/jazzy DEBUGINFOD_URLS=https://debuginfod.ubuntu.com /usr/bin/cmake --build /home/ubuntu/ws/uestc-26rc-vision/ros2_ws/build/base -- -j8 -l8
[7.524s] DEBUG:colcon.colcon_core.event_handler.log_command:Invoked command in '/home/ubuntu/ws/uestc-26rc-vision/ros2_ws/build/base' returned '0': CMAKE_PREFIX_PATH=/home/ubuntu/ws/uestc-26rc-vision/ros2_ws/install/serial:/home/ubuntu/ws/uestc-26rc-vision/ros2_ws/install/base:/opt/ros/jazzy/opt/gz_math_vendor:/opt/ros/jazzy/opt/gz_utils_vendor:/opt/ros/jazzy/opt/gz_cmake_vendor:/opt/ros/jazzy DEBUGINFOD_URLS=https://debuginfod.ubuntu.com /usr/bin/cmake --build /home/ubuntu/ws/uestc-26rc-vision/ros2_ws/build/base -- -j8 -l8
[7.529s] DEBUG:colcon.colcon_core.event_handler.log_command:Invoking command in '/home/ubuntu/ws/uestc-26rc-vision/ros2_ws/build/base': CMAKE_PREFIX_PATH=/home/ubuntu/ws/uestc-26rc-vision/ros2_ws/install/serial:/home/ubuntu/ws/uestc-26rc-vision/ros2_ws/install/base:/opt/ros/jazzy/opt/gz_math_vendor:/opt/ros/jazzy/opt/gz_utils_vendor:/opt/ros/jazzy/opt/gz_cmake_vendor:/opt/ros/jazzy DEBUGINFOD_URLS=https://debuginfod.ubuntu.com /usr/bin/cmake --install /home/ubuntu/ws/uestc-26rc-vision/ros2_ws/build/base
[7.539s] Level 1:colcon.colcon_core.environment:create_environment_scripts_only(base)
[7.539s] DEBUG:colcon.colcon_core.event_handler.log_command:Invoked command in '/home/ubuntu/ws/uestc-26rc-vision/ros2_ws/build/base' returned '0': CMAKE_PREFIX_PATH=/home/ubuntu/ws/uestc-26rc-vision/ros2_ws/install/serial:/home/ubuntu/ws/uestc-26rc-vision/ros2_ws/install/base:/opt/ros/jazzy/opt/gz_math_vendor:/opt/ros/jazzy/opt/gz_utils_vendor:/opt/ros/jazzy/opt/gz_cmake_vendor:/opt/ros/jazzy DEBUGINFOD_URLS=https://debuginfod.ubuntu.com /usr/bin/cmake --install /home/ubuntu/ws/uestc-26rc-vision/ros2_ws/build/base
[7.542s] Level 1:colcon.colcon_core.environment:checking '/home/ubuntu/ws/uestc-26rc-vision/ros2_ws/install/base' for CMake module files
[7.542s] Level 1:colcon.colcon_core.environment:checking '/home/ubuntu/ws/uestc-26rc-vision/ros2_ws/install/base' for CMake config files
[7.542s] Level 1:colcon.colcon_core.shell:create_environment_hook('base', 'cmake_prefix_path')
[7.542s] INFO:colcon.colcon_core.shell:Creating environment hook '/home/ubuntu/ws/uestc-26rc-vision/ros2_ws/install/base/share/base/hook/cmake_prefix_path.ps1'
[7.543s] INFO:colcon.colcon_core.shell:Creating environment descriptor '/home/ubuntu/ws/uestc-26rc-vision/ros2_ws/install/base/share/base/hook/cmake_prefix_path.dsv'
[7.543s] INFO:colcon.colcon_core.shell:Creating environment hook '/home/ubuntu/ws/uestc-26rc-vision/ros2_ws/install/base/share/base/hook/cmake_prefix_path.sh'
[7.544s] Level 1:colcon.colcon_core.environment:checking '/home/ubuntu/ws/uestc-26rc-vision/ros2_ws/install/base/lib'
[7.544s] Level 1:colcon.colcon_core.environment:checking '/home/ubuntu/ws/uestc-26rc-vision/ros2_ws/install/base/bin'
[7.544s] Level 1:colcon.colcon_core.environment:checking '/home/ubuntu/ws/uestc-26rc-vision/ros2_ws/install/base/lib/pkgconfig/base.pc'
[7.545s] Level 1:colcon.colcon_core.environment:checking '/home/ubuntu/ws/uestc-26rc-vision/ros2_ws/install/base/lib/python3.12/site-packages'
[7.545s] Level 1:colcon.colcon_core.environment:checking '/home/ubuntu/ws/uestc-26rc-vision/ros2_ws/install/base/bin'
[7.545s] INFO:colcon.colcon_core.shell:Creating package script '/home/ubuntu/ws/uestc-26rc-vision/ros2_ws/install/base/share/base/package.ps1'
[7.546s] INFO:colcon.colcon_core.shell:Creating package descriptor '/home/ubuntu/ws/uestc-26rc-vision/ros2_ws/install/base/share/base/package.dsv'
[7.546s] INFO:colcon.colcon_core.shell:Creating package script '/home/ubuntu/ws/uestc-26rc-vision/ros2_ws/install/base/share/base/package.sh'
[7.547s] INFO:colcon.colcon_core.shell:Creating package script '/home/ubuntu/ws/uestc-26rc-vision/ros2_ws/install/base/share/base/package.bash'
[7.548s] INFO:colcon.colcon_core.shell:Creating package script '/home/ubuntu/ws/uestc-26rc-vision/ros2_ws/install/base/share/base/package.zsh'
[7.548s] Level 1:colcon.colcon_core.environment:create_file_with_runtime_dependencies(/home/ubuntu/ws/uestc-26rc-vision/ros2_ws/install/base/share/colcon-core/packages/base)
[7.549s] Level 1:colcon.colcon_core.environment:create_environment_scripts_only(base)
[7.549s] Level 1:colcon.colcon_core.environment:checking '/home/ubuntu/ws/uestc-26rc-vision/ros2_ws/install/base' for CMake module files
[7.549s] Level 1:colcon.colcon_core.environment:checking '/home/ubuntu/ws/uestc-26rc-vision/ros2_ws/install/base' for CMake config files
[7.549s] Level 1:colcon.colcon_core.shell:create_environment_hook('base', 'cmake_prefix_path')
[7.549s] INFO:colcon.colcon_core.shell:Creating environment hook '/home/ubuntu/ws/uestc-26rc-vision/ros2_ws/install/base/share/base/hook/cmake_prefix_path.ps1'
[7.550s] INFO:colcon.colcon_core.shell:Creating environment descriptor '/home/ubuntu/ws/uestc-26rc-vision/ros2_ws/install/base/share/base/hook/cmake_prefix_path.dsv'
[7.550s] INFO:colcon.colcon_core.shell:Creating environment hook '/home/ubuntu/ws/uestc-26rc-vision/ros2_ws/install/base/share/base/hook/cmake_prefix_path.sh'
[7.550s] Level 1:colcon.colcon_core.environment:checking '/home/ubuntu/ws/uestc-26rc-vision/ros2_ws/install/base/lib'
[7.550s] Level 1:colcon.colcon_core.environment:checking '/home/ubuntu/ws/uestc-26rc-vision/ros2_ws/install/base/bin'
[7.550s] Level 1:colcon.colcon_core.environment:checking '/home/ubuntu/ws/uestc-26rc-vision/ros2_ws/install/base/lib/pkgconfig/base.pc'
[7.550s] Level 1:colcon.colcon_core.environment:checking '/home/ubuntu/ws/uestc-26rc-vision/ros2_ws/install/base/lib/python3.12/site-packages'
[7.551s] Level 1:colcon.colcon_core.environment:checking '/home/ubuntu/ws/uestc-26rc-vision/ros2_ws/install/base/bin'
[7.551s] INFO:colcon.colcon_core.shell:Creating package script '/home/ubuntu/ws/uestc-26rc-vision/ros2_ws/install/base/share/base/package.ps1'
[7.551s] INFO:colcon.colcon_core.shell:Creating package descriptor '/home/ubuntu/ws/uestc-26rc-vision/ros2_ws/install/base/share/base/package.dsv'
[7.551s] INFO:colcon.colcon_core.shell:Creating package script '/home/ubuntu/ws/uestc-26rc-vision/ros2_ws/install/base/share/base/package.sh'
[7.552s] INFO:colcon.colcon_core.shell:Creating package script '/home/ubuntu/ws/uestc-26rc-vision/ros2_ws/install/base/share/base/package.bash'
[7.552s] INFO:colcon.colcon_core.shell:Creating package script '/home/ubuntu/ws/uestc-26rc-vision/ros2_ws/install/base/share/base/package.zsh'
[7.552s] Level 1:colcon.colcon_core.environment:create_file_with_runtime_dependencies(/home/ubuntu/ws/uestc-26rc-vision/ros2_ws/install/base/share/colcon-core/packages/base)
[7.552s] DEBUG:colcon.colcon_parallel_executor.executor.parallel:closing loop
[7.552s] DEBUG:colcon.colcon_parallel_executor.executor.parallel:loop closed
[7.552s] DEBUG:colcon.colcon_parallel_executor.executor.parallel:run_until_complete finished with '0'
[7.552s] DEBUG:colcon.colcon_core.event_reactor:joining thread
[7.553s] DEBUG:colcon.colcon_core.event_reactor:joined thread
[7.553s] INFO:colcon.colcon_core.shell:Creating prefix script '/home/ubuntu/ws/uestc-26rc-vision/ros2_ws/install/local_setup.ps1'
[7.553s] INFO:colcon.colcon_core.shell:Creating prefix util module '/home/ubuntu/ws/uestc-26rc-vision/ros2_ws/install/_local_setup_util_ps1.py'
[7.554s] INFO:colcon.colcon_core.shell:Creating prefix chain script '/home/ubuntu/ws/uestc-26rc-vision/ros2_ws/install/setup.ps1'
[7.555s] INFO:colcon.colcon_core.shell:Creating prefix script '/home/ubuntu/ws/uestc-26rc-vision/ros2_ws/install/local_setup.sh'
[7.556s] INFO:colcon.colcon_core.shell:Creating prefix util module '/home/ubuntu/ws/uestc-26rc-vision/ros2_ws/install/_local_setup_util_sh.py'
[7.556s] INFO:colcon.colcon_core.shell:Creating prefix chain script '/home/ubuntu/ws/uestc-26rc-vision/ros2_ws/install/setup.sh'
[7.557s] INFO:colcon.colcon_core.shell:Creating prefix script '/home/ubuntu/ws/uestc-26rc-vision/ros2_ws/install/local_setup.bash'
[7.557s] INFO:colcon.colcon_core.shell:Creating prefix chain script '/home/ubuntu/ws/uestc-26rc-vision/ros2_ws/install/setup.bash'
[7.558s] INFO:colcon.colcon_core.shell:Creating prefix script '/home/ubuntu/ws/uestc-26rc-vision/ros2_ws/install/local_setup.zsh'
[7.558s] INFO:colcon.colcon_core.shell:Creating prefix chain script '/home/ubuntu/ws/uestc-26rc-vision/ros2_ws/install/setup.zsh'
