[0.061s] DEBUG:colcon:Command line arguments: ['/usr/bin/colcon', 'build', '--packages-select', 'serial', 'base']
[0.062s] DEBUG:colcon:Parsed command line arguments: Namespace(log_base=None, log_level=None, verb_name='build', build_base='build', install_base='install', merge_install=False, symlink_install=False, test_result_base=None, continue_on_error=False, executor='parallel', parallel_workers=8, event_handlers=None, ignore_user_meta=False, metas=['./colcon.meta'], base_paths=['.'], packages_ignore=None, packages_ignore_regex=None, paths=None, packages_up_to=None, packages_up_to_regex=None, packages_above=None, packages_above_and_dependencies=None, packages_above_depth=None, packages_select_by_dep=None, packages_skip_by_dep=None, packages_skip_up_to=None, packages_select_build_failed=False, packages_skip_build_finished=False, packages_select_test_failures=False, packages_skip_test_passed=False, packages_select=['serial', 'base'], packages_skip=None, packages_select_regex=None, packages_skip_regex=None, packages_start=None, packages_end=None, allow_overriding=[], cmake_args=None, cmake_target=None, cmake_target_skip_unavailable=False, cmake_clean_cache=False, cmake_clean_first=False, cmake_force_configure=False, ament_cmake_args=None, catkin_cmake_args=None, catkin_skip_building_tests=False, verb_parser=<colcon_defaults.argument_parser.defaults.DefaultArgumentsDecorator object at 0x734dc7065040>, verb_extension=<colcon_core.verb.build.BuildVerb object at 0x734dc7064e00>, main=<bound method BuildVerb.main of <colcon_core.verb.build.BuildVerb object at 0x734dc7064e00>>)
[0.085s] Level 1:colcon.colcon_core.package_discovery:discover_packages(colcon_meta) check parameters
[0.085s] Level 1:colcon.colcon_core.package_discovery:discover_packages(recursive) check parameters
[0.085s] Level 1:colcon.colcon_core.package_discovery:discover_packages(ignore) check parameters
[0.085s] Level 1:colcon.colcon_core.package_discovery:discover_packages(path) check parameters
[0.085s] Level 1:colcon.colcon_core.package_discovery:discover_packages(colcon_meta) discover
[0.085s] Level 1:colcon.colcon_core.package_discovery:discover_packages(recursive) discover
[0.085s] INFO:colcon.colcon_core.package_discovery:Crawling recursively for packages in '/home/ubuntu/ws/uestc-26rc-vision'
[0.085s] Level 1:colcon.colcon_core.package_identification:_identify(.) by extensions ['ignore', 'ignore_ament_install']
[0.085s] Level 1:colcon.colcon_core.package_identification:_identify(.) by extension 'ignore'
[0.085s] Level 1:colcon.colcon_core.package_identification:_identify(.) by extension 'ignore_ament_install'
[0.085s] Level 1:colcon.colcon_core.package_identification:_identify(.) by extensions ['colcon_pkg']
[0.085s] Level 1:colcon.colcon_core.package_identification:_identify(.) by extension 'colcon_pkg'
[0.085s] Level 1:colcon.colcon_core.package_identification:_identify(.) by extensions ['colcon_meta']
[0.085s] Level 1:colcon.colcon_core.package_identification:_identify(.) by extension 'colcon_meta'
[0.085s] Level 1:colcon.colcon_core.package_identification:_identify(.) by extensions ['ros']
[0.085s] Level 1:colcon.colcon_core.package_identification:_identify(.) by extension 'ros'
[0.101s] Level 1:colcon.colcon_core.package_identification:_identify(.) by extensions ['cmake', 'python']
[0.101s] Level 1:colcon.colcon_core.package_identification:_identify(.) by extension 'cmake'
[0.101s] Level 1:colcon.colcon_core.package_identification:_identify(.) by extension 'python'
[0.101s] Level 1:colcon.colcon_core.package_identification:_identify(.) by extensions ['python_setup_py']
[0.102s] Level 1:colcon.colcon_core.package_identification:_identify(.) by extension 'python_setup_py'
[0.102s] Level 1:colcon.colcon_core.package_identification:_identify(build) by extensions ['ignore', 'ignore_ament_install']
[0.102s] Level 1:colcon.colcon_core.package_identification:_identify(build) by extension 'ignore'
[0.102s] Level 1:colcon.colcon_core.package_identification:_identify(build) ignored
[0.102s] Level 1:colcon.colcon_core.package_identification:_identify(install) by extensions ['ignore', 'ignore_ament_install']
[0.102s] Level 1:colcon.colcon_core.package_identification:_identify(install) by extension 'ignore'
[0.102s] Level 1:colcon.colcon_core.package_identification:_identify(install) ignored
[0.102s] Level 1:colcon.colcon_core.package_identification:_identify(log) by extensions ['ignore', 'ignore_ament_install']
[0.102s] Level 1:colcon.colcon_core.package_identification:_identify(log) by extension 'ignore'
[0.102s] Level 1:colcon.colcon_core.package_identification:_identify(log) ignored
[0.102s] Level 1:colcon.colcon_core.package_identification:_identify(ros2_ws) by extensions ['ignore', 'ignore_ament_install']
[0.102s] Level 1:colcon.colcon_core.package_identification:_identify(ros2_ws) by extension 'ignore'
[0.102s] Level 1:colcon.colcon_core.package_identification:_identify(ros2_ws) by extension 'ignore_ament_install'
[0.102s] Level 1:colcon.colcon_core.package_identification:_identify(ros2_ws) by extensions ['colcon_pkg']
[0.102s] Level 1:colcon.colcon_core.package_identification:_identify(ros2_ws) by extension 'colcon_pkg'
[0.102s] Level 1:colcon.colcon_core.package_identification:_identify(ros2_ws) by extensions ['colcon_meta']
[0.102s] Level 1:colcon.colcon_core.package_identification:_identify(ros2_ws) by extension 'colcon_meta'
[0.102s] Level 1:colcon.colcon_core.package_identification:_identify(ros2_ws) by extensions ['ros']
[0.102s] Level 1:colcon.colcon_core.package_identification:_identify(ros2_ws) by extension 'ros'
[0.102s] Level 1:colcon.colcon_core.package_identification:_identify(ros2_ws) by extensions ['cmake', 'python']
[0.102s] Level 1:colcon.colcon_core.package_identification:_identify(ros2_ws) by extension 'cmake'
[0.102s] Level 1:colcon.colcon_core.package_identification:_identify(ros2_ws) by extension 'python'
[0.102s] Level 1:colcon.colcon_core.package_identification:_identify(ros2_ws) by extensions ['python_setup_py']
[0.102s] Level 1:colcon.colcon_core.package_identification:_identify(ros2_ws) by extension 'python_setup_py'
[0.102s] Level 1:colcon.colcon_core.package_identification:_identify(ros2_ws/build) by extensions ['ignore', 'ignore_ament_install']
[0.102s] Level 1:colcon.colcon_core.package_identification:_identify(ros2_ws/build) by extension 'ignore'
[0.102s] Level 1:colcon.colcon_core.package_identification:_identify(ros2_ws/build) ignored
[0.102s] Level 1:colcon.colcon_core.package_identification:_identify(ros2_ws/install) by extensions ['ignore', 'ignore_ament_install']
[0.103s] Level 1:colcon.colcon_core.package_identification:_identify(ros2_ws/install) by extension 'ignore'
[0.103s] Level 1:colcon.colcon_core.package_identification:_identify(ros2_ws/install) ignored
[0.103s] Level 1:colcon.colcon_core.package_identification:_identify(ros2_ws/log) by extensions ['ignore', 'ignore_ament_install']
[0.103s] Level 1:colcon.colcon_core.package_identification:_identify(ros2_ws/log) by extension 'ignore'
[0.103s] Level 1:colcon.colcon_core.package_identification:_identify(ros2_ws/log) ignored
[0.103s] Level 1:colcon.colcon_core.package_identification:_identify(ros2_ws/src) by extensions ['ignore', 'ignore_ament_install']
[0.103s] Level 1:colcon.colcon_core.package_identification:_identify(ros2_ws/src) by extension 'ignore'
[0.103s] Level 1:colcon.colcon_core.package_identification:_identify(ros2_ws/src) by extension 'ignore_ament_install'
[0.103s] Level 1:colcon.colcon_core.package_identification:_identify(ros2_ws/src) by extensions ['colcon_pkg']
[0.103s] Level 1:colcon.colcon_core.package_identification:_identify(ros2_ws/src) by extension 'colcon_pkg'
[0.103s] Level 1:colcon.colcon_core.package_identification:_identify(ros2_ws/src) by extensions ['colcon_meta']
[0.103s] Level 1:colcon.colcon_core.package_identification:_identify(ros2_ws/src) by extension 'colcon_meta'
[0.103s] Level 1:colcon.colcon_core.package_identification:_identify(ros2_ws/src) by extensions ['ros']
[0.103s] Level 1:colcon.colcon_core.package_identification:_identify(ros2_ws/src) by extension 'ros'
[0.103s] Level 1:colcon.colcon_core.package_identification:_identify(ros2_ws/src) by extensions ['cmake', 'python']
[0.103s] Level 1:colcon.colcon_core.package_identification:_identify(ros2_ws/src) by extension 'cmake'
[0.103s] Level 1:colcon.colcon_core.package_identification:_identify(ros2_ws/src) by extension 'python'
[0.103s] Level 1:colcon.colcon_core.package_identification:_identify(ros2_ws/src) by extensions ['python_setup_py']
[0.103s] Level 1:colcon.colcon_core.package_identification:_identify(ros2_ws/src) by extension 'python_setup_py'
[0.103s] Level 1:colcon.colcon_core.package_identification:_identify(ros2_ws/src/base) by extensions ['ignore', 'ignore_ament_install']
[0.103s] Level 1:colcon.colcon_core.package_identification:_identify(ros2_ws/src/base) by extension 'ignore'
[0.103s] Level 1:colcon.colcon_core.package_identification:_identify(ros2_ws/src/base) by extension 'ignore_ament_install'
[0.103s] Level 1:colcon.colcon_core.package_identification:_identify(ros2_ws/src/base) by extensions ['colcon_pkg']
[0.103s] Level 1:colcon.colcon_core.package_identification:_identify(ros2_ws/src/base) by extension 'colcon_pkg'
[0.103s] Level 1:colcon.colcon_core.package_identification:_identify(ros2_ws/src/base) by extensions ['colcon_meta']
[0.103s] Level 1:colcon.colcon_core.package_identification:_identify(ros2_ws/src/base) by extension 'colcon_meta'
[0.103s] Level 1:colcon.colcon_core.package_identification:_identify(ros2_ws/src/base) by extensions ['ros']
[0.103s] Level 1:colcon.colcon_core.package_identification:_identify(ros2_ws/src/base) by extension 'ros'
[0.105s] DEBUG:colcon.colcon_core.package_identification:Package 'ros2_ws/src/base' with type 'ros.ament_cmake' and name 'base'
[0.105s] Level 1:colcon.colcon_core.package_identification:_identify(ros2_ws/src/serial) by extensions ['ignore', 'ignore_ament_install']
[0.105s] Level 1:colcon.colcon_core.package_identification:_identify(ros2_ws/src/serial) by extension 'ignore'
[0.105s] Level 1:colcon.colcon_core.package_identification:_identify(ros2_ws/src/serial) by extension 'ignore_ament_install'
[0.105s] Level 1:colcon.colcon_core.package_identification:_identify(ros2_ws/src/serial) by extensions ['colcon_pkg']
[0.105s] Level 1:colcon.colcon_core.package_identification:_identify(ros2_ws/src/serial) by extension 'colcon_pkg'
[0.105s] Level 1:colcon.colcon_core.package_identification:_identify(ros2_ws/src/serial) by extensions ['colcon_meta']
[0.105s] Level 1:colcon.colcon_core.package_identification:_identify(ros2_ws/src/serial) by extension 'colcon_meta'
[0.105s] Level 1:colcon.colcon_core.package_identification:_identify(ros2_ws/src/serial) by extensions ['ros']
[0.105s] Level 1:colcon.colcon_core.package_identification:_identify(ros2_ws/src/serial) by extension 'ros'
[0.106s] DEBUG:colcon.colcon_core.package_identification:Package 'ros2_ws/src/serial' with type 'ros.ament_cmake' and name 'serial'
[0.106s] Level 1:colcon.colcon_core.package_discovery:discover_packages(recursive) using defaults
[0.106s] Level 1:colcon.colcon_core.package_discovery:discover_packages(ignore) discover
[0.106s] Level 1:colcon.colcon_core.package_discovery:discover_packages(ignore) using defaults
[0.106s] Level 1:colcon.colcon_core.package_discovery:discover_packages(path) discover
[0.106s] Level 1:colcon.colcon_core.package_discovery:discover_packages(path) using defaults
[0.117s] Level 1:colcon.colcon_core.package_discovery:discover_packages(prefix_path) check parameters
[0.117s] Level 1:colcon.colcon_core.package_discovery:discover_packages(prefix_path) discover
[0.119s] DEBUG:colcon.colcon_installed_package_information.package_discovery:Found 287 installed packages in /opt/ros/jazzy
[0.119s] Level 1:colcon.colcon_core.package_discovery:discover_packages(prefix_path) using defaults
[0.144s] Level 5:colcon.colcon_core.verb:set package 'serial' build argument 'cmake_args' from command line to 'None'
[0.144s] Level 5:colcon.colcon_core.verb:set package 'serial' build argument 'cmake_target' from command line to 'None'
[0.144s] Level 5:colcon.colcon_core.verb:set package 'serial' build argument 'cmake_target_skip_unavailable' from command line to 'False'
[0.144s] Level 5:colcon.colcon_core.verb:set package 'serial' build argument 'cmake_clean_cache' from command line to 'False'
[0.144s] Level 5:colcon.colcon_core.verb:set package 'serial' build argument 'cmake_clean_first' from command line to 'False'
[0.144s] Level 5:colcon.colcon_core.verb:set package 'serial' build argument 'cmake_force_configure' from command line to 'False'
[0.144s] Level 5:colcon.colcon_core.verb:set package 'serial' build argument 'ament_cmake_args' from command line to 'None'
[0.144s] Level 5:colcon.colcon_core.verb:set package 'serial' build argument 'catkin_cmake_args' from command line to 'None'
[0.144s] Level 5:colcon.colcon_core.verb:set package 'serial' build argument 'catkin_skip_building_tests' from command line to 'False'
[0.144s] DEBUG:colcon.colcon_core.verb:Building package 'serial' with the following arguments: {'ament_cmake_args': None, 'build_base': '/home/ubuntu/ws/uestc-26rc-vision/build/serial', 'catkin_cmake_args': None, 'catkin_skip_building_tests': False, 'cmake_args': None, 'cmake_clean_cache': False, 'cmake_clean_first': False, 'cmake_force_configure': False, 'cmake_target': None, 'cmake_target_skip_unavailable': False, 'install_base': '/home/ubuntu/ws/uestc-26rc-vision/install/serial', 'merge_install': False, 'path': '/home/ubuntu/ws/uestc-26rc-vision/ros2_ws/src/serial', 'symlink_install': False, 'test_result_base': None}
[0.145s] Level 5:colcon.colcon_core.verb:set package 'base' build argument 'cmake_args' from command line to 'None'
[0.145s] Level 5:colcon.colcon_core.verb:set package 'base' build argument 'cmake_target' from command line to 'None'
[0.145s] Level 5:colcon.colcon_core.verb:set package 'base' build argument 'cmake_target_skip_unavailable' from command line to 'False'
[0.145s] Level 5:colcon.colcon_core.verb:set package 'base' build argument 'cmake_clean_cache' from command line to 'False'
[0.145s] Level 5:colcon.colcon_core.verb:set package 'base' build argument 'cmake_clean_first' from command line to 'False'
[0.145s] Level 5:colcon.colcon_core.verb:set package 'base' build argument 'cmake_force_configure' from command line to 'False'
[0.145s] Level 5:colcon.colcon_core.verb:set package 'base' build argument 'ament_cmake_args' from command line to 'None'
[0.145s] Level 5:colcon.colcon_core.verb:set package 'base' build argument 'catkin_cmake_args' from command line to 'None'
[0.145s] Level 5:colcon.colcon_core.verb:set package 'base' build argument 'catkin_skip_building_tests' from command line to 'False'
[0.145s] DEBUG:colcon.colcon_core.verb:Building package 'base' with the following arguments: {'ament_cmake_args': None, 'build_base': '/home/ubuntu/ws/uestc-26rc-vision/build/base', 'catkin_cmake_args': None, 'catkin_skip_building_tests': False, 'cmake_args': None, 'cmake_clean_cache': False, 'cmake_clean_first': False, 'cmake_force_configure': False, 'cmake_target': None, 'cmake_target_skip_unavailable': False, 'install_base': '/home/ubuntu/ws/uestc-26rc-vision/install/base', 'merge_install': False, 'path': '/home/ubuntu/ws/uestc-26rc-vision/ros2_ws/src/base', 'symlink_install': False, 'test_result_base': None}
[0.145s] INFO:colcon.colcon_core.executor:Executing jobs using 'parallel' executor
[0.145s] DEBUG:colcon.colcon_parallel_executor.executor.parallel:run_until_complete
[0.146s] INFO:colcon.colcon_ros.task.ament_cmake.build:Building ROS package in '/home/ubuntu/ws/uestc-26rc-vision/ros2_ws/src/serial' with build type 'ament_cmake'
[0.146s] INFO:colcon.colcon_cmake.task.cmake.build:Building CMake package in '/home/ubuntu/ws/uestc-26rc-vision/ros2_ws/src/serial'
[0.147s] INFO:colcon.colcon_core.plugin_system:Skipping extension 'colcon_core.shell.bat': Not used on non-Windows systems
[0.147s] INFO:colcon.colcon_core.shell:Skip shell extension 'powershell' for command environment: Not usable outside of PowerShell
[0.147s] DEBUG:colcon.colcon_core.shell:Skip shell extension 'dsv' for command environment
[0.151s] DEBUG:colcon.colcon_core.event_handler.log_command:Invoking command in '/home/ubuntu/ws/uestc-26rc-vision/build/serial': CMAKE_PREFIX_PATH=${CMAKE_PREFIX_PATH}:/opt/ros/jazzy DEBUGINFOD_URLS=https://debuginfod.ubuntu.com /usr/bin/cmake /home/ubuntu/ws/uestc-26rc-vision/ros2_ws/src/serial -DCMAKE_INSTALL_PREFIX=/home/ubuntu/ws/uestc-26rc-vision/install/serial
[0.611s] DEBUG:colcon.colcon_core.event_handler.log_command:Invoked command in '/home/ubuntu/ws/uestc-26rc-vision/build/serial' returned '0': CMAKE_PREFIX_PATH=${CMAKE_PREFIX_PATH}:/opt/ros/jazzy DEBUGINFOD_URLS=https://debuginfod.ubuntu.com /usr/bin/cmake /home/ubuntu/ws/uestc-26rc-vision/ros2_ws/src/serial -DCMAKE_INSTALL_PREFIX=/home/ubuntu/ws/uestc-26rc-vision/install/serial
[0.611s] DEBUG:colcon.colcon_core.event_handler.log_command:Invoking command in '/home/ubuntu/ws/uestc-26rc-vision/build/serial': CMAKE_PREFIX_PATH=${CMAKE_PREFIX_PATH}:/opt/ros/jazzy DEBUGINFOD_URLS=https://debuginfod.ubuntu.com /usr/bin/cmake --build /home/ubuntu/ws/uestc-26rc-vision/build/serial -- -j8 -l8
[0.978s] DEBUG:colcon.colcon_core.event_handler.log_command:Invoked command in '/home/ubuntu/ws/uestc-26rc-vision/build/serial' returned '0': CMAKE_PREFIX_PATH=${CMAKE_PREFIX_PATH}:/opt/ros/jazzy DEBUGINFOD_URLS=https://debuginfod.ubuntu.com /usr/bin/cmake --build /home/ubuntu/ws/uestc-26rc-vision/build/serial -- -j8 -l8
[0.985s] DEBUG:colcon.colcon_core.event_handler.log_command:Invoking command in '/home/ubuntu/ws/uestc-26rc-vision/build/serial': CMAKE_PREFIX_PATH=${CMAKE_PREFIX_PATH}:/opt/ros/jazzy DEBUGINFOD_URLS=https://debuginfod.ubuntu.com /usr/bin/cmake --install /home/ubuntu/ws/uestc-26rc-vision/build/serial
[0.996s] Level 1:colcon.colcon_core.environment:create_environment_scripts_only(serial)
[0.996s] DEBUG:colcon.colcon_core.event_handler.log_command:Invoked command in '/home/ubuntu/ws/uestc-26rc-vision/build/serial' returned '0': CMAKE_PREFIX_PATH=${CMAKE_PREFIX_PATH}:/opt/ros/jazzy DEBUGINFOD_URLS=https://debuginfod.ubuntu.com /usr/bin/cmake --install /home/ubuntu/ws/uestc-26rc-vision/build/serial
[0.997s] Level 1:colcon.colcon_core.environment:checking '/home/ubuntu/ws/uestc-26rc-vision/install/serial' for CMake module files
[0.998s] Level 1:colcon.colcon_core.environment:checking '/home/ubuntu/ws/uestc-26rc-vision/install/serial' for CMake config files
[0.998s] Level 1:colcon.colcon_core.shell:create_environment_hook('serial', 'cmake_prefix_path')
[0.998s] INFO:colcon.colcon_core.shell:Creating environment hook '/home/ubuntu/ws/uestc-26rc-vision/install/serial/share/serial/hook/cmake_prefix_path.ps1'
[0.998s] INFO:colcon.colcon_core.shell:Creating environment descriptor '/home/ubuntu/ws/uestc-26rc-vision/install/serial/share/serial/hook/cmake_prefix_path.dsv'
[0.998s] INFO:colcon.colcon_core.shell:Creating environment hook '/home/ubuntu/ws/uestc-26rc-vision/install/serial/share/serial/hook/cmake_prefix_path.sh'
[0.999s] Level 1:colcon.colcon_core.environment:checking '/home/ubuntu/ws/uestc-26rc-vision/install/serial/lib'
[0.999s] Level 1:colcon.colcon_core.environment:checking '/home/ubuntu/ws/uestc-26rc-vision/install/serial/bin'
[0.999s] Level 1:colcon.colcon_core.environment:checking '/home/ubuntu/ws/uestc-26rc-vision/install/serial/lib/pkgconfig/serial.pc'
[0.999s] Level 1:colcon.colcon_core.environment:checking '/home/ubuntu/ws/uestc-26rc-vision/install/serial/lib/python3.12/site-packages'
[1.000s] Level 1:colcon.colcon_core.environment:checking '/home/ubuntu/ws/uestc-26rc-vision/install/serial/bin'
[1.000s] INFO:colcon.colcon_core.shell:Creating package script '/home/ubuntu/ws/uestc-26rc-vision/install/serial/share/serial/package.ps1'
[1.000s] INFO:colcon.colcon_core.shell:Creating package descriptor '/home/ubuntu/ws/uestc-26rc-vision/install/serial/share/serial/package.dsv'
[1.001s] INFO:colcon.colcon_core.shell:Creating package script '/home/ubuntu/ws/uestc-26rc-vision/install/serial/share/serial/package.sh'
[1.001s] INFO:colcon.colcon_core.shell:Creating package script '/home/ubuntu/ws/uestc-26rc-vision/install/serial/share/serial/package.bash'
[1.002s] INFO:colcon.colcon_core.shell:Creating package script '/home/ubuntu/ws/uestc-26rc-vision/install/serial/share/serial/package.zsh'
[1.002s] Level 1:colcon.colcon_core.environment:create_file_with_runtime_dependencies(/home/ubuntu/ws/uestc-26rc-vision/install/serial/share/colcon-core/packages/serial)
[1.002s] Level 1:colcon.colcon_core.environment:create_environment_scripts_only(serial)
[1.002s] Level 1:colcon.colcon_core.environment:checking '/home/ubuntu/ws/uestc-26rc-vision/install/serial' for CMake module files
[1.003s] Level 1:colcon.colcon_core.environment:checking '/home/ubuntu/ws/uestc-26rc-vision/install/serial' for CMake config files
[1.003s] Level 1:colcon.colcon_core.shell:create_environment_hook('serial', 'cmake_prefix_path')
[1.003s] INFO:colcon.colcon_core.shell:Creating environment hook '/home/ubuntu/ws/uestc-26rc-vision/install/serial/share/serial/hook/cmake_prefix_path.ps1'
[1.003s] INFO:colcon.colcon_core.shell:Creating environment descriptor '/home/ubuntu/ws/uestc-26rc-vision/install/serial/share/serial/hook/cmake_prefix_path.dsv'
[1.003s] INFO:colcon.colcon_core.shell:Creating environment hook '/home/ubuntu/ws/uestc-26rc-vision/install/serial/share/serial/hook/cmake_prefix_path.sh'
[1.004s] Level 1:colcon.colcon_core.environment:checking '/home/ubuntu/ws/uestc-26rc-vision/install/serial/lib'
[1.004s] Level 1:colcon.colcon_core.environment:checking '/home/ubuntu/ws/uestc-26rc-vision/install/serial/bin'
[1.004s] Level 1:colcon.colcon_core.environment:checking '/home/ubuntu/ws/uestc-26rc-vision/install/serial/lib/pkgconfig/serial.pc'
[1.004s] Level 1:colcon.colcon_core.environment:checking '/home/ubuntu/ws/uestc-26rc-vision/install/serial/lib/python3.12/site-packages'
[1.004s] Level 1:colcon.colcon_core.environment:checking '/home/ubuntu/ws/uestc-26rc-vision/install/serial/bin'
[1.004s] INFO:colcon.colcon_core.shell:Creating package script '/home/ubuntu/ws/uestc-26rc-vision/install/serial/share/serial/package.ps1'
[1.005s] INFO:colcon.colcon_core.shell:Creating package descriptor '/home/ubuntu/ws/uestc-26rc-vision/install/serial/share/serial/package.dsv'
[1.005s] INFO:colcon.colcon_core.shell:Creating package script '/home/ubuntu/ws/uestc-26rc-vision/install/serial/share/serial/package.sh'
[1.005s] INFO:colcon.colcon_core.shell:Creating package script '/home/ubuntu/ws/uestc-26rc-vision/install/serial/share/serial/package.bash'
[1.006s] INFO:colcon.colcon_core.shell:Creating package script '/home/ubuntu/ws/uestc-26rc-vision/install/serial/share/serial/package.zsh'
[1.006s] Level 1:colcon.colcon_core.environment:create_file_with_runtime_dependencies(/home/ubuntu/ws/uestc-26rc-vision/install/serial/share/colcon-core/packages/serial)
[1.006s] INFO:colcon.colcon_ros.task.ament_cmake.build:Building ROS package in '/home/ubuntu/ws/uestc-26rc-vision/ros2_ws/src/base' with build type 'ament_cmake'
[1.006s] INFO:colcon.colcon_cmake.task.cmake.build:Building CMake package in '/home/ubuntu/ws/uestc-26rc-vision/ros2_ws/src/base'
[1.006s] INFO:colcon.colcon_core.shell:Skip shell extension 'powershell' for command environment: Not usable outside of PowerShell
[1.006s] DEBUG:colcon.colcon_core.shell:Skip shell extension 'dsv' for command environment
[1.011s] DEBUG:colcon.colcon_core.event_handler.log_command:Invoking command in '/home/ubuntu/ws/uestc-26rc-vision/build/base': AMENT_PREFIX_PATH=/home/ubuntu/ws/uestc-26rc-vision/install/serial:${AMENT_PREFIX_PATH} CMAKE_PREFIX_PATH=/home/ubuntu/ws/uestc-26rc-vision/install/serial:/opt/ros/jazzy/opt/gz_math_vendor:/opt/ros/jazzy/opt/gz_utils_vendor:/opt/ros/jazzy/opt/gz_cmake_vendor:/opt/ros/jazzy DEBUGINFOD_URLS=https://debuginfod.ubuntu.com LD_LIBRARY_PATH=/home/ubuntu/ws/uestc-26rc-vision/install/serial/lib:${LD_LIBRARY_PATH} /usr/bin/cmake /home/ubuntu/ws/uestc-26rc-vision/ros2_ws/src/base -DCMAKE_INSTALL_PREFIX=/home/ubuntu/ws/uestc-26rc-vision/install/base
[1.780s] DEBUG:colcon.colcon_core.event_handler.log_command:Invoked command in '/home/ubuntu/ws/uestc-26rc-vision/build/base' returned '0': AMENT_PREFIX_PATH=/home/ubuntu/ws/uestc-26rc-vision/install/serial:${AMENT_PREFIX_PATH} CMAKE_PREFIX_PATH=/home/ubuntu/ws/uestc-26rc-vision/install/serial:/opt/ros/jazzy/opt/gz_math_vendor:/opt/ros/jazzy/opt/gz_utils_vendor:/opt/ros/jazzy/opt/gz_cmake_vendor:/opt/ros/jazzy DEBUGINFOD_URLS=https://debuginfod.ubuntu.com LD_LIBRARY_PATH=/home/ubuntu/ws/uestc-26rc-vision/install/serial/lib:${LD_LIBRARY_PATH} /usr/bin/cmake /home/ubuntu/ws/uestc-26rc-vision/ros2_ws/src/base -DCMAKE_INSTALL_PREFIX=/home/ubuntu/ws/uestc-26rc-vision/install/base
[1.781s] DEBUG:colcon.colcon_core.event_handler.log_command:Invoking command in '/home/ubuntu/ws/uestc-26rc-vision/build/base': AMENT_PREFIX_PATH=/home/ubuntu/ws/uestc-26rc-vision/install/serial:${AMENT_PREFIX_PATH} CMAKE_PREFIX_PATH=/home/ubuntu/ws/uestc-26rc-vision/install/serial:/opt/ros/jazzy/opt/gz_math_vendor:/opt/ros/jazzy/opt/gz_utils_vendor:/opt/ros/jazzy/opt/gz_cmake_vendor:/opt/ros/jazzy DEBUGINFOD_URLS=https://debuginfod.ubuntu.com LD_LIBRARY_PATH=/home/ubuntu/ws/uestc-26rc-vision/install/serial/lib:${LD_LIBRARY_PATH} /usr/bin/cmake --build /home/ubuntu/ws/uestc-26rc-vision/build/base -- -j8 -l8
[6.920s] DEBUG:colcon.colcon_core.event_handler.log_command:Invoked command in '/home/ubuntu/ws/uestc-26rc-vision/build/base' returned '0': AMENT_PREFIX_PATH=/home/ubuntu/ws/uestc-26rc-vision/install/serial:${AMENT_PREFIX_PATH} CMAKE_PREFIX_PATH=/home/ubuntu/ws/uestc-26rc-vision/install/serial:/opt/ros/jazzy/opt/gz_math_vendor:/opt/ros/jazzy/opt/gz_utils_vendor:/opt/ros/jazzy/opt/gz_cmake_vendor:/opt/ros/jazzy DEBUGINFOD_URLS=https://debuginfod.ubuntu.com LD_LIBRARY_PATH=/home/ubuntu/ws/uestc-26rc-vision/install/serial/lib:${LD_LIBRARY_PATH} /usr/bin/cmake --build /home/ubuntu/ws/uestc-26rc-vision/build/base -- -j8 -l8
[6.920s] DEBUG:colcon.colcon_core.event_handler.log_command:Invoking command in '/home/ubuntu/ws/uestc-26rc-vision/build/base': AMENT_PREFIX_PATH=/home/ubuntu/ws/uestc-26rc-vision/install/serial:${AMENT_PREFIX_PATH} CMAKE_PREFIX_PATH=/home/ubuntu/ws/uestc-26rc-vision/install/serial:/opt/ros/jazzy/opt/gz_math_vendor:/opt/ros/jazzy/opt/gz_utils_vendor:/opt/ros/jazzy/opt/gz_cmake_vendor:/opt/ros/jazzy DEBUGINFOD_URLS=https://debuginfod.ubuntu.com LD_LIBRARY_PATH=/home/ubuntu/ws/uestc-26rc-vision/install/serial/lib:${LD_LIBRARY_PATH} /usr/bin/cmake --install /home/ubuntu/ws/uestc-26rc-vision/build/base
[6.930s] Level 1:colcon.colcon_core.environment:create_environment_scripts_only(base)
[6.930s] DEBUG:colcon.colcon_core.event_handler.log_command:Invoked command in '/home/ubuntu/ws/uestc-26rc-vision/build/base' returned '0': AMENT_PREFIX_PATH=/home/ubuntu/ws/uestc-26rc-vision/install/serial:${AMENT_PREFIX_PATH} CMAKE_PREFIX_PATH=/home/ubuntu/ws/uestc-26rc-vision/install/serial:/opt/ros/jazzy/opt/gz_math_vendor:/opt/ros/jazzy/opt/gz_utils_vendor:/opt/ros/jazzy/opt/gz_cmake_vendor:/opt/ros/jazzy DEBUGINFOD_URLS=https://debuginfod.ubuntu.com LD_LIBRARY_PATH=/home/ubuntu/ws/uestc-26rc-vision/install/serial/lib:${LD_LIBRARY_PATH} /usr/bin/cmake --install /home/ubuntu/ws/uestc-26rc-vision/build/base
[6.930s] Level 1:colcon.colcon_core.environment:checking '/home/ubuntu/ws/uestc-26rc-vision/install/base' for CMake module files
[6.931s] Level 1:colcon.colcon_core.environment:checking '/home/ubuntu/ws/uestc-26rc-vision/install/base' for CMake config files
[6.931s] Level 1:colcon.colcon_core.shell:create_environment_hook('base', 'cmake_prefix_path')
[6.931s] INFO:colcon.colcon_core.shell:Creating environment hook '/home/ubuntu/ws/uestc-26rc-vision/install/base/share/base/hook/cmake_prefix_path.ps1'
[6.931s] INFO:colcon.colcon_core.shell:Creating environment descriptor '/home/ubuntu/ws/uestc-26rc-vision/install/base/share/base/hook/cmake_prefix_path.dsv'
[6.931s] INFO:colcon.colcon_core.shell:Creating environment hook '/home/ubuntu/ws/uestc-26rc-vision/install/base/share/base/hook/cmake_prefix_path.sh'
[6.932s] Level 1:colcon.colcon_core.environment:checking '/home/ubuntu/ws/uestc-26rc-vision/install/base/lib'
[6.932s] Level 1:colcon.colcon_core.environment:checking '/home/ubuntu/ws/uestc-26rc-vision/install/base/bin'
[6.932s] Level 1:colcon.colcon_core.environment:checking '/home/ubuntu/ws/uestc-26rc-vision/install/base/lib/pkgconfig/base.pc'
[6.932s] Level 1:colcon.colcon_core.environment:checking '/home/ubuntu/ws/uestc-26rc-vision/install/base/lib/python3.12/site-packages'
[6.932s] Level 1:colcon.colcon_core.environment:checking '/home/ubuntu/ws/uestc-26rc-vision/install/base/bin'
[6.932s] INFO:colcon.colcon_core.shell:Creating package script '/home/ubuntu/ws/uestc-26rc-vision/install/base/share/base/package.ps1'
[6.933s] INFO:colcon.colcon_core.shell:Creating package descriptor '/home/ubuntu/ws/uestc-26rc-vision/install/base/share/base/package.dsv'
[6.933s] INFO:colcon.colcon_core.shell:Creating package script '/home/ubuntu/ws/uestc-26rc-vision/install/base/share/base/package.sh'
[6.933s] INFO:colcon.colcon_core.shell:Creating package script '/home/ubuntu/ws/uestc-26rc-vision/install/base/share/base/package.bash'
[6.933s] INFO:colcon.colcon_core.shell:Creating package script '/home/ubuntu/ws/uestc-26rc-vision/install/base/share/base/package.zsh'
[6.934s] Level 1:colcon.colcon_core.environment:create_file_with_runtime_dependencies(/home/ubuntu/ws/uestc-26rc-vision/install/base/share/colcon-core/packages/base)
[6.934s] Level 1:colcon.colcon_core.environment:create_environment_scripts_only(base)
[6.934s] Level 1:colcon.colcon_core.environment:checking '/home/ubuntu/ws/uestc-26rc-vision/install/base' for CMake module files
[6.934s] Level 1:colcon.colcon_core.environment:checking '/home/ubuntu/ws/uestc-26rc-vision/install/base' for CMake config files
[6.934s] Level 1:colcon.colcon_core.shell:create_environment_hook('base', 'cmake_prefix_path')
[6.934s] INFO:colcon.colcon_core.shell:Creating environment hook '/home/ubuntu/ws/uestc-26rc-vision/install/base/share/base/hook/cmake_prefix_path.ps1'
[6.935s] INFO:colcon.colcon_core.shell:Creating environment descriptor '/home/ubuntu/ws/uestc-26rc-vision/install/base/share/base/hook/cmake_prefix_path.dsv'
[6.935s] INFO:colcon.colcon_core.shell:Creating environment hook '/home/ubuntu/ws/uestc-26rc-vision/install/base/share/base/hook/cmake_prefix_path.sh'
[6.935s] Level 1:colcon.colcon_core.environment:checking '/home/ubuntu/ws/uestc-26rc-vision/install/base/lib'
[6.935s] Level 1:colcon.colcon_core.environment:checking '/home/ubuntu/ws/uestc-26rc-vision/install/base/bin'
[6.935s] Level 1:colcon.colcon_core.environment:checking '/home/ubuntu/ws/uestc-26rc-vision/install/base/lib/pkgconfig/base.pc'
[6.935s] Level 1:colcon.colcon_core.environment:checking '/home/ubuntu/ws/uestc-26rc-vision/install/base/lib/python3.12/site-packages'
[6.936s] Level 1:colcon.colcon_core.environment:checking '/home/ubuntu/ws/uestc-26rc-vision/install/base/bin'
[6.936s] INFO:colcon.colcon_core.shell:Creating package script '/home/ubuntu/ws/uestc-26rc-vision/install/base/share/base/package.ps1'
[6.936s] INFO:colcon.colcon_core.shell:Creating package descriptor '/home/ubuntu/ws/uestc-26rc-vision/install/base/share/base/package.dsv'
[6.936s] INFO:colcon.colcon_core.shell:Creating package script '/home/ubuntu/ws/uestc-26rc-vision/install/base/share/base/package.sh'
[6.937s] INFO:colcon.colcon_core.shell:Creating package script '/home/ubuntu/ws/uestc-26rc-vision/install/base/share/base/package.bash'
[6.937s] INFO:colcon.colcon_core.shell:Creating package script '/home/ubuntu/ws/uestc-26rc-vision/install/base/share/base/package.zsh'
[6.937s] Level 1:colcon.colcon_core.environment:create_file_with_runtime_dependencies(/home/ubuntu/ws/uestc-26rc-vision/install/base/share/colcon-core/packages/base)
[6.937s] DEBUG:colcon.colcon_parallel_executor.executor.parallel:closing loop
[6.937s] DEBUG:colcon.colcon_parallel_executor.executor.parallel:loop closed
[6.937s] DEBUG:colcon.colcon_parallel_executor.executor.parallel:run_until_complete finished with '0'
[6.937s] DEBUG:colcon.colcon_core.event_reactor:joining thread
[6.938s] DEBUG:colcon.colcon_core.event_reactor:joined thread
[6.938s] INFO:colcon.colcon_core.shell:Creating prefix script '/home/ubuntu/ws/uestc-26rc-vision/install/local_setup.ps1'
[6.938s] INFO:colcon.colcon_core.shell:Creating prefix util module '/home/ubuntu/ws/uestc-26rc-vision/install/_local_setup_util_ps1.py'
[6.939s] INFO:colcon.colcon_core.shell:Creating prefix chain script '/home/ubuntu/ws/uestc-26rc-vision/install/setup.ps1'
[6.940s] INFO:colcon.colcon_core.shell:Creating prefix script '/home/ubuntu/ws/uestc-26rc-vision/install/local_setup.sh'
[6.940s] INFO:colcon.colcon_core.shell:Creating prefix util module '/home/ubuntu/ws/uestc-26rc-vision/install/_local_setup_util_sh.py'
[6.940s] INFO:colcon.colcon_core.shell:Creating prefix chain script '/home/ubuntu/ws/uestc-26rc-vision/install/setup.sh'
[6.941s] INFO:colcon.colcon_core.shell:Creating prefix script '/home/ubuntu/ws/uestc-26rc-vision/install/local_setup.bash'
[6.941s] INFO:colcon.colcon_core.shell:Creating prefix chain script '/home/ubuntu/ws/uestc-26rc-vision/install/setup.bash'
[6.941s] INFO:colcon.colcon_core.shell:Creating prefix script '/home/ubuntu/ws/uestc-26rc-vision/install/local_setup.zsh'
[6.941s] INFO:colcon.colcon_core.shell:Creating prefix chain script '/home/ubuntu/ws/uestc-26rc-vision/install/setup.zsh'
