-- The C compiler identification is GNU 13.3.0
-- The CXX compiler identification is GNU 13.3.0
-- Detecting C compiler ABI info
-- Detecting C compiler ABI info - done
-- Check for working C compiler: /usr/bin/cc - skipped
-- Detecting C compile features
-- Detecting C compile features - done
-- Detecting CXX compiler ABI info
-- Detecting CXX compiler ABI info - done
-- Check for working CXX compiler: /usr/bin/c++ - skipped
-- Detecting CXX compile features
-- Detecting CXX compile features - done
-- Found ament_cmake: 2.5.6 (/opt/ros/jazzy/share/ament_cmake/cmake)
-- Found Python3: /usr/bin/python3 (found version "3.12.3") found components: Interpreter 
-- Found rclcpp: 28.1.21 (/opt/ros/jazzy/share/rclcpp/cmake)
-- Found rosidl_generator_c: 4.6.9 (/opt/ros/jazzy/share/rosidl_generator_c/cmake)
-- Found rosidl_generator_cpp: 4.6.9 (/opt/ros/jazzy/share/rosidl_generator_cpp/cmake)
-- Using all available rosidl_typesupport_c: rosidl_typesupport_fastrtps_c;rosidl_typesupport_introspection_c
-- Using all available rosidl_typesupport_cpp: rosidl_typesupport_fastrtps_cpp;rosidl_typesupport_introspection_cpp
-- Found rmw_implementation_cmake: 7.3.3 (/opt/ros/jazzy/share/rmw_implementation_cmake/cmake)
-- Found rmw_fastrtps_cpp: 8.4.4 (/opt/ros/jazzy/share/rmw_fastrtps_cpp/cmake)
-- Found OpenSSL: /usr/lib/x86_64-linux-gnu/libcrypto.so (found version "3.0.13")  
-- Found FastRTPS: /opt/ros/jazzy/include (Required is at least version "2.13") 
-- Using RMW implementation 'rmw_fastrtps_cpp' as default
-- Found geometry_msgs: 5.3.8 (/opt/ros/jazzy/share/geometry_msgs/cmake)
-- Found serial: 1.2.1 (/home/ubuntu/ws/uestc-26rc-vision/ros2_ws/install/serial/share/serial/cmake)
-- Configuring done (0.7s)
-- Generating done (0.0s)
-- Build files have been written to: /home/ubuntu/ws/uestc-26rc-vision/ros2_ws/build/base
[ 50%] Building CXX object CMakeFiles/base_node.dir/src/base.cpp.o
[100%] Linking CXX executable base_node
[100%] Built target base_node
-- Install configuration: ""
-- Installing: /home/ubuntu/ws/uestc-26rc-vision/ros2_ws/install/base/lib/base/base_node
-- Set non-toolchain portion of runtime path of "/home/ubuntu/ws/uestc-26rc-vision/ros2_ws/install/base/lib/base/base_node" to ""
-- Installing: /home/ubuntu/ws/uestc-26rc-vision/ros2_ws/install/base/share/ament_index/resource_index/package_run_dependencies/base
-- Installing: /home/ubuntu/ws/uestc-26rc-vision/ros2_ws/install/base/share/ament_index/resource_index/parent_prefix_path/base
-- Installing: /home/ubuntu/ws/uestc-26rc-vision/ros2_ws/install/base/share/base/environment/ament_prefix_path.sh
-- Installing: /home/ubuntu/ws/uestc-26rc-vision/ros2_ws/install/base/share/base/environment/ament_prefix_path.dsv
-- Installing: /home/ubuntu/ws/uestc-26rc-vision/ros2_ws/install/base/share/base/environment/path.sh
-- Installing: /home/ubuntu/ws/uestc-26rc-vision/ros2_ws/install/base/share/base/environment/path.dsv
-- Installing: /home/ubuntu/ws/uestc-26rc-vision/ros2_ws/install/base/share/base/local_setup.bash
-- Installing: /home/ubuntu/ws/uestc-26rc-vision/ros2_ws/install/base/share/base/local_setup.sh
-- Installing: /home/ubuntu/ws/uestc-26rc-vision/ros2_ws/install/base/share/base/local_setup.zsh
-- Installing: /home/ubuntu/ws/uestc-26rc-vision/ros2_ws/install/base/share/base/local_setup.dsv
-- Installing: /home/ubuntu/ws/uestc-26rc-vision/ros2_ws/install/base/share/base/package.dsv
-- Installing: /home/ubuntu/ws/uestc-26rc-vision/ros2_ws/install/base/share/ament_index/resource_index/packages/base
-- Installing: /home/ubuntu/ws/uestc-26rc-vision/ros2_ws/install/base/share/base/cmake/baseConfig.cmake
-- Installing: /home/ubuntu/ws/uestc-26rc-vision/ros2_ws/install/base/share/base/cmake/baseConfig-version.cmake
-- Installing: /home/ubuntu/ws/uestc-26rc-vision/ros2_ws/install/base/share/base/package.xml
