[0.007s] Invoking command in '/home/ubuntu/ws/uestc-26rc-vision/ros2_ws/build/base': CMAKE_PREFIX_PATH=${CMAKE_PREFIX_PATH}:/opt/ros/jazzy DEBUGINFOD_URLS=https://debuginfod.ubuntu.com /usr/bin/cmake /home/ubuntu/ws/uestc-26rc-vision/ros2_ws/src/base -DCMAKE_INSTALL_PREFIX=/home/ubuntu/ws/uestc-26rc-vision/ros2_ws/install/base
[0.041s] -- The C compiler identification is GNU 13.3.0
[0.077s] -- The CXX compiler identification is GNU 13.3.0
[0.087s] -- Detecting C compiler ABI info
[0.145s] -- Detecting C compiler ABI info - done
[0.151s] -- Check for working C compiler: /usr/bin/cc - skipped
[0.152s] -- Detecting C compile features
[0.152s] -- Detecting C compile features - done
[0.159s] -- Detecting CXX compiler ABI info
[0.224s] -- Detecting CXX compiler ABI info - done
[0.231s] -- Check for working CXX compiler: /usr/bin/c++ - skipped
[0.231s] -- Detecting CXX compile features
[0.232s] -- Detecting CXX compile features - done
[0.233s] -- Found ament_cmake: 2.5.6 (/opt/ros/jazzy/share/ament_cmake/cmake)
[0.323s] -- Found Python3: /usr/bin/python3 (found version "3.12.3") found components: Interpreter 
[0.389s] -- Found rclcpp: 28.1.21 (/opt/ros/jazzy/share/rclcpp/cmake)
[0.414s] -- Found rosidl_generator_c: 4.6.9 (/opt/ros/jazzy/share/rosidl_generator_c/cmake)
[0.424s] -- Found rosidl_generator_cpp: 4.6.9 (/opt/ros/jazzy/share/rosidl_generator_cpp/cmake)
[0.434s] -- Using all available rosidl_typesupport_c: rosidl_typesupport_fastrtps_c;rosidl_typesupport_introspection_c
[0.445s] -- Using all available rosidl_typesupport_cpp: rosidl_typesupport_fastrtps_cpp;rosidl_typesupport_introspection_cpp
[0.497s] -- Found rmw_implementation_cmake: 7.3.3 (/opt/ros/jazzy/share/rmw_implementation_cmake/cmake)
[0.499s] -- Found rmw_fastrtps_cpp: 8.4.4 (/opt/ros/jazzy/share/rmw_fastrtps_cpp/cmake)
[0.546s] -- Found OpenSSL: /usr/lib/x86_64-linux-gnu/libcrypto.so (found version "3.0.13")  
[0.559s] -- Found FastRTPS: /opt/ros/jazzy/include (Required is at least version "2.13") 
[0.576s] -- Using RMW implementation 'rmw_fastrtps_cpp' as default
[0.634s] -- Found geometry_msgs: 5.3.8 (/opt/ros/jazzy/share/geometry_msgs/cmake)
[0.659s] -- Found serial: 1.2.1 (/home/ubuntu/ws/uestc-26rc-vision/ros2_ws/install/serial/share/serial/cmake)
[0.722s] -- Configuring done (0.7s)
[0.729s] -- Generating done (0.0s)
[0.732s] -- Build files have been written to: /home/ubuntu/ws/uestc-26rc-vision/ros2_ws/build/base
[0.739s] Invoked command in '/home/ubuntu/ws/uestc-26rc-vision/ros2_ws/build/base' returned '0': CMAKE_PREFIX_PATH=${CMAKE_PREFIX_PATH}:/opt/ros/jazzy DEBUGINFOD_URLS=https://debuginfod.ubuntu.com /usr/bin/cmake /home/ubuntu/ws/uestc-26rc-vision/ros2_ws/src/base -DCMAKE_INSTALL_PREFIX=/home/ubuntu/ws/uestc-26rc-vision/ros2_ws/install/base
[0.740s] Invoking command in '/home/ubuntu/ws/uestc-26rc-vision/ros2_ws/build/base': CMAKE_PREFIX_PATH=${CMAKE_PREFIX_PATH}:/opt/ros/jazzy DEBUGINFOD_URLS=https://debuginfod.ubuntu.com /usr/bin/cmake --build /home/ubuntu/ws/uestc-26rc-vision/ros2_ws/build/base -- -j8 -l8
[0.773s] [ 50%] Building CXX object CMakeFiles/base_node.dir/src/base.cpp.o
[5.580s] [100%] Linking CXX executable base_node
[5.767s] [100%] Built target base_node
[5.785s] Invoked command in '/home/ubuntu/ws/uestc-26rc-vision/ros2_ws/build/base' returned '0': CMAKE_PREFIX_PATH=${CMAKE_PREFIX_PATH}:/opt/ros/jazzy DEBUGINFOD_URLS=https://debuginfod.ubuntu.com /usr/bin/cmake --build /home/ubuntu/ws/uestc-26rc-vision/ros2_ws/build/base -- -j8 -l8
[5.791s] Invoking command in '/home/ubuntu/ws/uestc-26rc-vision/ros2_ws/build/base': CMAKE_PREFIX_PATH=${CMAKE_PREFIX_PATH}:/opt/ros/jazzy DEBUGINFOD_URLS=https://debuginfod.ubuntu.com /usr/bin/cmake --install /home/ubuntu/ws/uestc-26rc-vision/ros2_ws/build/base
[5.797s] -- Install configuration: ""
[5.797s] -- Installing: /home/ubuntu/ws/uestc-26rc-vision/ros2_ws/install/base/lib/base/base_node
[5.799s] -- Set non-toolchain portion of runtime path of "/home/ubuntu/ws/uestc-26rc-vision/ros2_ws/install/base/lib/base/base_node" to ""
[5.799s] -- Installing: /home/ubuntu/ws/uestc-26rc-vision/ros2_ws/install/base/share/ament_index/resource_index/package_run_dependencies/base
[5.799s] -- Installing: /home/ubuntu/ws/uestc-26rc-vision/ros2_ws/install/base/share/ament_index/resource_index/parent_prefix_path/base
[5.799s] -- Installing: /home/ubuntu/ws/uestc-26rc-vision/ros2_ws/install/base/share/base/environment/ament_prefix_path.sh
[5.799s] -- Installing: /home/ubuntu/ws/uestc-26rc-vision/ros2_ws/install/base/share/base/environment/ament_prefix_path.dsv
[5.799s] -- Installing: /home/ubuntu/ws/uestc-26rc-vision/ros2_ws/install/base/share/base/environment/path.sh
[5.800s] -- Installing: /home/ubuntu/ws/uestc-26rc-vision/ros2_ws/install/base/share/base/environment/path.dsv
[5.800s] -- Installing: /home/ubuntu/ws/uestc-26rc-vision/ros2_ws/install/base/share/base/local_setup.bash
[5.800s] -- Installing: /home/ubuntu/ws/uestc-26rc-vision/ros2_ws/install/base/share/base/local_setup.sh
[5.800s] -- Installing: /home/ubuntu/ws/uestc-26rc-vision/ros2_ws/install/base/share/base/local_setup.zsh
[5.800s] -- Installing: /home/ubuntu/ws/uestc-26rc-vision/ros2_ws/install/base/share/base/local_setup.dsv
[5.800s] -- Installing: /home/ubuntu/ws/uestc-26rc-vision/ros2_ws/install/base/share/base/package.dsv
[5.800s] -- Installing: /home/ubuntu/ws/uestc-26rc-vision/ros2_ws/install/base/share/ament_index/resource_index/packages/base
[5.800s] -- Installing: /home/ubuntu/ws/uestc-26rc-vision/ros2_ws/install/base/share/base/cmake/baseConfig.cmake
[5.800s] -- Installing: /home/ubuntu/ws/uestc-26rc-vision/ros2_ws/install/base/share/base/cmake/baseConfig-version.cmake
[5.800s] -- Installing: /home/ubuntu/ws/uestc-26rc-vision/ros2_ws/install/base/share/base/package.xml
[5.801s] Invoked command in '/home/ubuntu/ws/uestc-26rc-vision/ros2_ws/build/base' returned '0': CMAKE_PREFIX_PATH=${CMAKE_PREFIX_PATH}:/opt/ros/jazzy DEBUGINFOD_URLS=https://debuginfod.ubuntu.com /usr/bin/cmake --install /home/ubuntu/ws/uestc-26rc-vision/ros2_ws/build/base
