[0.007s] Invoking command in '/home/ubuntu/ws/uestc-26rc-vision/ros2_ws/build/base': CMAKE_PREFIX_PATH=/home/ubuntu/ws/uestc-26rc-vision/ros2_ws/install/serial:/home/ubuntu/ws/uestc-26rc-vision/ros2_ws/install/base:/opt/ros/jazzy/opt/gz_math_vendor:/opt/ros/jazzy/opt/gz_utils_vendor:/opt/ros/jazzy/opt/gz_cmake_vendor:/opt/ros/jazzy DEBUGINFOD_URLS=https://debuginfod.ubuntu.com /usr/bin/cmake --build /home/ubuntu/ws/uestc-26rc-vision/ros2_ws/build/base -- -j8 -l8
[0.048s] [ 25%] Building CXX object CMakeFiles/base_node.dir/src/base.cpp.o
[8.012s] [ 50%] Linking CXX executable base_node
[8.281s] [100%] Built target base_node
[8.288s] Invoked command in '/home/ubuntu/ws/uestc-26rc-vision/ros2_ws/build/base' returned '0': CMAKE_PREFIX_PATH=/home/ubuntu/ws/uestc-26rc-vision/ros2_ws/install/serial:/home/ubuntu/ws/uestc-26rc-vision/ros2_ws/install/base:/opt/ros/jazzy/opt/gz_math_vendor:/opt/ros/jazzy/opt/gz_utils_vendor:/opt/ros/jazzy/opt/gz_cmake_vendor:/opt/ros/jazzy DEBUGINFOD_URLS=https://debuginfod.ubuntu.com /usr/bin/cmake --build /home/ubuntu/ws/uestc-26rc-vision/ros2_ws/build/base -- -j8 -l8
[8.294s] Invoking command in '/home/ubuntu/ws/uestc-26rc-vision/ros2_ws/build/base': CMAKE_PREFIX_PATH=/home/ubuntu/ws/uestc-26rc-vision/ros2_ws/install/serial:/home/ubuntu/ws/uestc-26rc-vision/ros2_ws/install/base:/opt/ros/jazzy/opt/gz_math_vendor:/opt/ros/jazzy/opt/gz_utils_vendor:/opt/ros/jazzy/opt/gz_cmake_vendor:/opt/ros/jazzy DEBUGINFOD_URLS=https://debuginfod.ubuntu.com /usr/bin/cmake --install /home/ubuntu/ws/uestc-26rc-vision/ros2_ws/build/base
[8.299s] -- Install configuration: ""
[8.299s] -- Installing: /home/ubuntu/ws/uestc-26rc-vision/ros2_ws/install/base/lib/base/base_node
[8.303s] -- Set non-toolchain portion of runtime path of "/home/ubuntu/ws/uestc-26rc-vision/ros2_ws/install/base/lib/base/base_node" to ""
[8.303s] -- Up-to-date: /home/ubuntu/ws/uestc-26rc-vision/ros2_ws/install/base/share/ament_index/resource_index/package_run_dependencies/base
[8.303s] -- Up-to-date: /home/ubuntu/ws/uestc-26rc-vision/ros2_ws/install/base/share/ament_index/resource_index/parent_prefix_path/base
[8.304s] -- Up-to-date: /home/ubuntu/ws/uestc-26rc-vision/ros2_ws/install/base/share/base/environment/ament_prefix_path.sh
[8.304s] -- Up-to-date: /home/ubuntu/ws/uestc-26rc-vision/ros2_ws/install/base/share/base/environment/ament_prefix_path.dsv
[8.304s] -- Up-to-date: /home/ubuntu/ws/uestc-26rc-vision/ros2_ws/install/base/share/base/environment/path.sh
[8.304s] -- Up-to-date: /home/ubuntu/ws/uestc-26rc-vision/ros2_ws/install/base/share/base/environment/path.dsv
[8.304s] -- Up-to-date: /home/ubuntu/ws/uestc-26rc-vision/ros2_ws/install/base/share/base/local_setup.bash
[8.304s] -- Up-to-date: /home/ubuntu/ws/uestc-26rc-vision/ros2_ws/install/base/share/base/local_setup.sh
[8.304s] -- Up-to-date: /home/ubuntu/ws/uestc-26rc-vision/ros2_ws/install/base/share/base/local_setup.zsh
[8.304s] -- Up-to-date: /home/ubuntu/ws/uestc-26rc-vision/ros2_ws/install/base/share/base/local_setup.dsv
[8.304s] -- Installing: /home/ubuntu/ws/uestc-26rc-vision/ros2_ws/install/base/share/base/package.dsv
[8.304s] -- Up-to-date: /home/ubuntu/ws/uestc-26rc-vision/ros2_ws/install/base/share/ament_index/resource_index/packages/base
[8.304s] -- Up-to-date: /home/ubuntu/ws/uestc-26rc-vision/ros2_ws/install/base/share/base/cmake/baseConfig.cmake
[8.304s] -- Up-to-date: /home/ubuntu/ws/uestc-26rc-vision/ros2_ws/install/base/share/base/cmake/baseConfig-version.cmake
[8.304s] -- Up-to-date: /home/ubuntu/ws/uestc-26rc-vision/ros2_ws/install/base/share/base/package.xml
[8.305s] Invoked command in '/home/ubuntu/ws/uestc-26rc-vision/ros2_ws/build/base' returned '0': CMAKE_PREFIX_PATH=/home/ubuntu/ws/uestc-26rc-vision/ros2_ws/install/serial:/home/ubuntu/ws/uestc-26rc-vision/ros2_ws/install/base:/opt/ros/jazzy/opt/gz_math_vendor:/opt/ros/jazzy/opt/gz_utils_vendor:/opt/ros/jazzy/opt/gz_cmake_vendor:/opt/ros/jazzy DEBUGINFOD_URLS=https://debuginfod.ubuntu.com /usr/bin/cmake --install /home/ubuntu/ws/uestc-26rc-vision/ros2_ws/build/base
