-- Found ament_cmake: 2.5.6 (/opt/ros/jazzy/share/ament_cmake/cmake)
-- Configuring done (0.2s)
-- Generating done (0.0s)
-- Build files have been written to: /home/ubuntu/ws/uestc-26rc-vision/ros2_ws/build/serial
[ 50%] Building CXX object CMakeFiles/serial.dir/src/impl/unix.cc.o
[ 50%] Building CXX object CMakeFiles/serial.dir/src/serial.cc.o
[ 75%] Building CXX object CMakeFiles/serial.dir/src/impl/list_ports/list_ports_linux.cc.o
[100%] Linking CXX static library libserial.a
[100%] Built target serial
-- Install configuration: ""
-- Up-to-date: /home/ubuntu/ws/uestc-26rc-vision/ros2_ws/install/serial/share/serial/environment/library_path.sh
-- Up-to-date: /home/ubuntu/ws/uestc-26rc-vision/ros2_ws/install/serial/share/serial/environment/library_path.dsv
-- Installing: /home/ubuntu/ws/uestc-26rc-vision/ros2_ws/install/serial/lib/libserial.a
-- Up-to-date: /home/ubuntu/ws/uestc-26rc-vision/ros2_ws/install/serial/include/serial/serial.h
-- Up-to-date: /home/ubuntu/ws/uestc-26rc-vision/ros2_ws/install/serial/include/serial/v8stdint.h
-- Installing: /home/ubuntu/ws/uestc-26rc-vision/ros2_ws/install/serial/share/serial/cmake/serial_targets.cmake
-- Installing: /home/ubuntu/ws/uestc-26rc-vision/ros2_ws/install/serial/share/serial/cmake/serial_targets-noconfig.cmake
-- Up-to-date: /home/ubuntu/ws/uestc-26rc-vision/ros2_ws/install/serial/share/ament_index/resource_index/package_run_dependencies/serial
-- Installing: /home/ubuntu/ws/uestc-26rc-vision/ros2_ws/install/serial/share/ament_index/resource_index/parent_prefix_path/serial
-- Up-to-date: /home/ubuntu/ws/uestc-26rc-vision/ros2_ws/install/serial/share/serial/environment/ament_prefix_path.sh
-- Up-to-date: /home/ubuntu/ws/uestc-26rc-vision/ros2_ws/install/serial/share/serial/environment/ament_prefix_path.dsv
-- Up-to-date: /home/ubuntu/ws/uestc-26rc-vision/ros2_ws/install/serial/share/serial/environment/path.sh
-- Up-to-date: /home/ubuntu/ws/uestc-26rc-vision/ros2_ws/install/serial/share/serial/environment/path.dsv
-- Up-to-date: /home/ubuntu/ws/uestc-26rc-vision/ros2_ws/install/serial/share/serial/local_setup.bash
-- Up-to-date: /home/ubuntu/ws/uestc-26rc-vision/ros2_ws/install/serial/share/serial/local_setup.sh
-- Up-to-date: /home/ubuntu/ws/uestc-26rc-vision/ros2_ws/install/serial/share/serial/local_setup.zsh
-- Up-to-date: /home/ubuntu/ws/uestc-26rc-vision/ros2_ws/install/serial/share/serial/local_setup.dsv
-- Up-to-date: /home/ubuntu/ws/uestc-26rc-vision/ros2_ws/install/serial/share/serial/package.dsv
-- Up-to-date: /home/ubuntu/ws/uestc-26rc-vision/ros2_ws/install/serial/share/ament_index/resource_index/packages/serial
-- Installing: /home/ubuntu/ws/uestc-26rc-vision/ros2_ws/install/serial/share/serial/cmake/serial_targetsExport.cmake
-- Installing: /home/ubuntu/ws/uestc-26rc-vision/ros2_ws/install/serial/share/serial/cmake/serial_targetsExport-noconfig.cmake
-- Up-to-date: /home/ubuntu/ws/uestc-26rc-vision/ros2_ws/install/serial/share/serial/cmake/ament_cmake_export_include_directories-extras.cmake
-- Installing: /home/ubuntu/ws/uestc-26rc-vision/ros2_ws/install/serial/share/serial/cmake/ament_cmake_export_targets-extras.cmake
-- Installing: /home/ubuntu/ws/uestc-26rc-vision/ros2_ws/install/serial/share/serial/cmake/serialConfig.cmake
-- Up-to-date: /home/ubuntu/ws/uestc-26rc-vision/ros2_ws/install/serial/share/serial/cmake/serialConfig-version.cmake
-- Up-to-date: /home/ubuntu/ws/uestc-26rc-vision/ros2_ws/install/serial/share/serial/package.xml
