[0.005s] Invoking command in '/home/ubuntu/ws/uestc-26rc-vision/ros2_ws/build/serial': CMAKE_PREFIX_PATH=${CMAKE_PREFIX_PATH}:/opt/ros/jazzy DEBUGINFOD_URLS=https://debuginfod.ubuntu.com /usr/bin/cmake /home/ubuntu/ws/uestc-26rc-vision/ros2_ws/src/serial -DCMAKE_EXPORT_COMPILE_COMMANDS=ON -DCMAKE_INSTALL_PREFIX=/home/ubuntu/ws/uestc-26rc-vision/ros2_ws/install/serial
[0.014s] -- Found ament_cmake: 2.5.6 (/opt/ros/jazzy/share/ament_cmake/cmake)
[0.223s] -- Configuring done (0.2s)
[0.228s] -- Generating done (0.0s)
[0.229s] -- Build files have been written to: /home/ubuntu/ws/uestc-26rc-vision/ros2_ws/build/serial
[0.231s] Invoked command in '/home/ubuntu/ws/uestc-26rc-vision/ros2_ws/build/serial' returned '0': CMAKE_PREFIX_PATH=${CMAKE_PREFIX_PATH}:/opt/ros/jazzy DEBUGINFOD_URLS=https://debuginfod.ubuntu.com /usr/bin/cmake /home/ubuntu/ws/uestc-26rc-vision/ros2_ws/src/serial -DCMAKE_EXPORT_COMPILE_COMMANDS=ON -DCMAKE_INSTALL_PREFIX=/home/ubuntu/ws/uestc-26rc-vision/ros2_ws/install/serial
[0.231s] Invoking command in '/home/ubuntu/ws/uestc-26rc-vision/ros2_ws/build/serial': CMAKE_PREFIX_PATH=${CMAKE_PREFIX_PATH}:/opt/ros/jazzy DEBUGINFOD_URLS=https://debuginfod.ubuntu.com /usr/bin/cmake --build /home/ubuntu/ws/uestc-26rc-vision/ros2_ws/build/serial -- -j8 -l8
[0.264s] [100%] Built target serial
[0.271s] Invoked command in '/home/ubuntu/ws/uestc-26rc-vision/ros2_ws/build/serial' returned '0': CMAKE_PREFIX_PATH=${CMAKE_PREFIX_PATH}:/opt/ros/jazzy DEBUGINFOD_URLS=https://debuginfod.ubuntu.com /usr/bin/cmake --build /home/ubuntu/ws/uestc-26rc-vision/ros2_ws/build/serial -- -j8 -l8
[0.277s] Invoking command in '/home/ubuntu/ws/uestc-26rc-vision/ros2_ws/build/serial': CMAKE_PREFIX_PATH=${CMAKE_PREFIX_PATH}:/opt/ros/jazzy DEBUGINFOD_URLS=https://debuginfod.ubuntu.com /usr/bin/cmake --install /home/ubuntu/ws/uestc-26rc-vision/ros2_ws/build/serial
[0.281s] -- Install configuration: ""
[0.281s] -- Up-to-date: /home/ubuntu/ws/uestc-26rc-vision/ros2_ws/install/serial/share/serial/environment/library_path.sh
[0.281s] -- Up-to-date: /home/ubuntu/ws/uestc-26rc-vision/ros2_ws/install/serial/share/serial/environment/library_path.dsv
[0.282s] -- Up-to-date: /home/ubuntu/ws/uestc-26rc-vision/ros2_ws/install/serial/lib/libserial.a
[0.282s] -- Up-to-date: /home/ubuntu/ws/uestc-26rc-vision/ros2_ws/install/serial/include/serial/serial.h
[0.282s] -- Up-to-date: /home/ubuntu/ws/uestc-26rc-vision/ros2_ws/install/serial/include/serial/v8stdint.h
[0.282s] -- Up-to-date: /home/ubuntu/ws/uestc-26rc-vision/ros2_ws/install/serial/share/serial/cmake/serial_targets.cmake
[0.282s] -- Up-to-date: /home/ubuntu/ws/uestc-26rc-vision/ros2_ws/install/serial/share/serial/cmake/serial_targets-noconfig.cmake
[0.282s] -- Up-to-date: /home/ubuntu/ws/uestc-26rc-vision/ros2_ws/install/serial/share/ament_index/resource_index/package_run_dependencies/serial
[0.282s] -- Installing: /home/ubuntu/ws/uestc-26rc-vision/ros2_ws/install/serial/share/ament_index/resource_index/parent_prefix_path/serial
[0.282s] -- Up-to-date: /home/ubuntu/ws/uestc-26rc-vision/ros2_ws/install/serial/share/serial/environment/ament_prefix_path.sh
[0.282s] -- Up-to-date: /home/ubuntu/ws/uestc-26rc-vision/ros2_ws/install/serial/share/serial/environment/ament_prefix_path.dsv
[0.282s] -- Up-to-date: /home/ubuntu/ws/uestc-26rc-vision/ros2_ws/install/serial/share/serial/environment/path.sh
[0.282s] -- Up-to-date: /home/ubuntu/ws/uestc-26rc-vision/ros2_ws/install/serial/share/serial/environment/path.dsv
[0.282s] -- Up-to-date: /home/ubuntu/ws/uestc-26rc-vision/ros2_ws/install/serial/share/serial/local_setup.bash
[0.282s] -- Up-to-date: /home/ubuntu/ws/uestc-26rc-vision/ros2_ws/install/serial/share/serial/local_setup.sh
[0.282s] -- Up-to-date: /home/ubuntu/ws/uestc-26rc-vision/ros2_ws/install/serial/share/serial/local_setup.zsh
[0.282s] -- Up-to-date: /home/ubuntu/ws/uestc-26rc-vision/ros2_ws/install/serial/share/serial/local_setup.dsv
[0.282s] -- Installing: /home/ubuntu/ws/uestc-26rc-vision/ros2_ws/install/serial/share/serial/package.dsv
[0.282s] -- Up-to-date: /home/ubuntu/ws/uestc-26rc-vision/ros2_ws/install/serial/share/ament_index/resource_index/packages/serial
[0.283s] -- Up-to-date: /home/ubuntu/ws/uestc-26rc-vision/ros2_ws/install/serial/share/serial/cmake/serial_targetsExport.cmake
[0.283s] -- Up-to-date: /home/ubuntu/ws/uestc-26rc-vision/ros2_ws/install/serial/share/serial/cmake/serial_targetsExport-noconfig.cmake
[0.283s] -- Up-to-date: /home/ubuntu/ws/uestc-26rc-vision/ros2_ws/install/serial/share/serial/cmake/ament_cmake_export_include_directories-extras.cmake
[0.283s] -- Up-to-date: /home/ubuntu/ws/uestc-26rc-vision/ros2_ws/install/serial/share/serial/cmake/ament_cmake_export_targets-extras.cmake
[0.283s] -- Up-to-date: /home/ubuntu/ws/uestc-26rc-vision/ros2_ws/install/serial/share/serial/cmake/serialConfig.cmake
[0.283s] -- Up-to-date: /home/ubuntu/ws/uestc-26rc-vision/ros2_ws/install/serial/share/serial/cmake/serialConfig-version.cmake
[0.283s] -- Up-to-date: /home/ubuntu/ws/uestc-26rc-vision/ros2_ws/install/serial/share/serial/package.xml
[0.283s] Invoked command in '/home/ubuntu/ws/uestc-26rc-vision/ros2_ws/build/serial' returned '0': CMAKE_PREFIX_PATH=${CMAKE_PREFIX_PATH}:/opt/ros/jazzy DEBUGINFOD_URLS=https://debuginfod.ubuntu.com /usr/bin/cmake --install /home/ubuntu/ws/uestc-26rc-vision/ros2_ws/build/serial
