-- The C compiler identification is GNU 15.2.0
-- The CXX compiler identification is GNU 15.2.0
-- Detecting C compiler ABI info
-- Detecting C compiler ABI info - done
-- Check for working C compiler: /usr/bin/cc - skipped
-- Detecting C compile features
-- Detecting C compile features - done
-- Detecting CXX compiler ABI info
-- Detecting CXX compiler ABI info - done
-- Check for working CXX compiler: /usr/bin/c++ - skipped
-- Detecting CXX compile features
-- Detecting CXX compile features - done
-- Found ament_cmake: 2.8.8 (/opt/ros/lyrical/share/ament_cmake/cmake)
-- Configuring done (0.3s)
-- Generating done (0.0s)
-- Build files have been written to: /run/media/lw3/新加卷/Emb_Sys/projects/26rcteam1/vision/ros2_ws/build/serial
[ 25%] Building CXX object CMakeFiles/serial.dir/src/serial.cc.o
[ 50%] Building CXX object CMakeFiles/serial.dir/src/impl/unix.cc.o
[ 75%] Building CXX object CMakeFiles/serial.dir/src/impl/list_ports/list_ports_linux.cc.o
[100%] Linking CXX static library libserial.a
[100%] Built target serial
-- Install configuration: ""
-- Installing: /run/media/lw3/新加卷/Emb_Sys/projects/26rcteam1/vision/ros2_ws/install/serial/share/serial/environment/library_path.sh
-- Installing: /run/media/lw3/新加卷/Emb_Sys/projects/26rcteam1/vision/ros2_ws/install/serial/share/serial/environment/library_path.dsv
-- Installing: /run/media/lw3/新加卷/Emb_Sys/projects/26rcteam1/vision/ros2_ws/install/serial/lib/libserial.a
-- Installing: /run/media/lw3/新加卷/Emb_Sys/projects/26rcteam1/vision/ros2_ws/install/serial/include/serial/serial.h
-- Installing: /run/media/lw3/新加卷/Emb_Sys/projects/26rcteam1/vision/ros2_ws/install/serial/include/serial/v8stdint.h
-- Installing: /run/media/lw3/新加卷/Emb_Sys/projects/26rcteam1/vision/ros2_ws/install/serial/share/ament_index/resource_index/package_run_dependencies/serial
-- Installing: /run/media/lw3/新加卷/Emb_Sys/projects/26rcteam1/vision/ros2_ws/install/serial/share/ament_index/resource_index/parent_prefix_path/serial
-- Installing: /run/media/lw3/新加卷/Emb_Sys/projects/26rcteam1/vision/ros2_ws/install/serial/share/serial/environment/ament_prefix_path.sh
-- Installing: /run/media/lw3/新加卷/Emb_Sys/projects/26rcteam1/vision/ros2_ws/install/serial/share/serial/environment/ament_prefix_path.dsv
-- Installing: /run/media/lw3/新加卷/Emb_Sys/projects/26rcteam1/vision/ros2_ws/install/serial/share/serial/environment/path.sh
-- Installing: /run/media/lw3/新加卷/Emb_Sys/projects/26rcteam1/vision/ros2_ws/install/serial/share/serial/environment/path.dsv
-- Installing: /run/media/lw3/新加卷/Emb_Sys/projects/26rcteam1/vision/ros2_ws/install/serial/share/serial/local_setup.bash
-- Installing: /run/media/lw3/新加卷/Emb_Sys/projects/26rcteam1/vision/ros2_ws/install/serial/share/serial/local_setup.fish
-- Installing: /run/media/lw3/新加卷/Emb_Sys/projects/26rcteam1/vision/ros2_ws/install/serial/share/serial/local_setup.sh
-- Installing: /run/media/lw3/新加卷/Emb_Sys/projects/26rcteam1/vision/ros2_ws/install/serial/share/serial/local_setup.zsh
-- Installing: /run/media/lw3/新加卷/Emb_Sys/projects/26rcteam1/vision/ros2_ws/install/serial/share/serial/local_setup.dsv
-- Installing: /run/media/lw3/新加卷/Emb_Sys/projects/26rcteam1/vision/ros2_ws/install/serial/share/serial/package.dsv
-- Installing: /run/media/lw3/新加卷/Emb_Sys/projects/26rcteam1/vision/ros2_ws/install/serial/share/ament_index/resource_index/packages/serial
-- Installing: /run/media/lw3/新加卷/Emb_Sys/projects/26rcteam1/vision/ros2_ws/install/serial/share/serial/cmake/ament_cmake_export_include_directories-extras.cmake
-- Installing: /run/media/lw3/新加卷/Emb_Sys/projects/26rcteam1/vision/ros2_ws/install/serial/share/serial/cmake/ament_cmake_export_libraries-extras.cmake
-- Installing: /run/media/lw3/新加卷/Emb_Sys/projects/26rcteam1/vision/ros2_ws/install/serial/share/serial/cmake/serialConfig.cmake
-- Installing: /run/media/lw3/新加卷/Emb_Sys/projects/26rcteam1/vision/ros2_ws/install/serial/share/serial/cmake/serialConfig-version.cmake
-- Installing: /run/media/lw3/新加卷/Emb_Sys/projects/26rcteam1/vision/ros2_ws/install/serial/share/serial/package.xml
