[0.005s] Invoking command in '/run/media/lw3/新加卷/Emb_Sys/projects/26rcteam1/vision/ros2_ws/build/serial': CMAKE_PREFIX_PATH=${CMAKE_PREFIX_PATH}:/opt/ros/lyrical DEBUGINFOD_URLS=https://debuginfod.ubuntu.com /usr/bin/cmake /run/media/lw3/新加卷/Emb_Sys/projects/26rcteam1/vision/ros2_ws/src/serial -DCMAKE_INSTALL_PREFIX=/run/media/lw3/新加卷/Emb_Sys/projects/26rcteam1/vision/ros2_ws/install/serial
[0.008s] CMake Deprecation Warning at CMakeLists.txt:1 (cmake_minimum_required):
[0.008s]   Compatibility with CMake < 3.10 will be removed from a future version of
[0.008s]   CMake.
[0.009s] 
[0.009s]   Update the VERSION argument <min> value.  Or, use the <min>...<max> syntax
[0.009s]   to tell CMake that the project requires at least <min> but has been updated
[0.009s]   to work with policies introduced by <max> or earlier.
[0.009s] 
[0.009s] 
[0.051s] -- The C compiler identification is GNU 15.2.0
[0.079s] -- The CXX compiler identification is GNU 15.2.0
[0.082s] -- Detecting C compiler ABI info
[0.115s] -- Detecting C compiler ABI info - done
[0.121s] -- Check for working C compiler: /usr/bin/cc - skipped
[0.121s] -- Detecting C compile features
[0.122s] -- Detecting C compile features - done
[0.126s] -- Detecting CXX compiler ABI info
[0.161s] -- Detecting CXX compiler ABI info - done
[0.168s] -- Check for working CXX compiler: /usr/bin/c++ - skipped
[0.168s] -- Detecting CXX compile features
[0.168s] -- Detecting CXX compile features - done
[0.172s] -- Found ament_cmake: 2.8.8 (/opt/ros/lyrical/share/ament_cmake/cmake)
[0.340s] -- Configuring done (0.3s)
[0.343s] -- Generating done (0.0s)
[0.345s] -- Build files have been written to: /run/media/lw3/新加卷/Emb_Sys/projects/26rcteam1/vision/ros2_ws/build/serial
[0.347s] Invoked command in '/run/media/lw3/新加卷/Emb_Sys/projects/26rcteam1/vision/ros2_ws/build/serial' returned '0': CMAKE_PREFIX_PATH=${CMAKE_PREFIX_PATH}:/opt/ros/lyrical DEBUGINFOD_URLS=https://debuginfod.ubuntu.com /usr/bin/cmake /run/media/lw3/新加卷/Emb_Sys/projects/26rcteam1/vision/ros2_ws/src/serial -DCMAKE_INSTALL_PREFIX=/run/media/lw3/新加卷/Emb_Sys/projects/26rcteam1/vision/ros2_ws/install/serial
[0.348s] Invoking command in '/run/media/lw3/新加卷/Emb_Sys/projects/26rcteam1/vision/ros2_ws/build/serial': CMAKE_PREFIX_PATH=${CMAKE_PREFIX_PATH}:/opt/ros/lyrical DEBUGINFOD_URLS=https://debuginfod.ubuntu.com /usr/bin/cmake --build /run/media/lw3/新加卷/Emb_Sys/projects/26rcteam1/vision/ros2_ws/build/serial -- -j12 -l12
[0.365s] [ 25%] Building CXX object CMakeFiles/serial.dir/src/serial.cc.o
[0.365s] [ 50%] Building CXX object CMakeFiles/serial.dir/src/impl/unix.cc.o
[0.365s] [ 75%] Building CXX object CMakeFiles/serial.dir/src/impl/list_ports/list_ports_linux.cc.o
[0.556s] [100%] Linking CXX static library libserial.a
[0.581s] [100%] Built target serial
[0.585s] Invoked command in '/run/media/lw3/新加卷/Emb_Sys/projects/26rcteam1/vision/ros2_ws/build/serial' returned '0': CMAKE_PREFIX_PATH=${CMAKE_PREFIX_PATH}:/opt/ros/lyrical DEBUGINFOD_URLS=https://debuginfod.ubuntu.com /usr/bin/cmake --build /run/media/lw3/新加卷/Emb_Sys/projects/26rcteam1/vision/ros2_ws/build/serial -- -j12 -l12
[0.588s] Invoking command in '/run/media/lw3/新加卷/Emb_Sys/projects/26rcteam1/vision/ros2_ws/build/serial': CMAKE_PREFIX_PATH=${CMAKE_PREFIX_PATH}:/opt/ros/lyrical DEBUGINFOD_URLS=https://debuginfod.ubuntu.com /usr/bin/cmake --install /run/media/lw3/新加卷/Emb_Sys/projects/26rcteam1/vision/ros2_ws/build/serial
[0.591s] -- Install configuration: ""
[0.591s] -- Installing: /run/media/lw3/新加卷/Emb_Sys/projects/26rcteam1/vision/ros2_ws/install/serial/share/serial/environment/library_path.sh
[0.591s] -- Installing: /run/media/lw3/新加卷/Emb_Sys/projects/26rcteam1/vision/ros2_ws/install/serial/share/serial/environment/library_path.dsv
[0.591s] -- Installing: /run/media/lw3/新加卷/Emb_Sys/projects/26rcteam1/vision/ros2_ws/install/serial/lib/libserial.a
[0.591s] -- Installing: /run/media/lw3/新加卷/Emb_Sys/projects/26rcteam1/vision/ros2_ws/install/serial/include/serial/serial.h
[0.591s] -- Installing: /run/media/lw3/新加卷/Emb_Sys/projects/26rcteam1/vision/ros2_ws/install/serial/include/serial/v8stdint.h
[0.591s] -- Installing: /run/media/lw3/新加卷/Emb_Sys/projects/26rcteam1/vision/ros2_ws/install/serial/share/ament_index/resource_index/package_run_dependencies/serial
[0.591s] -- Installing: /run/media/lw3/新加卷/Emb_Sys/projects/26rcteam1/vision/ros2_ws/install/serial/share/ament_index/resource_index/parent_prefix_path/serial
[0.591s] -- Installing: /run/media/lw3/新加卷/Emb_Sys/projects/26rcteam1/vision/ros2_ws/install/serial/share/serial/environment/ament_prefix_path.sh
[0.591s] -- Installing: /run/media/lw3/新加卷/Emb_Sys/projects/26rcteam1/vision/ros2_ws/install/serial/share/serial/environment/ament_prefix_path.dsv
[0.591s] -- Installing: /run/media/lw3/新加卷/Emb_Sys/projects/26rcteam1/vision/ros2_ws/install/serial/share/serial/environment/path.sh
[0.591s] -- Installing: /run/media/lw3/新加卷/Emb_Sys/projects/26rcteam1/vision/ros2_ws/install/serial/share/serial/environment/path.dsv
[0.592s] -- Installing: /run/media/lw3/新加卷/Emb_Sys/projects/26rcteam1/vision/ros2_ws/install/serial/share/serial/local_setup.bash
[0.592s] -- Installing: /run/media/lw3/新加卷/Emb_Sys/projects/26rcteam1/vision/ros2_ws/install/serial/share/serial/local_setup.fish
[0.592s] -- Installing: /run/media/lw3/新加卷/Emb_Sys/projects/26rcteam1/vision/ros2_ws/install/serial/share/serial/local_setup.sh
[0.592s] -- Installing: /run/media/lw3/新加卷/Emb_Sys/projects/26rcteam1/vision/ros2_ws/install/serial/share/serial/local_setup.zsh
[0.592s] -- Installing: /run/media/lw3/新加卷/Emb_Sys/projects/26rcteam1/vision/ros2_ws/install/serial/share/serial/local_setup.dsv
[0.592s] -- Installing: /run/media/lw3/新加卷/Emb_Sys/projects/26rcteam1/vision/ros2_ws/install/serial/share/serial/package.dsv
[0.592s] -- Installing: /run/media/lw3/新加卷/Emb_Sys/projects/26rcteam1/vision/ros2_ws/install/serial/share/ament_index/resource_index/packages/serial
[0.592s] -- Installing: /run/media/lw3/新加卷/Emb_Sys/projects/26rcteam1/vision/ros2_ws/install/serial/share/serial/cmake/ament_cmake_export_include_directories-extras.cmake
[0.592s] -- Installing: /run/media/lw3/新加卷/Emb_Sys/projects/26rcteam1/vision/ros2_ws/install/serial/share/serial/cmake/ament_cmake_export_libraries-extras.cmake
[0.592s] -- Installing: /run/media/lw3/新加卷/Emb_Sys/projects/26rcteam1/vision/ros2_ws/install/serial/share/serial/cmake/serialConfig.cmake
[0.592s] -- Installing: /run/media/lw3/新加卷/Emb_Sys/projects/26rcteam1/vision/ros2_ws/install/serial/share/serial/cmake/serialConfig-version.cmake
[0.592s] -- Installing: /run/media/lw3/新加卷/Emb_Sys/projects/26rcteam1/vision/ros2_ws/install/serial/share/serial/package.xml
[0.593s] Invoked command in '/run/media/lw3/新加卷/Emb_Sys/projects/26rcteam1/vision/ros2_ws/build/serial' returned '0': CMAKE_PREFIX_PATH=${CMAKE_PREFIX_PATH}:/opt/ros/lyrical DEBUGINFOD_URLS=https://debuginfod.ubuntu.com /usr/bin/cmake --install /run/media/lw3/新加卷/Emb_Sys/projects/26rcteam1/vision/ros2_ws/build/serial
