CMake Deprecation Warning at CMakeLists.txt:1 (cmake_minimum_required):
  Compatibility with CMake < 3.10 will be removed from a future version of
  CMake.

  Update the VERSION argument <min> value.  Or, use the <min>...<max> syntax
  to tell CMake that the project requires at least <min> but has been updated
  to work with policies introduced by <max> or earlier.


-- Found ament_cmake: 2.8.8 (/opt/ros/lyrical/share/ament_cmake/cmake)
-- Found rclcpp: 32.0.2 (/opt/ros/lyrical/share/rclcpp/cmake)
-- Found rosidl_generator_c: 5.2.1 (/opt/ros/lyrical/share/rosidl_generator_c/cmake)
-- Found rosidl_generator_cpp: 5.2.1 (/opt/ros/lyrical/share/rosidl_generator_cpp/cmake)
-- Using all available rosidl_typesupport_c: rosidl_typesupport_fastrtps_c;rosidl_typesupport_introspection_c
-- Using all available rosidl_typesupport_cpp: rosidl_typesupport_fastrtps_cpp;rosidl_typesupport_introspection_cpp
-- Found rmw_implementation_cmake: 7.10.1 (/opt/ros/lyrical/share/rmw_implementation_cmake/cmake)
-- Found rmw_fastrtps_cpp: 9.4.9 (/opt/ros/lyrical/share/rmw_fastrtps_cpp/cmake)
-- Using RMW implementation 'rmw_fastrtps_cpp' as default
-- Found geometry_msgs: 5.9.3 (/opt/ros/lyrical/share/geometry_msgs/cmake)
-- Found serial: 1.2.1 (/run/media/lw3/新加卷/Emb_Sys/projects/26rcteam1/vision/ros2_ws/install/serial/share/serial/cmake)
-- Configuring done (0.2s)
-- Generating done (0.0s)
-- Build files have been written to: /run/media/lw3/新加卷/Emb_Sys/projects/26rcteam1/vision/ros2_ws/build/base
[ 50%] Building CXX object CMakeFiles/base_node.dir/src/base.cpp.o
[100%] Linking CXX executable base_node
[100%] Built target base_node
-- Install configuration: ""
-- Installing: /run/media/lw3/新加卷/Emb_Sys/projects/26rcteam1/vision/ros2_ws/install/base/lib/base/base_node
-- Set non-toolchain portion of runtime path of "/run/media/lw3/新加卷/Emb_Sys/projects/26rcteam1/vision/ros2_ws/install/base/lib/base/base_node" to ""
-- Installing: /run/media/lw3/新加卷/Emb_Sys/projects/26rcteam1/vision/ros2_ws/install/base/share/ament_index/resource_index/package_run_dependencies/base
-- Installing: /run/media/lw3/新加卷/Emb_Sys/projects/26rcteam1/vision/ros2_ws/install/base/share/ament_index/resource_index/parent_prefix_path/base
-- Installing: /run/media/lw3/新加卷/Emb_Sys/projects/26rcteam1/vision/ros2_ws/install/base/share/base/environment/ament_prefix_path.sh
-- Installing: /run/media/lw3/新加卷/Emb_Sys/projects/26rcteam1/vision/ros2_ws/install/base/share/base/environment/ament_prefix_path.dsv
-- Installing: /run/media/lw3/新加卷/Emb_Sys/projects/26rcteam1/vision/ros2_ws/install/base/share/base/environment/path.sh
-- Installing: /run/media/lw3/新加卷/Emb_Sys/projects/26rcteam1/vision/ros2_ws/install/base/share/base/environment/path.dsv
-- Installing: /run/media/lw3/新加卷/Emb_Sys/projects/26rcteam1/vision/ros2_ws/install/base/share/base/local_setup.bash
-- Installing: /run/media/lw3/新加卷/Emb_Sys/projects/26rcteam1/vision/ros2_ws/install/base/share/base/local_setup.fish
-- Installing: /run/media/lw3/新加卷/Emb_Sys/projects/26rcteam1/vision/ros2_ws/install/base/share/base/local_setup.sh
-- Installing: /run/media/lw3/新加卷/Emb_Sys/projects/26rcteam1/vision/ros2_ws/install/base/share/base/local_setup.zsh
-- Installing: /run/media/lw3/新加卷/Emb_Sys/projects/26rcteam1/vision/ros2_ws/install/base/share/base/local_setup.dsv
-- Installing: /run/media/lw3/新加卷/Emb_Sys/projects/26rcteam1/vision/ros2_ws/install/base/share/base/package.dsv
-- Installing: /run/media/lw3/新加卷/Emb_Sys/projects/26rcteam1/vision/ros2_ws/install/base/share/ament_index/resource_index/packages/base
-- Installing: /run/media/lw3/新加卷/Emb_Sys/projects/26rcteam1/vision/ros2_ws/install/base/share/base/cmake/baseConfig.cmake
-- Installing: /run/media/lw3/新加卷/Emb_Sys/projects/26rcteam1/vision/ros2_ws/install/base/share/base/cmake/baseConfig-version.cmake
-- Installing: /run/media/lw3/新加卷/Emb_Sys/projects/26rcteam1/vision/ros2_ws/install/base/share/base/package.xml
