[0.006s] Invoking command in '/run/media/lw3/新加卷/Emb_Sys/projects/26rcteam1/vision/ros2_ws/build/base': AMENT_PREFIX_PATH=/run/media/lw3/新加卷/Emb_Sys/projects/26rcteam1/vision/ros2_ws/install/serial:${AMENT_PREFIX_PATH} CMAKE_PREFIX_PATH=/run/media/lw3/新加卷/Emb_Sys/projects/26rcteam1/vision/ros2_ws/install/serial:/opt/ros/lyrical/opt/gz_math_vendor:/opt/ros/lyrical/opt/gz_utils_vendor:/opt/ros/lyrical/opt/gz_cmake_vendor:/opt/ros/lyrical DEBUGINFOD_URLS=https://debuginfod.ubuntu.com LD_LIBRARY_PATH=/run/media/lw3/新加卷/Emb_Sys/projects/26rcteam1/vision/ros2_ws/install/serial/lib:${LD_LIBRARY_PATH} /usr/bin/cmake /run/media/lw3/新加卷/Emb_Sys/projects/26rcteam1/vision/ros2_ws/src/base -DCMAKE_INSTALL_PREFIX=/run/media/lw3/新加卷/Emb_Sys/projects/26rcteam1/vision/ros2_ws/install/base
[0.010s] CMake Deprecation Warning at CMakeLists.txt:1 (cmake_minimum_required):
[0.010s]   Compatibility with CMake < 3.10 will be removed from a future version of
[0.010s]   CMake.
[0.010s] 
[0.010s]   Update the VERSION argument <min> value.  Or, use the <min>...<max> syntax
[0.010s]   to tell CMake that the project requires at least <min> but has been updated
[0.010s]   to work with policies introduced by <max> or earlier.
[0.010s] 
[0.010s] 
[0.031s] -- The C compiler identification is GNU 15.2.0
[0.060s] -- The CXX compiler identification is GNU 15.2.0
[0.063s] -- Detecting C compiler ABI info
[0.099s] -- Detecting C compiler ABI info - done
[0.105s] -- Check for working C compiler: /usr/bin/cc - skipped
[0.105s] -- Detecting C compile features
[0.105s] -- Detecting C compile features - done
[0.110s] -- Detecting CXX compiler ABI info
[0.146s] -- Detecting CXX compiler ABI info - done
[0.153s] -- Check for working CXX compiler: /usr/bin/c++ - skipped
[0.153s] -- Detecting CXX compile features
[0.153s] -- Detecting CXX compile features - done
[0.157s] -- Found ament_cmake: 2.8.8 (/opt/ros/lyrical/share/ament_cmake/cmake)
[0.286s] -- Found rclcpp: 32.0.2 (/opt/ros/lyrical/share/rclcpp/cmake)
[0.301s] -- Found rosidl_generator_c: 5.2.1 (/opt/ros/lyrical/share/rosidl_generator_c/cmake)
[0.305s] -- Found rosidl_generator_cpp: 5.2.1 (/opt/ros/lyrical/share/rosidl_generator_cpp/cmake)
[0.314s] -- Using all available rosidl_typesupport_c: rosidl_typesupport_fastrtps_c;rosidl_typesupport_introspection_c
[0.320s] -- Using all available rosidl_typesupport_cpp: rosidl_typesupport_fastrtps_cpp;rosidl_typesupport_introspection_cpp
[0.351s] -- Found rmw_implementation_cmake: 7.10.1 (/opt/ros/lyrical/share/rmw_implementation_cmake/cmake)
[0.352s] -- Found rmw_fastrtps_cpp: 9.4.9 (/opt/ros/lyrical/share/rmw_fastrtps_cpp/cmake)
[0.367s] -- Using RMW implementation 'rmw_fastrtps_cpp' as default
[0.400s] -- Found geometry_msgs: 5.9.3 (/opt/ros/lyrical/share/geometry_msgs/cmake)
[0.414s] -- Found serial: 1.2.1 (/run/media/lw3/新加卷/Emb_Sys/projects/26rcteam1/vision/ros2_ws/install/serial/share/serial/cmake)
[0.415s] CMake Error at CMakeLists.txt:18 (ament_target_dependencies):
[0.415s]   Unknown CMake command "ament_target_dependencies".
[0.415s] 
[0.415s] 
[0.415s] -- Configuring incomplete, errors occurred!
[0.418s] Invoked command in '/run/media/lw3/新加卷/Emb_Sys/projects/26rcteam1/vision/ros2_ws/build/base' returned '1': AMENT_PREFIX_PATH=/run/media/lw3/新加卷/Emb_Sys/projects/26rcteam1/vision/ros2_ws/install/serial:${AMENT_PREFIX_PATH} CMAKE_PREFIX_PATH=/run/media/lw3/新加卷/Emb_Sys/projects/26rcteam1/vision/ros2_ws/install/serial:/opt/ros/lyrical/opt/gz_math_vendor:/opt/ros/lyrical/opt/gz_utils_vendor:/opt/ros/lyrical/opt/gz_cmake_vendor:/opt/ros/lyrical DEBUGINFOD_URLS=https://debuginfod.ubuntu.com LD_LIBRARY_PATH=/run/media/lw3/新加卷/Emb_Sys/projects/26rcteam1/vision/ros2_ws/install/serial/lib:${LD_LIBRARY_PATH} /usr/bin/cmake /run/media/lw3/新加卷/Emb_Sys/projects/26rcteam1/vision/ros2_ws/src/base -DCMAKE_INSTALL_PREFIX=/run/media/lw3/新加卷/Emb_Sys/projects/26rcteam1/vision/ros2_ws/install/base
