[0.063s] DEBUG:colcon:Command line arguments: ['/usr/bin/colcon', 'build', '--packages-select', 'serial']
[0.063s] DEBUG:colcon:Parsed command line arguments: Namespace(log_base=None, log_level=None, verb_name='build', build_base='build', install_base='install', merge_install=False, symlink_install=False, test_result_base=None, continue_on_error=False, executor='parallel', parallel_workers=8, event_handlers=None, ignore_user_meta=False, metas=['./colcon.meta'], base_paths=['.'], packages_ignore=None, packages_ignore_regex=None, paths=None, packages_up_to=None, packages_up_to_regex=None, packages_above=None, packages_above_and_dependencies=None, packages_above_depth=None, packages_select_by_dep=None, packages_skip_by_dep=None, packages_skip_up_to=None, packages_select_build_failed=False, packages_skip_build_finished=False, packages_select_test_failures=False, packages_skip_test_passed=False, packages_select=['serial'], packages_skip=None, packages_select_regex=None, packages_skip_regex=None, packages_start=None, packages_end=None, allow_overriding=[], cmake_args=None, cmake_target=None, cmake_target_skip_unavailable=False, cmake_clean_cache=False, cmake_clean_first=False, cmake_force_configure=False, ament_cmake_args=None, catkin_cmake_args=None, catkin_skip_building_tests=False, verb_parser=<colcon_defaults.argument_parser.defaults.DefaultArgumentsDecorator object at 0x7d0c46480fe0>, verb_extension=<colcon_core.verb.build.BuildVerb object at 0x7d0c46480f50>, main=<bound method BuildVerb.main of <colcon_core.verb.build.BuildVerb object at 0x7d0c46480f50>>)
[0.087s] Level 1:colcon.colcon_core.package_discovery:discover_packages(colcon_meta) check parameters
[0.087s] Level 1:colcon.colcon_core.package_discovery:discover_packages(recursive) check parameters
[0.087s] Level 1:colcon.colcon_core.package_discovery:discover_packages(ignore) check parameters
[0.087s] Level 1:colcon.colcon_core.package_discovery:discover_packages(path) check parameters
[0.087s] Level 1:colcon.colcon_core.package_discovery:discover_packages(colcon_meta) discover
[0.087s] Level 1:colcon.colcon_core.package_discovery:discover_packages(recursive) discover
[0.087s] INFO:colcon.colcon_core.package_discovery:Crawling recursively for packages in '/home/ubuntu/ws/uestc-26rc-vision/ros2_ws'
[0.087s] Level 1:colcon.colcon_core.package_identification:_identify(.) by extensions ['ignore', 'ignore_ament_install']
[0.087s] Level 1:colcon.colcon_core.package_identification:_identify(.) by extension 'ignore'
[0.087s] Level 1:colcon.colcon_core.package_identification:_identify(.) by extension 'ignore_ament_install'
[0.088s] Level 1:colcon.colcon_core.package_identification:_identify(.) by extensions ['colcon_pkg']
[0.088s] Level 1:colcon.colcon_core.package_identification:_identify(.) by extension 'colcon_pkg'
[0.088s] Level 1:colcon.colcon_core.package_identification:_identify(.) by extensions ['colcon_meta']
[0.088s] Level 1:colcon.colcon_core.package_identification:_identify(.) by extension 'colcon_meta'
[0.088s] Level 1:colcon.colcon_core.package_identification:_identify(.) by extensions ['ros']
[0.088s] Level 1:colcon.colcon_core.package_identification:_identify(.) by extension 'ros'
[0.122s] Level 1:colcon.colcon_core.package_identification:_identify(.) by extensions ['cmake', 'python']
[0.123s] Level 1:colcon.colcon_core.package_identification:_identify(.) by extension 'cmake'
[0.123s] Level 1:colcon.colcon_core.package_identification:_identify(.) by extension 'python'
[0.123s] Level 1:colcon.colcon_core.package_identification:_identify(.) by extensions ['python_setup_py']
[0.123s] Level 1:colcon.colcon_core.package_identification:_identify(.) by extension 'python_setup_py'
[0.123s] Level 1:colcon.colcon_core.package_identification:_identify(build) by extensions ['ignore', 'ignore_ament_install']
[0.123s] Level 1:colcon.colcon_core.package_identification:_identify(build) by extension 'ignore'
[0.123s] Level 1:colcon.colcon_core.package_identification:_identify(build) ignored
[0.123s] Level 1:colcon.colcon_core.package_identification:_identify(install) by extensions ['ignore', 'ignore_ament_install']
[0.123s] Level 1:colcon.colcon_core.package_identification:_identify(install) by extension 'ignore'
[0.123s] Level 1:colcon.colcon_core.package_identification:_identify(install) ignored
[0.123s] Level 1:colcon.colcon_core.package_identification:_identify(log) by extensions ['ignore', 'ignore_ament_install']
[0.123s] Level 1:colcon.colcon_core.package_identification:_identify(log) by extension 'ignore'
[0.123s] Level 1:colcon.colcon_core.package_identification:_identify(log) ignored
[0.123s] Level 1:colcon.colcon_core.package_identification:_identify(src) by extensions ['ignore', 'ignore_ament_install']
[0.123s] Level 1:colcon.colcon_core.package_identification:_identify(src) by extension 'ignore'
[0.123s] Level 1:colcon.colcon_core.package_identification:_identify(src) by extension 'ignore_ament_install'
[0.123s] Level 1:colcon.colcon_core.package_identification:_identify(src) by extensions ['colcon_pkg']
[0.123s] Level 1:colcon.colcon_core.package_identification:_identify(src) by extension 'colcon_pkg'
[0.124s] Level 1:colcon.colcon_core.package_identification:_identify(src) by extensions ['colcon_meta']
[0.124s] Level 1:colcon.colcon_core.package_identification:_identify(src) by extension 'colcon_meta'
[0.124s] Level 1:colcon.colcon_core.package_identification:_identify(src) by extensions ['ros']
[0.124s] Level 1:colcon.colcon_core.package_identification:_identify(src) by extension 'ros'
[0.124s] Level 1:colcon.colcon_core.package_identification:_identify(src) by extensions ['cmake', 'python']
[0.124s] Level 1:colcon.colcon_core.package_identification:_identify(src) by extension 'cmake'
[0.124s] Level 1:colcon.colcon_core.package_identification:_identify(src) by extension 'python'
[0.124s] Level 1:colcon.colcon_core.package_identification:_identify(src) by extensions ['python_setup_py']
[0.124s] Level 1:colcon.colcon_core.package_identification:_identify(src) by extension 'python_setup_py'
[0.124s] Level 1:colcon.colcon_core.package_identification:_identify(src/base) by extensions ['ignore', 'ignore_ament_install']
[0.124s] Level 1:colcon.colcon_core.package_identification:_identify(src/base) by extension 'ignore'
[0.124s] Level 1:colcon.colcon_core.package_identification:_identify(src/base) by extension 'ignore_ament_install'
[0.124s] Level 1:colcon.colcon_core.package_identification:_identify(src/base) by extensions ['colcon_pkg']
[0.124s] Level 1:colcon.colcon_core.package_identification:_identify(src/base) by extension 'colcon_pkg'
[0.124s] Level 1:colcon.colcon_core.package_identification:_identify(src/base) by extensions ['colcon_meta']
[0.124s] Level 1:colcon.colcon_core.package_identification:_identify(src/base) by extension 'colcon_meta'
[0.124s] Level 1:colcon.colcon_core.package_identification:_identify(src/base) by extensions ['ros']
[0.124s] Level 1:colcon.colcon_core.package_identification:_identify(src/base) by extension 'ros'
[0.126s] DEBUG:colcon.colcon_core.package_identification:Package 'src/base' with type 'ros.ament_cmake' and name 'base'
[0.127s] Level 1:colcon.colcon_core.package_identification:_identify(src/serial) by extensions ['ignore', 'ignore_ament_install']
[0.127s] Level 1:colcon.colcon_core.package_identification:_identify(src/serial) by extension 'ignore'
[0.127s] Level 1:colcon.colcon_core.package_identification:_identify(src/serial) by extension 'ignore_ament_install'
[0.127s] Level 1:colcon.colcon_core.package_identification:_identify(src/serial) by extensions ['colcon_pkg']
[0.127s] Level 1:colcon.colcon_core.package_identification:_identify(src/serial) by extension 'colcon_pkg'
[0.127s] Level 1:colcon.colcon_core.package_identification:_identify(src/serial) by extensions ['colcon_meta']
[0.127s] Level 1:colcon.colcon_core.package_identification:_identify(src/serial) by extension 'colcon_meta'
[0.127s] Level 1:colcon.colcon_core.package_identification:_identify(src/serial) by extensions ['ros']
[0.127s] Level 1:colcon.colcon_core.package_identification:_identify(src/serial) by extension 'ros'
[0.127s] DEBUG:colcon.colcon_core.package_identification:Package 'src/serial' with type 'ros.ament_cmake' and name 'serial'
[0.127s] Level 1:colcon.colcon_core.package_discovery:discover_packages(recursive) using defaults
[0.127s] Level 1:colcon.colcon_core.package_discovery:discover_packages(ignore) discover
[0.127s] Level 1:colcon.colcon_core.package_discovery:discover_packages(ignore) using defaults
[0.127s] Level 1:colcon.colcon_core.package_discovery:discover_packages(path) discover
[0.127s] Level 1:colcon.colcon_core.package_discovery:discover_packages(path) using defaults
[0.141s] INFO:colcon.colcon_core.package_selection:Skipping not selected package 'base' in 'src/base'
[0.141s] Level 1:colcon.colcon_core.package_discovery:discover_packages(prefix_path) check parameters
[0.141s] Level 1:colcon.colcon_core.package_discovery:discover_packages(prefix_path) discover
[0.143s] DEBUG:colcon.colcon_installed_package_information.package_discovery:Found 287 installed packages in /opt/ros/jazzy
[0.144s] Level 1:colcon.colcon_core.package_discovery:discover_packages(prefix_path) using defaults
[0.171s] Level 5:colcon.colcon_core.verb:set package 'serial' build argument 'cmake_args' from command line to 'None'
[0.171s] Level 5:colcon.colcon_core.verb:set package 'serial' build argument 'cmake_target' from command line to 'None'
[0.171s] Level 5:colcon.colcon_core.verb:set package 'serial' build argument 'cmake_target_skip_unavailable' from command line to 'False'
[0.171s] Level 5:colcon.colcon_core.verb:set package 'serial' build argument 'cmake_clean_cache' from command line to 'False'
[0.171s] Level 5:colcon.colcon_core.verb:set package 'serial' build argument 'cmake_clean_first' from command line to 'False'
[0.171s] Level 5:colcon.colcon_core.verb:set package 'serial' build argument 'cmake_force_configure' from command line to 'False'
[0.171s] Level 5:colcon.colcon_core.verb:set package 'serial' build argument 'ament_cmake_args' from command line to 'None'
[0.171s] Level 5:colcon.colcon_core.verb:set package 'serial' build argument 'catkin_cmake_args' from command line to 'None'
[0.171s] Level 5:colcon.colcon_core.verb:set package 'serial' build argument 'catkin_skip_building_tests' from command line to 'False'
[0.171s] DEBUG:colcon.colcon_core.verb:Building package 'serial' with the following arguments: {'ament_cmake_args': None, 'build_base': '/home/ubuntu/ws/uestc-26rc-vision/ros2_ws/build/serial', 'catkin_cmake_args': None, 'catkin_skip_building_tests': False, 'cmake_args': None, 'cmake_clean_cache': False, 'cmake_clean_first': False, 'cmake_force_configure': False, 'cmake_target': None, 'cmake_target_skip_unavailable': False, 'install_base': '/home/ubuntu/ws/uestc-26rc-vision/ros2_ws/install/serial', 'merge_install': False, 'path': '/home/ubuntu/ws/uestc-26rc-vision/ros2_ws/src/serial', 'symlink_install': False, 'test_result_base': None}
[0.171s] INFO:colcon.colcon_core.executor:Executing jobs using 'parallel' executor
[0.172s] DEBUG:colcon.colcon_parallel_executor.executor.parallel:run_until_complete
[0.172s] INFO:colcon.colcon_ros.task.ament_cmake.build:Building ROS package in '/home/ubuntu/ws/uestc-26rc-vision/ros2_ws/src/serial' with build type 'ament_cmake'
[0.172s] INFO:colcon.colcon_cmake.task.cmake.build:Building CMake package in '/home/ubuntu/ws/uestc-26rc-vision/ros2_ws/src/serial'
[0.173s] INFO:colcon.colcon_core.plugin_system:Skipping extension 'colcon_core.shell.bat': Not used on non-Windows systems
[0.173s] INFO:colcon.colcon_core.shell:Skip shell extension 'powershell' for command environment: Not usable outside of PowerShell
[0.173s] DEBUG:colcon.colcon_core.shell:Skip shell extension 'dsv' for command environment
[0.177s] DEBUG:colcon.colcon_core.event_handler.log_command:Invoking command in '/home/ubuntu/ws/uestc-26rc-vision/ros2_ws/build/serial': CMAKE_PREFIX_PATH=${CMAKE_PREFIX_PATH}:/opt/ros/jazzy DEBUGINFOD_URLS=https://debuginfod.ubuntu.com /usr/bin/cmake /home/ubuntu/ws/uestc-26rc-vision/ros2_ws/src/serial -DCMAKE_INSTALL_PREFIX=/home/ubuntu/ws/uestc-26rc-vision/ros2_ws/install/serial
[0.646s] DEBUG:colcon.colcon_core.event_handler.log_command:Invoked command in '/home/ubuntu/ws/uestc-26rc-vision/ros2_ws/build/serial' returned '0': CMAKE_PREFIX_PATH=${CMAKE_PREFIX_PATH}:/opt/ros/jazzy DEBUGINFOD_URLS=https://debuginfod.ubuntu.com /usr/bin/cmake /home/ubuntu/ws/uestc-26rc-vision/ros2_ws/src/serial -DCMAKE_INSTALL_PREFIX=/home/ubuntu/ws/uestc-26rc-vision/ros2_ws/install/serial
[0.647s] DEBUG:colcon.colcon_core.event_handler.log_command:Invoking command in '/home/ubuntu/ws/uestc-26rc-vision/ros2_ws/build/serial': CMAKE_PREFIX_PATH=${CMAKE_PREFIX_PATH}:/opt/ros/jazzy DEBUGINFOD_URLS=https://debuginfod.ubuntu.com /usr/bin/cmake --build /home/ubuntu/ws/uestc-26rc-vision/ros2_ws/build/serial -- -j8 -l8
[1.050s] DEBUG:colcon.colcon_core.event_handler.log_command:Invoked command in '/home/ubuntu/ws/uestc-26rc-vision/ros2_ws/build/serial' returned '0': CMAKE_PREFIX_PATH=${CMAKE_PREFIX_PATH}:/opt/ros/jazzy DEBUGINFOD_URLS=https://debuginfod.ubuntu.com /usr/bin/cmake --build /home/ubuntu/ws/uestc-26rc-vision/ros2_ws/build/serial -- -j8 -l8
[1.056s] DEBUG:colcon.colcon_core.event_handler.log_command:Invoking command in '/home/ubuntu/ws/uestc-26rc-vision/ros2_ws/build/serial': CMAKE_PREFIX_PATH=${CMAKE_PREFIX_PATH}:/opt/ros/jazzy DEBUGINFOD_URLS=https://debuginfod.ubuntu.com /usr/bin/cmake --install /home/ubuntu/ws/uestc-26rc-vision/ros2_ws/build/serial
[1.063s] Level 1:colcon.colcon_core.environment:create_environment_scripts_only(serial)
[1.063s] DEBUG:colcon.colcon_core.event_handler.log_command:Invoked command in '/home/ubuntu/ws/uestc-26rc-vision/ros2_ws/build/serial' returned '0': CMAKE_PREFIX_PATH=${CMAKE_PREFIX_PATH}:/opt/ros/jazzy DEBUGINFOD_URLS=https://debuginfod.ubuntu.com /usr/bin/cmake --install /home/ubuntu/ws/uestc-26rc-vision/ros2_ws/build/serial
[1.064s] Level 1:colcon.colcon_core.environment:checking '/home/ubuntu/ws/uestc-26rc-vision/ros2_ws/install/serial' for CMake module files
[1.065s] Level 1:colcon.colcon_core.environment:checking '/home/ubuntu/ws/uestc-26rc-vision/ros2_ws/install/serial' for CMake config files
[1.065s] Level 1:colcon.colcon_core.shell:create_environment_hook('serial', 'cmake_prefix_path')
[1.065s] INFO:colcon.colcon_core.shell:Creating environment hook '/home/ubuntu/ws/uestc-26rc-vision/ros2_ws/install/serial/share/serial/hook/cmake_prefix_path.ps1'
[1.065s] INFO:colcon.colcon_core.shell:Creating environment descriptor '/home/ubuntu/ws/uestc-26rc-vision/ros2_ws/install/serial/share/serial/hook/cmake_prefix_path.dsv'
[1.066s] INFO:colcon.colcon_core.shell:Creating environment hook '/home/ubuntu/ws/uestc-26rc-vision/ros2_ws/install/serial/share/serial/hook/cmake_prefix_path.sh'
[1.066s] Level 1:colcon.colcon_core.environment:checking '/home/ubuntu/ws/uestc-26rc-vision/ros2_ws/install/serial/lib'
[1.066s] Level 1:colcon.colcon_core.environment:checking '/home/ubuntu/ws/uestc-26rc-vision/ros2_ws/install/serial/bin'
[1.066s] Level 1:colcon.colcon_core.environment:checking '/home/ubuntu/ws/uestc-26rc-vision/ros2_ws/install/serial/lib/pkgconfig/serial.pc'
[1.067s] Level 1:colcon.colcon_core.environment:checking '/home/ubuntu/ws/uestc-26rc-vision/ros2_ws/install/serial/lib/python3.12/site-packages'
[1.067s] Level 1:colcon.colcon_core.environment:checking '/home/ubuntu/ws/uestc-26rc-vision/ros2_ws/install/serial/bin'
[1.067s] INFO:colcon.colcon_core.shell:Creating package script '/home/ubuntu/ws/uestc-26rc-vision/ros2_ws/install/serial/share/serial/package.ps1'
[1.068s] INFO:colcon.colcon_core.shell:Creating package descriptor '/home/ubuntu/ws/uestc-26rc-vision/ros2_ws/install/serial/share/serial/package.dsv'
[1.068s] INFO:colcon.colcon_core.shell:Creating package script '/home/ubuntu/ws/uestc-26rc-vision/ros2_ws/install/serial/share/serial/package.sh'
[1.069s] INFO:colcon.colcon_core.shell:Creating package script '/home/ubuntu/ws/uestc-26rc-vision/ros2_ws/install/serial/share/serial/package.bash'
[1.069s] INFO:colcon.colcon_core.shell:Creating package script '/home/ubuntu/ws/uestc-26rc-vision/ros2_ws/install/serial/share/serial/package.zsh'
[1.069s] Level 1:colcon.colcon_core.environment:create_file_with_runtime_dependencies(/home/ubuntu/ws/uestc-26rc-vision/ros2_ws/install/serial/share/colcon-core/packages/serial)
[1.070s] Level 1:colcon.colcon_core.environment:create_environment_scripts_only(serial)
[1.070s] Level 1:colcon.colcon_core.environment:checking '/home/ubuntu/ws/uestc-26rc-vision/ros2_ws/install/serial' for CMake module files
[1.070s] Level 1:colcon.colcon_core.environment:checking '/home/ubuntu/ws/uestc-26rc-vision/ros2_ws/install/serial' for CMake config files
[1.070s] Level 1:colcon.colcon_core.shell:create_environment_hook('serial', 'cmake_prefix_path')
[1.070s] INFO:colcon.colcon_core.shell:Creating environment hook '/home/ubuntu/ws/uestc-26rc-vision/ros2_ws/install/serial/share/serial/hook/cmake_prefix_path.ps1'
[1.070s] INFO:colcon.colcon_core.shell:Creating environment descriptor '/home/ubuntu/ws/uestc-26rc-vision/ros2_ws/install/serial/share/serial/hook/cmake_prefix_path.dsv'
[1.071s] INFO:colcon.colcon_core.shell:Creating environment hook '/home/ubuntu/ws/uestc-26rc-vision/ros2_ws/install/serial/share/serial/hook/cmake_prefix_path.sh'
[1.071s] Level 1:colcon.colcon_core.environment:checking '/home/ubuntu/ws/uestc-26rc-vision/ros2_ws/install/serial/lib'
[1.071s] Level 1:colcon.colcon_core.environment:checking '/home/ubuntu/ws/uestc-26rc-vision/ros2_ws/install/serial/bin'
[1.071s] Level 1:colcon.colcon_core.environment:checking '/home/ubuntu/ws/uestc-26rc-vision/ros2_ws/install/serial/lib/pkgconfig/serial.pc'
[1.071s] Level 1:colcon.colcon_core.environment:checking '/home/ubuntu/ws/uestc-26rc-vision/ros2_ws/install/serial/lib/python3.12/site-packages'
[1.072s] Level 1:colcon.colcon_core.environment:checking '/home/ubuntu/ws/uestc-26rc-vision/ros2_ws/install/serial/bin'
[1.072s] INFO:colcon.colcon_core.shell:Creating package script '/home/ubuntu/ws/uestc-26rc-vision/ros2_ws/install/serial/share/serial/package.ps1'
[1.072s] INFO:colcon.colcon_core.shell:Creating package descriptor '/home/ubuntu/ws/uestc-26rc-vision/ros2_ws/install/serial/share/serial/package.dsv'
[1.072s] INFO:colcon.colcon_core.shell:Creating package script '/home/ubuntu/ws/uestc-26rc-vision/ros2_ws/install/serial/share/serial/package.sh'
[1.073s] INFO:colcon.colcon_core.shell:Creating package script '/home/ubuntu/ws/uestc-26rc-vision/ros2_ws/install/serial/share/serial/package.bash'
[1.073s] INFO:colcon.colcon_core.shell:Creating package script '/home/ubuntu/ws/uestc-26rc-vision/ros2_ws/install/serial/share/serial/package.zsh'
[1.073s] Level 1:colcon.colcon_core.environment:create_file_with_runtime_dependencies(/home/ubuntu/ws/uestc-26rc-vision/ros2_ws/install/serial/share/colcon-core/packages/serial)
[1.073s] DEBUG:colcon.colcon_parallel_executor.executor.parallel:closing loop
[1.073s] DEBUG:colcon.colcon_parallel_executor.executor.parallel:loop closed
[1.073s] DEBUG:colcon.colcon_parallel_executor.executor.parallel:run_until_complete finished with '0'
[1.073s] DEBUG:colcon.colcon_core.event_reactor:joining thread
[1.074s] DEBUG:colcon.colcon_core.event_reactor:joined thread
[1.074s] INFO:colcon.colcon_core.shell:Creating prefix script '/home/ubuntu/ws/uestc-26rc-vision/ros2_ws/install/local_setup.ps1'
[1.074s] INFO:colcon.colcon_core.shell:Creating prefix util module '/home/ubuntu/ws/uestc-26rc-vision/ros2_ws/install/_local_setup_util_ps1.py'
[1.075s] INFO:colcon.colcon_core.shell:Creating prefix chain script '/home/ubuntu/ws/uestc-26rc-vision/ros2_ws/install/setup.ps1'
[1.075s] INFO:colcon.colcon_core.shell:Creating prefix script '/home/ubuntu/ws/uestc-26rc-vision/ros2_ws/install/local_setup.sh'
[1.076s] INFO:colcon.colcon_core.shell:Creating prefix util module '/home/ubuntu/ws/uestc-26rc-vision/ros2_ws/install/_local_setup_util_sh.py'
[1.076s] INFO:colcon.colcon_core.shell:Creating prefix chain script '/home/ubuntu/ws/uestc-26rc-vision/ros2_ws/install/setup.sh'
[1.077s] INFO:colcon.colcon_core.shell:Creating prefix script '/home/ubuntu/ws/uestc-26rc-vision/ros2_ws/install/local_setup.bash'
[1.077s] INFO:colcon.colcon_core.shell:Creating prefix chain script '/home/ubuntu/ws/uestc-26rc-vision/ros2_ws/install/setup.bash'
[1.077s] INFO:colcon.colcon_core.shell:Creating prefix script '/home/ubuntu/ws/uestc-26rc-vision/ros2_ws/install/local_setup.zsh'
[1.078s] INFO:colcon.colcon_core.shell:Creating prefix chain script '/home/ubuntu/ws/uestc-26rc-vision/ros2_ws/install/setup.zsh'
