[ 50%] Building CXX object CMakeFiles/base_node.dir/src/base.cpp.o
[100%] Linking CXX executable base_node
[100%] Built target base_node
-- Install configuration: ""
-- Installing: /home/ubuntu/ws/uestc-26rc-vision/ros2_ws/install/base/lib/base/base_node
-- Set non-toolchain portion of runtime path of "/home/ubuntu/ws/uestc-26rc-vision/ros2_ws/install/base/lib/base/base_node" to ""
-- Up-to-date: /home/ubuntu/ws/uestc-26rc-vision/ros2_ws/install/base/share/ament_index/resource_index/package_run_dependencies/base
-- Up-to-date: /home/ubuntu/ws/uestc-26rc-vision/ros2_ws/install/base/share/ament_index/resource_index/parent_prefix_path/base
-- Up-to-date: /home/ubuntu/ws/uestc-26rc-vision/ros2_ws/install/base/share/base/environment/ament_prefix_path.sh
-- Up-to-date: /home/ubuntu/ws/uestc-26rc-vision/ros2_ws/install/base/share/base/environment/ament_prefix_path.dsv
-- Up-to-date: /home/ubuntu/ws/uestc-26rc-vision/ros2_ws/install/base/share/base/environment/path.sh
-- Up-to-date: /home/ubuntu/ws/uestc-26rc-vision/ros2_ws/install/base/share/base/environment/path.dsv
-- Up-to-date: /home/ubuntu/ws/uestc-26rc-vision/ros2_ws/install/base/share/base/local_setup.bash
-- Up-to-date: /home/ubuntu/ws/uestc-26rc-vision/ros2_ws/install/base/share/base/local_setup.sh
-- Up-to-date: /home/ubuntu/ws/uestc-26rc-vision/ros2_ws/install/base/share/base/local_setup.zsh
-- Up-to-date: /home/ubuntu/ws/uestc-26rc-vision/ros2_ws/install/base/share/base/local_setup.dsv
-- Installing: /home/ubuntu/ws/uestc-26rc-vision/ros2_ws/install/base/share/base/package.dsv
-- Up-to-date: /home/ubuntu/ws/uestc-26rc-vision/ros2_ws/install/base/share/ament_index/resource_index/packages/base
-- Up-to-date: /home/ubuntu/ws/uestc-26rc-vision/ros2_ws/install/base/share/base/cmake/baseConfig.cmake
-- Up-to-date: /home/ubuntu/ws/uestc-26rc-vision/ros2_ws/install/base/share/base/cmake/baseConfig-version.cmake
-- Up-to-date: /home/ubuntu/ws/uestc-26rc-vision/ros2_ws/install/base/share/base/package.xml
