[0.061s] DEBUG:colcon:Command line arguments: ['/usr/bin/colcon', 'build', '--packages-select', 'base']
[0.061s] DEBUG:colcon:Parsed command line arguments: Namespace(log_base=None, log_level=None, verb_name='build', build_base='build', install_base='install', merge_install=False, symlink_install=False, test_result_base=None, continue_on_error=False, executor='parallel', parallel_workers=8, event_handlers=None, ignore_user_meta=False, metas=['./colcon.meta'], base_paths=['.'], packages_ignore=None, packages_ignore_regex=None, paths=None, packages_up_to=None, packages_up_to_regex=None, packages_above=None, packages_above_and_dependencies=None, packages_above_depth=None, packages_select_by_dep=None, packages_skip_by_dep=None, packages_skip_up_to=None, packages_select_build_failed=False, packages_skip_build_finished=False, packages_select_test_failures=False, packages_skip_test_passed=False, packages_select=['base'], packages_skip=None, packages_select_regex=None, packages_skip_regex=None, packages_start=None, packages_end=None, allow_overriding=[], cmake_args=None, cmake_target=None, cmake_target_skip_unavailable=False, cmake_clean_cache=False, cmake_clean_first=False, cmake_force_configure=False, ament_cmake_args=None, catkin_cmake_args=None, catkin_skip_building_tests=False, verb_parser=<colcon_defaults.argument_parser.defaults.DefaultArgumentsDecorator object at 0x747b402710a0>, verb_extension=<colcon_core.verb.build.BuildVerb object at 0x747b40270ec0>, main=<bound method BuildVerb.main of <colcon_core.verb.build.BuildVerb object at 0x747b40270ec0>>)
[0.085s] Level 1:colcon.colcon_core.package_discovery:discover_packages(colcon_meta) check parameters
[0.085s] Level 1:colcon.colcon_core.package_discovery:discover_packages(recursive) check parameters
[0.085s] Level 1:colcon.colcon_core.package_discovery:discover_packages(ignore) check parameters
[0.085s] Level 1:colcon.colcon_core.package_discovery:discover_packages(path) check parameters
[0.085s] Level 1:colcon.colcon_core.package_discovery:discover_packages(colcon_meta) discover
[0.085s] Level 1:colcon.colcon_core.package_discovery:discover_packages(recursive) discover
[0.085s] INFO:colcon.colcon_core.package_discovery:Crawling recursively for packages in '/home/ubuntu/ws/uestc-26rc-vision/ros2_ws'
[0.085s] Level 1:colcon.colcon_core.package_identification:_identify(.) by extensions ['ignore', 'ignore_ament_install']
[0.085s] Level 1:colcon.colcon_core.package_identification:_identify(.) by extension 'ignore'
[0.085s] Level 1:colcon.colcon_core.package_identification:_identify(.) by extension 'ignore_ament_install'
[0.085s] Level 1:colcon.colcon_core.package_identification:_identify(.) by extensions ['colcon_pkg']
[0.085s] Level 1:colcon.colcon_core.package_identification:_identify(.) by extension 'colcon_pkg'
[0.085s] Level 1:colcon.colcon_core.package_identification:_identify(.) by extensions ['colcon_meta']
[0.085s] Level 1:colcon.colcon_core.package_identification:_identify(.) by extension 'colcon_meta'
[0.085s] Level 1:colcon.colcon_core.package_identification:_identify(.) by extensions ['ros']
[0.085s] Level 1:colcon.colcon_core.package_identification:_identify(.) by extension 'ros'
[0.101s] Level 1:colcon.colcon_core.package_identification:_identify(.) by extensions ['cmake', 'python']
[0.102s] Level 1:colcon.colcon_core.package_identification:_identify(.) by extension 'cmake'
[0.102s] Level 1:colcon.colcon_core.package_identification:_identify(.) by extension 'python'
[0.102s] Level 1:colcon.colcon_core.package_identification:_identify(.) by extensions ['python_setup_py']
[0.102s] Level 1:colcon.colcon_core.package_identification:_identify(.) by extension 'python_setup_py'
[0.102s] Level 1:colcon.colcon_core.package_identification:_identify(build) by extensions ['ignore', 'ignore_ament_install']
[0.102s] Level 1:colcon.colcon_core.package_identification:_identify(build) by extension 'ignore'
[0.102s] Level 1:colcon.colcon_core.package_identification:_identify(build) ignored
[0.102s] Level 1:colcon.colcon_core.package_identification:_identify(install) by extensions ['ignore', 'ignore_ament_install']
[0.102s] Level 1:colcon.colcon_core.package_identification:_identify(install) by extension 'ignore'
[0.102s] Level 1:colcon.colcon_core.package_identification:_identify(install) ignored
[0.102s] Level 1:colcon.colcon_core.package_identification:_identify(log) by extensions ['ignore', 'ignore_ament_install']
[0.102s] Level 1:colcon.colcon_core.package_identification:_identify(log) by extension 'ignore'
[0.102s] Level 1:colcon.colcon_core.package_identification:_identify(log) ignored
[0.102s] Level 1:colcon.colcon_core.package_identification:_identify(src) by extensions ['ignore', 'ignore_ament_install']
[0.102s] Level 1:colcon.colcon_core.package_identification:_identify(src) by extension 'ignore'
[0.102s] Level 1:colcon.colcon_core.package_identification:_identify(src) by extension 'ignore_ament_install'
[0.102s] Level 1:colcon.colcon_core.package_identification:_identify(src) by extensions ['colcon_pkg']
[0.102s] Level 1:colcon.colcon_core.package_identification:_identify(src) by extension 'colcon_pkg'
[0.102s] Level 1:colcon.colcon_core.package_identification:_identify(src) by extensions ['colcon_meta']
[0.102s] Level 1:colcon.colcon_core.package_identification:_identify(src) by extension 'colcon_meta'
[0.103s] Level 1:colcon.colcon_core.package_identification:_identify(src) by extensions ['ros']
[0.103s] Level 1:colcon.colcon_core.package_identification:_identify(src) by extension 'ros'
[0.103s] Level 1:colcon.colcon_core.package_identification:_identify(src) by extensions ['cmake', 'python']
[0.103s] Level 1:colcon.colcon_core.package_identification:_identify(src) by extension 'cmake'
[0.103s] Level 1:colcon.colcon_core.package_identification:_identify(src) by extension 'python'
[0.103s] Level 1:colcon.colcon_core.package_identification:_identify(src) by extensions ['python_setup_py']
[0.103s] Level 1:colcon.colcon_core.package_identification:_identify(src) by extension 'python_setup_py'
[0.103s] Level 1:colcon.colcon_core.package_identification:_identify(src/base) by extensions ['ignore', 'ignore_ament_install']
[0.103s] Level 1:colcon.colcon_core.package_identification:_identify(src/base) by extension 'ignore'
[0.103s] Level 1:colcon.colcon_core.package_identification:_identify(src/base) by extension 'ignore_ament_install'
[0.103s] Level 1:colcon.colcon_core.package_identification:_identify(src/base) by extensions ['colcon_pkg']
[0.103s] Level 1:colcon.colcon_core.package_identification:_identify(src/base) by extension 'colcon_pkg'
[0.103s] Level 1:colcon.colcon_core.package_identification:_identify(src/base) by extensions ['colcon_meta']
[0.103s] Level 1:colcon.colcon_core.package_identification:_identify(src/base) by extension 'colcon_meta'
[0.103s] Level 1:colcon.colcon_core.package_identification:_identify(src/base) by extensions ['ros']
[0.103s] Level 1:colcon.colcon_core.package_identification:_identify(src/base) by extension 'ros'
[0.105s] DEBUG:colcon.colcon_core.package_identification:Package 'src/base' with type 'ros.ament_cmake' and name 'base'
[0.105s] Level 1:colcon.colcon_core.package_identification:_identify(src/serial) by extensions ['ignore', 'ignore_ament_install']
[0.105s] Level 1:colcon.colcon_core.package_identification:_identify(src/serial) by extension 'ignore'
[0.105s] Level 1:colcon.colcon_core.package_identification:_identify(src/serial) by extension 'ignore_ament_install'
[0.105s] Level 1:colcon.colcon_core.package_identification:_identify(src/serial) by extensions ['colcon_pkg']
[0.105s] Level 1:colcon.colcon_core.package_identification:_identify(src/serial) by extension 'colcon_pkg'
[0.106s] Level 1:colcon.colcon_core.package_identification:_identify(src/serial) by extensions ['colcon_meta']
[0.106s] Level 1:colcon.colcon_core.package_identification:_identify(src/serial) by extension 'colcon_meta'
[0.106s] Level 1:colcon.colcon_core.package_identification:_identify(src/serial) by extensions ['ros']
[0.106s] Level 1:colcon.colcon_core.package_identification:_identify(src/serial) by extension 'ros'
[0.106s] DEBUG:colcon.colcon_core.package_identification:Package 'src/serial' with type 'ros.ament_cmake' and name 'serial'
[0.106s] Level 1:colcon.colcon_core.package_discovery:discover_packages(recursive) using defaults
[0.106s] Level 1:colcon.colcon_core.package_discovery:discover_packages(ignore) discover
[0.106s] Level 1:colcon.colcon_core.package_discovery:discover_packages(ignore) using defaults
[0.106s] Level 1:colcon.colcon_core.package_discovery:discover_packages(path) discover
[0.106s] Level 1:colcon.colcon_core.package_discovery:discover_packages(path) using defaults
[0.118s] INFO:colcon.colcon_core.package_selection:Skipping not selected package 'serial' in 'src/serial'
[0.118s] Level 1:colcon.colcon_core.package_discovery:discover_packages(prefix_path) check parameters
[0.118s] Level 1:colcon.colcon_core.package_discovery:discover_packages(prefix_path) discover
[0.119s] DEBUG:colcon.colcon_installed_package_information.package_discovery:Found 1 installed packages in /home/ubuntu/ws/uestc-26rc-vision/ros2_ws/install
[0.120s] DEBUG:colcon.colcon_installed_package_information.package_discovery:Found 287 installed packages in /opt/ros/jazzy
[0.120s] Level 1:colcon.colcon_core.package_discovery:discover_packages(prefix_path) using defaults
[0.148s] Level 5:colcon.colcon_core.verb:set package 'base' build argument 'cmake_args' from command line to 'None'
[0.149s] Level 5:colcon.colcon_core.verb:set package 'base' build argument 'cmake_target' from command line to 'None'
[0.149s] Level 5:colcon.colcon_core.verb:set package 'base' build argument 'cmake_target_skip_unavailable' from command line to 'False'
[0.149s] Level 5:colcon.colcon_core.verb:set package 'base' build argument 'cmake_clean_cache' from command line to 'False'
[0.149s] Level 5:colcon.colcon_core.verb:set package 'base' build argument 'cmake_clean_first' from command line to 'False'
[0.149s] Level 5:colcon.colcon_core.verb:set package 'base' build argument 'cmake_force_configure' from command line to 'False'
[0.149s] Level 5:colcon.colcon_core.verb:set package 'base' build argument 'ament_cmake_args' from command line to 'None'
[0.149s] Level 5:colcon.colcon_core.verb:set package 'base' build argument 'catkin_cmake_args' from command line to 'None'
[0.149s] Level 5:colcon.colcon_core.verb:set package 'base' build argument 'catkin_skip_building_tests' from command line to 'False'
[0.149s] DEBUG:colcon.colcon_core.verb:Building package 'base' with the following arguments: {'ament_cmake_args': None, 'build_base': '/home/ubuntu/ws/uestc-26rc-vision/ros2_ws/build/base', 'catkin_cmake_args': None, 'catkin_skip_building_tests': False, 'cmake_args': None, 'cmake_clean_cache': False, 'cmake_clean_first': False, 'cmake_force_configure': False, 'cmake_target': None, 'cmake_target_skip_unavailable': False, 'install_base': '/home/ubuntu/ws/uestc-26rc-vision/ros2_ws/install/base', 'merge_install': False, 'path': '/home/ubuntu/ws/uestc-26rc-vision/ros2_ws/src/base', 'symlink_install': False, 'test_result_base': None}
[0.149s] INFO:colcon.colcon_core.executor:Executing jobs using 'parallel' executor
[0.150s] DEBUG:colcon.colcon_parallel_executor.executor.parallel:run_until_complete
[0.150s] INFO:colcon.colcon_ros.task.ament_cmake.build:Building ROS package in '/home/ubuntu/ws/uestc-26rc-vision/ros2_ws/src/base' with build type 'ament_cmake'
[0.150s] INFO:colcon.colcon_cmake.task.cmake.build:Building CMake package in '/home/ubuntu/ws/uestc-26rc-vision/ros2_ws/src/base'
[0.151s] INFO:colcon.colcon_core.plugin_system:Skipping extension 'colcon_core.shell.bat': Not used on non-Windows systems
[0.151s] INFO:colcon.colcon_core.shell:Skip shell extension 'powershell' for command environment: Not usable outside of PowerShell
[0.151s] DEBUG:colcon.colcon_core.shell:Skip shell extension 'dsv' for command environment
[0.157s] DEBUG:colcon.colcon_core.event_handler.log_command:Invoking command in '/home/ubuntu/ws/uestc-26rc-vision/ros2_ws/build/base': CMAKE_PREFIX_PATH=${CMAKE_PREFIX_PATH}:/opt/ros/jazzy DEBUGINFOD_URLS=https://debuginfod.ubuntu.com /usr/bin/cmake /home/ubuntu/ws/uestc-26rc-vision/ros2_ws/src/base -DCMAKE_INSTALL_PREFIX=/home/ubuntu/ws/uestc-26rc-vision/ros2_ws/install/base
[0.889s] DEBUG:colcon.colcon_core.event_handler.log_command:Invoked command in '/home/ubuntu/ws/uestc-26rc-vision/ros2_ws/build/base' returned '0': CMAKE_PREFIX_PATH=${CMAKE_PREFIX_PATH}:/opt/ros/jazzy DEBUGINFOD_URLS=https://debuginfod.ubuntu.com /usr/bin/cmake /home/ubuntu/ws/uestc-26rc-vision/ros2_ws/src/base -DCMAKE_INSTALL_PREFIX=/home/ubuntu/ws/uestc-26rc-vision/ros2_ws/install/base
[0.890s] DEBUG:colcon.colcon_core.event_handler.log_command:Invoking command in '/home/ubuntu/ws/uestc-26rc-vision/ros2_ws/build/base': CMAKE_PREFIX_PATH=${CMAKE_PREFIX_PATH}:/opt/ros/jazzy DEBUGINFOD_URLS=https://debuginfod.ubuntu.com /usr/bin/cmake --build /home/ubuntu/ws/uestc-26rc-vision/ros2_ws/build/base -- -j8 -l8
[5.935s] DEBUG:colcon.colcon_core.event_handler.log_command:Invoked command in '/home/ubuntu/ws/uestc-26rc-vision/ros2_ws/build/base' returned '0': CMAKE_PREFIX_PATH=${CMAKE_PREFIX_PATH}:/opt/ros/jazzy DEBUGINFOD_URLS=https://debuginfod.ubuntu.com /usr/bin/cmake --build /home/ubuntu/ws/uestc-26rc-vision/ros2_ws/build/base -- -j8 -l8
[5.941s] DEBUG:colcon.colcon_core.event_handler.log_command:Invoking command in '/home/ubuntu/ws/uestc-26rc-vision/ros2_ws/build/base': CMAKE_PREFIX_PATH=${CMAKE_PREFIX_PATH}:/opt/ros/jazzy DEBUGINFOD_URLS=https://debuginfod.ubuntu.com /usr/bin/cmake --install /home/ubuntu/ws/uestc-26rc-vision/ros2_ws/build/base
[5.951s] Level 1:colcon.colcon_core.environment:create_environment_scripts_only(base)
[5.951s] DEBUG:colcon.colcon_core.event_handler.log_command:Invoked command in '/home/ubuntu/ws/uestc-26rc-vision/ros2_ws/build/base' returned '0': CMAKE_PREFIX_PATH=${CMAKE_PREFIX_PATH}:/opt/ros/jazzy DEBUGINFOD_URLS=https://debuginfod.ubuntu.com /usr/bin/cmake --install /home/ubuntu/ws/uestc-26rc-vision/ros2_ws/build/base
[5.952s] Level 1:colcon.colcon_core.environment:checking '/home/ubuntu/ws/uestc-26rc-vision/ros2_ws/install/base' for CMake module files
[5.953s] Level 1:colcon.colcon_core.environment:checking '/home/ubuntu/ws/uestc-26rc-vision/ros2_ws/install/base' for CMake config files
[5.953s] Level 1:colcon.colcon_core.shell:create_environment_hook('base', 'cmake_prefix_path')
[5.953s] INFO:colcon.colcon_core.shell:Creating environment hook '/home/ubuntu/ws/uestc-26rc-vision/ros2_ws/install/base/share/base/hook/cmake_prefix_path.ps1'
[5.953s] INFO:colcon.colcon_core.shell:Creating environment descriptor '/home/ubuntu/ws/uestc-26rc-vision/ros2_ws/install/base/share/base/hook/cmake_prefix_path.dsv'
[5.954s] INFO:colcon.colcon_core.shell:Creating environment hook '/home/ubuntu/ws/uestc-26rc-vision/ros2_ws/install/base/share/base/hook/cmake_prefix_path.sh'
[5.954s] Level 1:colcon.colcon_core.environment:checking '/home/ubuntu/ws/uestc-26rc-vision/ros2_ws/install/base/lib'
[5.954s] Level 1:colcon.colcon_core.environment:checking '/home/ubuntu/ws/uestc-26rc-vision/ros2_ws/install/base/bin'
[5.954s] Level 1:colcon.colcon_core.environment:checking '/home/ubuntu/ws/uestc-26rc-vision/ros2_ws/install/base/lib/pkgconfig/base.pc'
[5.955s] Level 1:colcon.colcon_core.environment:checking '/home/ubuntu/ws/uestc-26rc-vision/ros2_ws/install/base/lib/python3.12/site-packages'
[5.955s] Level 1:colcon.colcon_core.environment:checking '/home/ubuntu/ws/uestc-26rc-vision/ros2_ws/install/base/bin'
[5.955s] INFO:colcon.colcon_core.shell:Creating package script '/home/ubuntu/ws/uestc-26rc-vision/ros2_ws/install/base/share/base/package.ps1'
[5.956s] INFO:colcon.colcon_core.shell:Creating package descriptor '/home/ubuntu/ws/uestc-26rc-vision/ros2_ws/install/base/share/base/package.dsv'
[5.956s] INFO:colcon.colcon_core.shell:Creating package script '/home/ubuntu/ws/uestc-26rc-vision/ros2_ws/install/base/share/base/package.sh'
[5.956s] INFO:colcon.colcon_core.shell:Creating package script '/home/ubuntu/ws/uestc-26rc-vision/ros2_ws/install/base/share/base/package.bash'
[5.957s] INFO:colcon.colcon_core.shell:Creating package script '/home/ubuntu/ws/uestc-26rc-vision/ros2_ws/install/base/share/base/package.zsh'
[5.957s] Level 1:colcon.colcon_core.environment:create_file_with_runtime_dependencies(/home/ubuntu/ws/uestc-26rc-vision/ros2_ws/install/base/share/colcon-core/packages/base)
[5.957s] Level 1:colcon.colcon_core.environment:create_environment_scripts_only(base)
[5.957s] Level 1:colcon.colcon_core.environment:checking '/home/ubuntu/ws/uestc-26rc-vision/ros2_ws/install/base' for CMake module files
[5.958s] Level 1:colcon.colcon_core.environment:checking '/home/ubuntu/ws/uestc-26rc-vision/ros2_ws/install/base' for CMake config files
[5.958s] Level 1:colcon.colcon_core.shell:create_environment_hook('base', 'cmake_prefix_path')
[5.958s] INFO:colcon.colcon_core.shell:Creating environment hook '/home/ubuntu/ws/uestc-26rc-vision/ros2_ws/install/base/share/base/hook/cmake_prefix_path.ps1'
[5.958s] INFO:colcon.colcon_core.shell:Creating environment descriptor '/home/ubuntu/ws/uestc-26rc-vision/ros2_ws/install/base/share/base/hook/cmake_prefix_path.dsv'
[5.958s] INFO:colcon.colcon_core.shell:Creating environment hook '/home/ubuntu/ws/uestc-26rc-vision/ros2_ws/install/base/share/base/hook/cmake_prefix_path.sh'
[5.959s] Level 1:colcon.colcon_core.environment:checking '/home/ubuntu/ws/uestc-26rc-vision/ros2_ws/install/base/lib'
[5.959s] Level 1:colcon.colcon_core.environment:checking '/home/ubuntu/ws/uestc-26rc-vision/ros2_ws/install/base/bin'
[5.959s] Level 1:colcon.colcon_core.environment:checking '/home/ubuntu/ws/uestc-26rc-vision/ros2_ws/install/base/lib/pkgconfig/base.pc'
[5.959s] Level 1:colcon.colcon_core.environment:checking '/home/ubuntu/ws/uestc-26rc-vision/ros2_ws/install/base/lib/python3.12/site-packages'
[5.959s] Level 1:colcon.colcon_core.environment:checking '/home/ubuntu/ws/uestc-26rc-vision/ros2_ws/install/base/bin'
[5.959s] INFO:colcon.colcon_core.shell:Creating package script '/home/ubuntu/ws/uestc-26rc-vision/ros2_ws/install/base/share/base/package.ps1'
[5.960s] INFO:colcon.colcon_core.shell:Creating package descriptor '/home/ubuntu/ws/uestc-26rc-vision/ros2_ws/install/base/share/base/package.dsv'
[5.960s] INFO:colcon.colcon_core.shell:Creating package script '/home/ubuntu/ws/uestc-26rc-vision/ros2_ws/install/base/share/base/package.sh'
[5.960s] INFO:colcon.colcon_core.shell:Creating package script '/home/ubuntu/ws/uestc-26rc-vision/ros2_ws/install/base/share/base/package.bash'
[5.960s] INFO:colcon.colcon_core.shell:Creating package script '/home/ubuntu/ws/uestc-26rc-vision/ros2_ws/install/base/share/base/package.zsh'
[5.961s] Level 1:colcon.colcon_core.environment:create_file_with_runtime_dependencies(/home/ubuntu/ws/uestc-26rc-vision/ros2_ws/install/base/share/colcon-core/packages/base)
[5.961s] DEBUG:colcon.colcon_parallel_executor.executor.parallel:closing loop
[5.961s] DEBUG:colcon.colcon_parallel_executor.executor.parallel:loop closed
[5.961s] DEBUG:colcon.colcon_parallel_executor.executor.parallel:run_until_complete finished with '0'
[5.961s] DEBUG:colcon.colcon_core.event_reactor:joining thread
[5.961s] DEBUG:colcon.colcon_core.event_reactor:joined thread
[5.962s] INFO:colcon.colcon_core.shell:Creating prefix script '/home/ubuntu/ws/uestc-26rc-vision/ros2_ws/install/local_setup.ps1'
[5.962s] INFO:colcon.colcon_core.shell:Creating prefix util module '/home/ubuntu/ws/uestc-26rc-vision/ros2_ws/install/_local_setup_util_ps1.py'
[5.963s] INFO:colcon.colcon_core.shell:Creating prefix chain script '/home/ubuntu/ws/uestc-26rc-vision/ros2_ws/install/setup.ps1'
[5.963s] INFO:colcon.colcon_core.shell:Creating prefix script '/home/ubuntu/ws/uestc-26rc-vision/ros2_ws/install/local_setup.sh'
[5.964s] INFO:colcon.colcon_core.shell:Creating prefix util module '/home/ubuntu/ws/uestc-26rc-vision/ros2_ws/install/_local_setup_util_sh.py'
[5.964s] INFO:colcon.colcon_core.shell:Creating prefix chain script '/home/ubuntu/ws/uestc-26rc-vision/ros2_ws/install/setup.sh'
[5.964s] INFO:colcon.colcon_core.shell:Creating prefix script '/home/ubuntu/ws/uestc-26rc-vision/ros2_ws/install/local_setup.bash'
[5.965s] INFO:colcon.colcon_core.shell:Creating prefix chain script '/home/ubuntu/ws/uestc-26rc-vision/ros2_ws/install/setup.bash'
[5.965s] INFO:colcon.colcon_core.shell:Creating prefix script '/home/ubuntu/ws/uestc-26rc-vision/ros2_ws/install/local_setup.zsh'
[5.965s] INFO:colcon.colcon_core.shell:Creating prefix chain script '/home/ubuntu/ws/uestc-26rc-vision/ros2_ws/install/setup.zsh'
